C51 COMPILER V9.54   MAIN                                                                  02/19/2025 14:05:04 PAGE 1   


C51 COMPILER V9.54, COMPILATION OF MODULE MAIN
OBJECT MODULE PLACED IN .\Objects\main.obj
COMPILER INVOKED BY: D:\Keil5\C51\BIN\C51.EXE main.c OPTIMIZE(8,SPEED) BROWSE INCDIR(..\Driver) DEBUG OBJECTEXTEND PRINT
                    -(.\Listings\main.lst) TABS(2) OBJECT(.\Objects\main.obj)

line level    source

   1          /*头文件声明区*/
   2          #include <STC15F2K60S2.H>
   3          #include <Key.h>
   4          #include <Seg.h>
   5          #include <Init.h>
   6          #include <Led.h>
   7          #include <onewire.h>
   8          #include <ds1302.h>
   9          
  10          /*变量声明区*/
  11          unsigned char Key_Val,Key_Down,Key_Up,Key_Old;//按键专用变量
  12          unsigned char Key_Slow_Down;//按键减速专用变量
  13          unsigned char Seg_Buf[8] = {10,10,10,10,10,10,10,10};//数码管显示数据存放数组
  14          unsigned char Seg_Point[8] = {0,0,0,0,0,0,0,0};//数码管小数点数据存放数组
  15          unsigned char Seg_Pos;//数码管扫描专用变量
  16          unsigned int Seg_Slow_Down;//数码管减速专用变量
  17          unsigned char ucLed[8] = {0,0,0,0,0,0,0,0};//Led显示数据存放数组
  18          unsigned char Seg_Disp_Mode;
  19          float T = 23.5;
  20          unsigned char T_p = 23;
  21          unsigned char time[3] = {0x23,0x59,0x52};
  22          bit time_Mode;
  23          bit Relay_Mode;
  24          unsigned int Timer_5000Ms;
  25          bit Alarm_Flag;
  26          unsigned char Timer_100Ms;
  27          bit L3_Star_Flag;
  28          
  29          /*按键处理函数*/
  30          void Key_Proc()
  31          {
  32   1        if(Key_Slow_Down) return;
  33   1        Key_Slow_Down = 1;//按键减速程序
  34   1        
  35   1        Key_Val = Key_Read();//实时读取键码值
  36   1        Key_Down = Key_Val & (Key_Old ^ Key_Val);//捕捉按键下降沿
  37   1        Key_Up = ~Key_Val & (Key_Old ^ Key_Val);//捕捉按键上升沿
  38   1        Key_Old = Key_Val;//辅助扫描变量
  39   1        
  40   1        if(Seg_Disp_Mode == 1)
  41   1        {
  42   2          if(Key_Old == 17) time_Mode = 1;
  43   2          else time_Mode = 0;
  44   2        }
  45   1        
  46   1        switch(Key_Down)
  47   1        {
  48   2          case 12:
  49   2            if(++Seg_Disp_Mode == 3) Seg_Disp_Mode = 0;
  50   2          break;
  51   2      
  52   2          case 16:
  53   2            if(Seg_Disp_Mode == 2)
  54   2            {
C51 COMPILER V9.54   MAIN                                                                  02/19/2025 14:05:04 PAGE 2   

  55   3              if(++T_p == 100) T_p = 99;  
  56   3            }
  57   2          break;
  58   2            
  59   2          case 17:
  60   2            if(Seg_Disp_Mode == 2)
  61   2            {
  62   3              if(--T_p == 9) T_p = 10;  
  63   3            }
  64   2          break;
  65   2            
  66   2          case 13:
  67   2            Relay_Mode ^= 1;
  68   2          break;
  69   2        }
  70   1        
  71   1        
  72   1      }
  73          
  74          /*信息处理函数*/
  75          void Seg_Proc()
  76          {
  77   1        if(Seg_Slow_Down) return;
  78   1        Seg_Slow_Down = 1;//数码管减速程序
  79   1        
  80   1        T = read_t();
  81   1        Read_Rtc(time);
  82   1        
  83   1        switch(Seg_Disp_Mode)
  84   1        {
  85   2          case 0://温度显示
  86   2            Seg_Buf[0] = 11;
  87   2            Seg_Buf[1] = 1;
  88   2            Seg_Buf[5] = (unsigned char)T / 10 % 10;
  89   2            Seg_Buf[6] = (unsigned char)T / 1 % 10;
  90   2            Seg_Buf[7] = (unsigned int)(T*10) % 10;
  91   2            Seg_Point[6] = 1;
  92   2          break;
  93   2          
  94   2          case 1://时间显示
  95   2            Seg_Point[6] = 0;
  96   2            if(time_Mode == 0)
  97   2            {
  98   3              Seg_Buf[0] = 11;
  99   3              Seg_Buf[1] = 2;
 100   3              Seg_Buf[3] = time[0] / 16 % 16;
 101   3              Seg_Buf[4] = time[0] / 1 % 16;
 102   3              Seg_Buf[5] = 12;
 103   3              Seg_Buf[6] = time[1] / 16 % 16;
 104   3              Seg_Buf[7] = time[1] / 1 % 16;  
 105   3            }
 106   2            else
 107   2            {
 108   3              Seg_Buf[0] = 11;
 109   3              Seg_Buf[1] = 2;
 110   3              Seg_Buf[3] = time[1] / 16 % 16;
 111   3              Seg_Buf[4] = time[1] / 1 % 16;
 112   3              Seg_Buf[5] = 12;
 113   3              Seg_Buf[6] = time[2] / 16 % 16;
 114   3              Seg_Buf[7] = time[2] / 1 % 16;  
 115   3            }       
 116   2          break;
C51 COMPILER V9.54   MAIN                                                                  02/19/2025 14:05:04 PAGE 3   

 117   2          
 118   2          case 2://参数设置
 119   2              Seg_Buf[0] = 11;
 120   2              Seg_Buf[1] = 3;
 121   2              Seg_Buf[3] = 10;
 122   2              Seg_Buf[4] = 10;
 123   2              Seg_Buf[5] = 10;
 124   2              Seg_Buf[6] = T_p / 10 % 10;
 125   2              Seg_Buf[7] = T_p % 10;
 126   2          break;
 127   2        }
 128   1        
 129   1      }
 130          
 131          /*其他显示函数*/
 132          void Led_Proc()
 133          {
 134   1        /*继电器*/
 135   1        if(Relay_Mode == 0)//温度控制
 136   1        {
 137   2          if(T > T_p)
 138   2          {
 139   3            ucLed[0] = 1;
 140   3            Relay(1);   
 141   3          }
 142   2          else
 143   2          {
 144   3            ucLed[0] = 0;
 145   3            Relay(0);   
 146   3          }
 147   2        }
 148   1        else//时间控制
 149   1        {
 150   2          if((time[1] == 0)&&(time[2] == 0)) Alarm_Flag = 1;
 151   2          if(Alarm_Flag == 1)
 152   2          {
 153   3            ucLed[2] = L3_Star_Flag?1:0;
 154   3            ucLed[0] = 1;
 155   3            Relay(1);   
 156   3          }
 157   2          else
 158   2          {
 159   3            ucLed[2] = 0;
 160   3            ucLed[0] = 0;
 161   3            Relay(0); 
 162   3          }
 163   2        }
 164   1        
 165   1        /*Led*/
 166   1        if(Relay_Mode == 0)
 167   1          ucLed[1] = 1;
 168   1        else
 169   1          ucLed[1] = 0;
 170   1      }
 171          
 172          /*定时器0中断初始化函数*/
 173          void Timer0Init(void)   //1毫秒@12.000MHz
 174          {
 175   1        AUXR &= 0x7F;     //定时器时钟12T模式
 176   1        TMOD &= 0xF0;     //设置定时器模式
 177   1        TL0 = 0x18;       //设置定时初始值
 178   1        TH0 = 0xFC;       //设置定时初始值
C51 COMPILER V9.54   MAIN                                                                  02/19/2025 14:05:04 PAGE 4   

 179   1        TF0 = 0;        //清除TF0标志
 180   1        TR0 = 1;        //定时器0开始计时
 181   1        ET0 = 1;        //定时器0中断打开
 182   1        EA = 1;       //总中断打开
 183   1      }
 184          
 185          /*定时器0中断服务函数*/
 186          void Timer0Server() interrupt 1
 187          {
 188   1        if(++Key_Slow_Down == 10) Key_Slow_Down = 0;//按键减速专用
 189   1        if(++Seg_Slow_Down == 500) Seg_Slow_Down = 0;//数码管减速专用
 190   1        if(++Seg_Pos == 8) Seg_Pos = 0;//数码管显示专用
 191   1        Seg_Disp(Seg_Pos,Seg_Buf[Seg_Pos],Seg_Point[Seg_Pos]);
 192   1        Led_Disp(Seg_Pos,ucLed[Seg_Pos]);
 193   1      
 194   1        if(Alarm_Flag) Timer_5000Ms++;
 195   1        else Timer_5000Ms = 0;
 196   1        if(Timer_5000Ms == 5000)
 197   1          {
 198   2            Timer_5000Ms = 0;
 199   2            Alarm_Flag = 0;
 200   2          }
 201   1          
 202   1        if(++Timer_100Ms == 100)
 203   1        {
 204   2          Timer_100Ms = 0;
 205   2          L3_Star_Flag ^= 1;
 206   2        }
 207   1      }
 208          
 209          void Delay750ms(void) //@12.000MHz
 210          {
 211   1        unsigned char data i, j, k;
 212   1        i = 35;
 213   1        j = 51;
 214   1        k = 182;
 215   1        do
 216   1        {
 217   2          do
 218   2          {
 219   3            while (--k);
 220   3          } while (--j);
 221   2        } while (--i);
 222   1      }
 223          
 224          
 225          /*Main*/
 226          void main()
 227          {
 228   1        read_t();
 229   1        Delay750ms();
 230   1        System_Init();
 231   1        Timer0Init();
 232   1        Set_Rtc(time);
 233   1        while(1)
 234   1        {
 235   2          Key_Proc();
 236   2          Seg_Proc();
 237   2          Led_Proc();
 238   2        }
 239   1      }

C51 COMPILER V9.54   MAIN                                                                  02/19/2025 14:05:04 PAGE 5   


MODULE INFORMATION:   STATIC OVERLAYABLE
   CODE SIZE        =    684    ----
   CONSTANT SIZE    =   ----    ----
   XDATA SIZE       =   ----    ----
   PDATA SIZE       =   ----    ----
   DATA SIZE        =     44    ----
   IDATA SIZE       =   ----    ----
   BIT SIZE         =      4    ----
END OF MODULE INFORMATION.


C51 COMPILATION COMPLETE.  0 WARNING(S),  0 ERROR(S)
