BL51 BANKED LINKER/LOCATER V6.22                                                        02/19/2025  14:05:04  PAGE 1


BL51 BANKED LINKER/LOCATER V6.22, INVOKED BY:
D:\KEIL5\C51\BIN\BL51.EXE .\Objects\main.obj, .\Objects\Key.obj, .\Objects\Seg.obj, .\Objects\Init.obj, .\Objects\Led.ob
>> j, .\Objects\ds1302.obj, .\Objects\onewire.obj TO .\Objects\Model PRINT (.\Listings\Model.m51) RAMSIZE (256)


MEMORY MODEL: SMALL WITH FLOATING POINT ARITHMETIC


INPUT MODULES INCLUDED:
  .\Objects\main.obj (MAIN)
  .\Objects\Key.obj (KEY)
  .\Objects\Seg.obj (SEG)
  .\Objects\Init.obj (INIT)
  .\Objects\Led.obj (LED)
  .\Objects\ds1302.obj (DS1302)
  .\Objects\onewire.obj (ONEWIRE)
  D:\KEIL5\C51\LIB\C51FPS.LIB (?C?FPMUL)
  D:\KEIL5\C51\LIB\C51FPS.LIB (?C?FPDIV)
  D:\KEIL5\C51\LIB\C51FPS.LIB (?C?FPCMP)
  D:\KEIL5\C51\LIB\C51FPS.LIB (?C?FCAST)
  D:\KEIL5\C51\LIB\C51FPS.LIB (?C?CASTF)
  D:\KEIL5\C51\LIB\C51FPS.LIB (?C?FPGETOPN)
  D:\KEIL5\C51\LIB\C51S.LIB (?C_STARTUP)
  D:\KEIL5\C51\LIB\C51S.LIB (?C?CLDPTR)
  D:\KEIL5\C51\LIB\C51S.LIB (?C?CLDOPTR)
  D:\KEIL5\C51\LIB\C51S.LIB (?C?CSTPTR)
  D:\KEIL5\C51\LIB\C51S.LIB (?C?CSTOPTR)
  D:\KEIL5\C51\LIB\C51S.LIB (?C?UIDIV)
  D:\KEIL5\C51\LIB\C51S.LIB (?C?LNEG)
  D:\KEIL5\C51\LIB\C51S.LIB (?C_INIT)


LINK MAP OF MODULE:  .\Objects\Model (MAIN)


            TYPE    BASE      LENGTH    RELOCATION   SEGMENT NAME
            -----------------------------------------------------

            * * * * * * *   D A T A   M E M O R Y   * * * * * * *
            REG     0000H     0008H     ABSOLUTE     "REG BANK 0"
            DATA    0008H     0015H     UNIT         ?DT?SEG
                    001DH     0003H                  *** GAP ***
            BIT     0020H.0   0000H.4   UNIT         ?BI?MAIN
            BIT     0020H.4   0000H.1   UNIT         _BIT_GROUP_
                    0020H.5   0000H.3                *** GAP ***
            DATA    0021H     002CH     UNIT         ?DT?MAIN
            DATA    004DH     0006H     UNIT         ?DT?LED
            IDATA   0053H     0001H     UNIT         ?STACK

            * * * * * * *   C O D E   M E M O R Y   * * * * * * *
            CODE    0000H     0003H     ABSOLUTE     
                    0003H     0008H                  *** GAP ***
            CODE    000BH     0003H     ABSOLUTE     
            CODE    000EH     03BBH     UNIT         ?C?LIB_CODE
            CODE    03C9H     00EDH     UNIT         ?PR?SEG_PROC?MAIN
            CODE    04B6H     00BCH     UNIT         ?PR?TIMER0SERVER?MAIN
            CODE    0572H     008CH     UNIT         ?C_C51STARTUP
            CODE    05FEH     0073H     UNIT         ?PR?KEY_READ?KEY
BL51 BANKED LINKER/LOCATER V6.22                                                      02/19/2025  14:05:04  PAGE 2


            CODE    0671H     0071H     UNIT         ?PR?KEY_PROC?MAIN
            CODE    06E2H     0058H     UNIT         ?C_INITSEG
            CODE    073AH     0050H     UNIT         ?PR?LED_PROC?MAIN
            CODE    078AH     0042H     UNIT         ?PR?_SEG_DISP?SEG
            CODE    07CCH     003BH     UNIT         ?PR?_LED_DISP?LED
            CODE    0807H     0035H     UNIT         ?PR?READ_T?ONEWIRE
            CODE    083CH     0034H     UNIT         ?PR?_READ_DS1302_BYTE?DS1302
            CODE    0870H     002FH     UNIT         ?PR?_SET_RTC?DS1302
            CODE    089FH     0027H     UNIT         ?PR?INIT_DS18B20?ONEWIRE
            CODE    08C6H     0025H     UNIT         ?PR?_BEEP?LED
            CODE    08EBH     0025H     UNIT         ?PR?_RELAY?LED
            CODE    0910H     0021H     UNIT         ?PR?_READ_RTC?DS1302
            CODE    0931H     0020H     UNIT         ?PR?MAIN?MAIN
            CODE    0951H     001EH     UNIT         ?PR?_WRITE_DS18B20?ONEWIRE
            CODE    096FH     001DH     UNIT         ?PR?SYSTEM_INIT?INIT
            CODE    098CH     001AH     UNIT         ?PR?_DELAY_ONEWIRE?ONEWIRE
            CODE    09A6H     001AH     UNIT         ?PR?READ_DS18B20?ONEWIRE
            CODE    09C0H     0015H     UNIT         ?PR?TIMER0INIT?MAIN
            CODE    09D5H     0014H     UNIT         ?PR?_WRITE_DS1302_BYTE?DS1302
            CODE    09E9H     0013H     UNIT         ?PR?_WRITE_DS1302?DS1302
            CODE    09FCH     000DH     UNIT         ?PR?DELAY750MS?MAIN



OVERLAY MAP OF MODULE:   .\Objects\Model (MAIN)


SEGMENT                                  BIT_GROUP 
  +--> CALLED SEGMENT                 START    LENGTH
-----------------------------------------------------
?PR?TIMER0SERVER?MAIN                 -----    -----
  +--> ?PR?_SEG_DISP?SEG
  +--> ?PR?_LED_DISP?LED

*** NEW ROOT ***************************************************

?C_C51STARTUP                         -----    -----
  +--> ?PR?MAIN?MAIN
  +--> ?C_INITSEG

?PR?MAIN?MAIN                         -----    -----
  +--> ?PR?READ_T?ONEWIRE
  +--> ?PR?DELAY750MS?MAIN
  +--> ?PR?SYSTEM_INIT?INIT
  +--> ?PR?TIMER0INIT?MAIN
  +--> ?PR?_SET_RTC?DS1302
  +--> ?PR?KEY_PROC?MAIN
  +--> ?PR?SEG_PROC?MAIN
  +--> ?PR?LED_PROC?MAIN

?PR?READ_T?ONEWIRE                    -----    -----
  +--> ?PR?INIT_DS18B20?ONEWIRE
  +--> ?PR?_WRITE_DS18B20?ONEWIRE
  +--> ?PR?READ_DS18B20?ONEWIRE

?PR?INIT_DS18B20?ONEWIRE              0020H.4  0000H.1
  +--> ?PR?_DELAY_ONEWIRE?ONEWIRE
BL51 BANKED LINKER/LOCATER V6.22                                                      02/19/2025  14:05:04  PAGE 3



?PR?_WRITE_DS18B20?ONEWIRE            -----    -----
  +--> ?PR?_DELAY_ONEWIRE?ONEWIRE

?PR?READ_DS18B20?ONEWIRE              -----    -----
  +--> ?PR?_DELAY_ONEWIRE?ONEWIRE

?PR?_SET_RTC?DS1302                   -----    -----
  +--> ?PR?_WRITE_DS1302_BYTE?DS1302

?PR?_WRITE_DS1302_BYTE?DS1302         -----    -----
  +--> ?PR?_WRITE_DS1302?DS1302

?PR?KEY_PROC?MAIN                     -----    -----
  +--> ?PR?KEY_READ?KEY

?PR?SEG_PROC?MAIN                     -----    -----
  +--> ?PR?READ_T?ONEWIRE
  +--> ?PR?_READ_RTC?DS1302

?PR?_READ_RTC?DS1302                  -----    -----
  +--> ?PR?_READ_DS1302_BYTE?DS1302

?PR?_READ_DS1302_BYTE?DS1302          -----    -----
  +--> ?PR?_WRITE_DS1302?DS1302

?PR?LED_PROC?MAIN                     -----    -----
  +--> ?PR?_RELAY?LED



SYMBOL TABLE OF MODULE:  .\Objects\Model (MAIN)

  VALUE           TYPE          NAME
  ----------------------------------

  -------         MODULE        MAIN
  C:0000H         SYMBOL        _ICE_DUMMY_
  D:0080H         PUBLIC        P0
  D:0090H         PUBLIC        P1
  D:00A0H         PUBLIC        P2
  D:00B0H         PUBLIC        P3
  D:00C0H         PUBLIC        P4
  D:00C8H         PUBLIC        P5
  D:00E8H         PUBLIC        P6
  B:00A8H.7       PUBLIC        EA
  D:00F8H         PUBLIC        P7
  C:073AH         PUBLIC        Led_Proc
  D:0021H         PUBLIC        Seg_Point
  D:00A8H         PUBLIC        IE
  C:03C9H         PUBLIC        Seg_Proc
  B:0020H.0       PUBLIC        time_Mode
  D:00B8H         PUBLIC        IP
  D:0029H         PUBLIC        Seg_Buf
  C:0671H         PUBLIC        Key_Proc
  D:0031H         PUBLIC        Seg_Slow_Down
  D:0033H         PUBLIC        T_p
BL51 BANKED LINKER/LOCATER V6.22                                                      02/19/2025  14:05:04  PAGE 4


  D:00D8H         PUBLIC        CCON
  D:0034H         PUBLIC        Key_Down
  C:0931H         PUBLIC        main
  D:0035H         PUBLIC        Key_Old
  D:0036H         PUBLIC        Key_Slow_Down
  D:0037H         PUBLIC        Key_Val
  C:04B6H         PUBLIC        Timer0Server
  D:0038H         PUBLIC        time
  D:003BH         PUBLIC        Seg_Pos
  D:0098H         PUBLIC        SCON
  D:0089H         PUBLIC        TMOD
  D:0088H         PUBLIC        TCON
  D:003CH         PUBLIC        Timer_100Ms
  D:008EH         PUBLIC        AUXR
  B:00A8H.1       PUBLIC        ET0
  B:0088H.5       PUBLIC        TF0
  C:09C0H         PUBLIC        Timer0Init
  B:0020H.1       PUBLIC        Alarm_Flag
  D:008CH         PUBLIC        TH0
  D:003DH         PUBLIC        Key_Up
  D:008AH         PUBLIC        TL0
  D:003EH         PUBLIC        T
  B:0088H.4       PUBLIC        TR0
  B:0020H.2       PUBLIC        L3_Star_Flag
  B:0020H.3       PUBLIC        Relay_Mode
  D:0042H         PUBLIC        Timer_5000Ms
  D:0044H         PUBLIC        ucLed
  C:09FCH         PUBLIC        Delay750ms
  D:004CH         PUBLIC        Seg_Disp_Mode
  D:00D0H         PUBLIC        PSW
  -------         PROC          KEY_PROC
  C:0671H         LINE#         30
  C:0671H         LINE#         31
  C:0671H         LINE#         32
  C:0675H         LINE#         33
  C:0678H         LINE#         35
  C:067DH         LINE#         36
  C:0686H         LINE#         37
  C:068CH         LINE#         38
  C:068FH         LINE#         40
  C:0694H         LINE#         41
  C:0694H         LINE#         42
  C:069DH         LINE#         43
  C:069FH         LINE#         44
  C:069FH         LINE#         46
  C:06B0H         LINE#         47
  C:06B0H         LINE#         48
  C:06B0H         LINE#         49
  C:06BAH         LINE#         50
  C:06BBH         LINE#         52
  C:06BBH         LINE#         53
  C:06C1H         LINE#         54
  C:06C1H         LINE#         55
  C:06CBH         LINE#         56
  C:06CBH         LINE#         57
  C:06CCH         LINE#         59
  C:06CCH         LINE#         60
BL51 BANKED LINKER/LOCATER V6.22                                                      02/19/2025  14:05:04  PAGE 5


  C:06D1H         LINE#         61
  C:06D1H         LINE#         62
  C:06DBH         LINE#         63
  C:06DBH         LINE#         64
  C:06DCH         LINE#         66
  C:06DCH         LINE#         67
  C:06E1H         LINE#         68
  C:06E1H         LINE#         69
  C:06E1H         LINE#         72
  -------         ENDPROC       KEY_PROC
  -------         PROC          SEG_PROC
  C:03C9H         LINE#         75
  C:03C9H         LINE#         76
  C:03C9H         LINE#         77
  C:03D2H         LINE#         78
  C:03D8H         LINE#         80
  C:03E3H         LINE#         81
  C:03ECH         LINE#         83
  C:03FEH         LINE#         84
  C:03FEH         LINE#         85
  C:03FEH         LINE#         86
  C:0401H         LINE#         87
  C:0404H         LINE#         88
  C:041BH         LINE#         89
  C:0423H         LINE#         90
  C:0441H         LINE#         91
  C:0444H         LINE#         92
  C:0445H         LINE#         94
  C:0445H         LINE#         95
  C:0448H         LINE#         96
  C:044BH         LINE#         97
  C:044BH         LINE#         98
  C:044EH         LINE#         99
  C:0451H         LINE#         100
  C:0458H         LINE#         101
  C:045EH         LINE#         102
  C:0461H         LINE#         103
  C:0468H         LINE#         104
  C:046AH         LINE#         105
  C:046CH         LINE#         107
  C:046CH         LINE#         108
  C:046FH         LINE#         109
  C:0472H         LINE#         110
  C:0479H         LINE#         111
  C:047FH         LINE#         112
  C:0482H         LINE#         113
  C:0489H         LINE#         114
  C:048FH         LINE#         115
  C:048FH         LINE#         116
  C:0490H         LINE#         118
  C:0490H         LINE#         119
  C:0493H         LINE#         120
  C:0496H         LINE#         121
  C:0499H         LINE#         122
  C:049CH         LINE#         123
  C:049FH         LINE#         124
  C:04ACH         LINE#         125
BL51 BANKED LINKER/LOCATER V6.22                                                      02/19/2025  14:05:04  PAGE 6


  C:04B5H         LINE#         126
  C:04B5H         LINE#         127
  C:04B5H         LINE#         129
  -------         ENDPROC       SEG_PROC
  -------         PROC          LED_PROC
  C:073AH         LINE#         132
  C:073AH         LINE#         133
  C:073AH         LINE#         135
  C:073DH         LINE#         136
  C:073DH         LINE#         137
  C:0752H         LINE#         138
  C:0752H         LINE#         139
  C:0752H         LINE#         140
  C:0752H         LINE#         141
  C:0754H         LINE#         143
  C:0754H         LINE#         144
  C:0755H         LINE#         145
  C:0755H         LINE#         146
  C:0755H         LINE#         147
  C:0757H         LINE#         149
  C:0757H         LINE#         150
  C:0761H         LINE#         151
  C:0764H         LINE#         152
  C:0764H         LINE#         153
  C:076FH         LINE#         154
  C:0772H         LINE#         155
  C:0774H         LINE#         156
  C:0776H         LINE#         158
  C:0776H         LINE#         159
  C:0779H         LINE#         160
  C:077BH         LINE#         161
  C:077FH         LINE#         162
  C:077FH         LINE#         163
  C:077FH         LINE#         166
  C:0782H         LINE#         167
  C:0786H         LINE#         169
  C:0789H         LINE#         170
  -------         ENDPROC       LED_PROC
  -------         PROC          TIMER0INIT
  C:09C0H         LINE#         173
  C:09C0H         LINE#         174
  C:09C0H         LINE#         175
  C:09C3H         LINE#         176
  C:09C6H         LINE#         177
  C:09C9H         LINE#         178
  C:09CCH         LINE#         179
  C:09CEH         LINE#         180
  C:09D0H         LINE#         181
  C:09D2H         LINE#         182
  C:09D4H         LINE#         183
  -------         ENDPROC       TIMER0INIT
  -------         PROC          TIMER0SERVER
  C:04B6H         LINE#         186
  C:04D3H         LINE#         188
  C:04DDH         LINE#         189
  C:04F4H         LINE#         190
  C:04FEH         LINE#         191
BL51 BANKED LINKER/LOCATER V6.22                                                      02/19/2025  14:05:04  PAGE 7


  C:0515H         LINE#         192
  C:0523H         LINE#         194
  C:0530H         LINE#         195
  C:0536H         LINE#         196
  C:0540H         LINE#         197
  C:0540H         LINE#         198
  C:0546H         LINE#         199
  C:0548H         LINE#         200
  C:0548H         LINE#         202
  C:054FH         LINE#         203
  C:054FH         LINE#         204
  C:0552H         LINE#         205
  C:0557H         LINE#         206
  C:0557H         LINE#         207
  -------         ENDPROC       TIMER0SERVER
  -------         PROC          DELAY750MS
  -------         DO            
  D:0007H         SYMBOL        i
  D:0006H         SYMBOL        j
  D:0005H         SYMBOL        k
  -------         ENDDO         
  C:09FCH         LINE#         209
  C:09FCH         LINE#         210
  C:09FCH         LINE#         212
  C:09FEH         LINE#         213
  C:0A00H         LINE#         214
  C:0A02H         LINE#         216
  C:0A02H         LINE#         218
  C:0A02H         LINE#         219
  C:0A04H         LINE#         220
  C:0A06H         LINE#         221
  C:0A08H         LINE#         222
  -------         ENDPROC       DELAY750MS
  -------         PROC          MAIN
  C:0931H         LINE#         226
  C:0931H         LINE#         227
  C:0931H         LINE#         228
  C:0934H         LINE#         229
  C:0937H         LINE#         230
  C:093AH         LINE#         231
  C:093DH         LINE#         232
  C:0946H         LINE#         233
  C:0946H         LINE#         234
  C:0946H         LINE#         235
  C:0949H         LINE#         236
  C:094CH         LINE#         237
  C:094FH         LINE#         238
  -------         ENDPROC       MAIN
  -------         ENDMOD        MAIN

  -------         MODULE        KEY
  C:0000H         SYMBOL        _ICE_DUMMY_
  D:0080H         PUBLIC        P0
  D:0090H         PUBLIC        P1
  D:00A0H         PUBLIC        P2
  D:00B0H         PUBLIC        P3
  D:00C0H         PUBLIC        P4
BL51 BANKED LINKER/LOCATER V6.22                                                      02/19/2025  14:05:04  PAGE 8


  D:00C8H         PUBLIC        P5
  D:00E8H         PUBLIC        P6
  D:00F8H         PUBLIC        P7
  C:05FEH         PUBLIC        Key_Read
  D:00A8H         PUBLIC        IE
  D:00B8H         PUBLIC        IP
  D:00D8H         PUBLIC        CCON
  B:00B0H.0       PUBLIC        P30
  B:00B0H.1       PUBLIC        P31
  D:0098H         PUBLIC        SCON
  B:00B0H.2       PUBLIC        P32
  D:0088H         PUBLIC        TCON
  B:00C0H.2       PUBLIC        P42
  B:00B0H.3       PUBLIC        P33
  B:00B0H.4       PUBLIC        P34
  B:00C0H.4       PUBLIC        P44
  B:00B0H.5       PUBLIC        P35
  D:00D0H         PUBLIC        PSW
  -------         PROC          KEY_READ
  -------         DO            
  D:0007H         SYMBOL        temp
  -------         ENDDO         
  C:05FEH         LINE#         3
  C:05FEH         LINE#         4
  C:05FEH         LINE#         5
  C:0600H         LINE#         6
  C:0608H         LINE#         7
  C:060DH         LINE#         8
  C:0612H         LINE#         9
  C:0617H         LINE#         10
  C:061CH         LINE#         11
  C:0624H         LINE#         12
  C:0629H         LINE#         13
  C:062EH         LINE#         14
  C:0633H         LINE#         15
  C:0638H         LINE#         16
  C:0640H         LINE#         17
  C:0645H         LINE#         18
  C:064AH         LINE#         19
  C:064FH         LINE#         20
  C:0654H         LINE#         21
  C:065CH         LINE#         22
  C:0661H         LINE#         23
  C:0666H         LINE#         24
  C:066BH         LINE#         25
  C:0670H         LINE#         26
  C:0670H         LINE#         27
  -------         ENDPROC       KEY_READ
  -------         ENDMOD        KEY

  -------         MODULE        SEG
  C:0000H         SYMBOL        _ICE_DUMMY_
  D:0080H         PUBLIC        P0
  D:0090H         PUBLIC        P1
  D:00A0H         PUBLIC        P2
  D:00B0H         PUBLIC        P3
  D:00C0H         PUBLIC        P4
BL51 BANKED LINKER/LOCATER V6.22                                                      02/19/2025  14:05:04  PAGE 9


  D:00C8H         PUBLIC        P5
  D:00E8H         PUBLIC        P6
  D:00F8H         PUBLIC        P7
  D:00A8H         PUBLIC        IE
  C:078AH         PUBLIC        _Seg_Disp
  D:00B8H         PUBLIC        IP
  D:00D8H         PUBLIC        CCON
  D:0098H         PUBLIC        SCON
  D:0088H         PUBLIC        TCON
  D:0008H         PUBLIC        seg_dula
  D:0015H         PUBLIC        seg_wela
  D:00D0H         PUBLIC        PSW
  -------         PROC          _SEG_DISP
  D:0007H         SYMBOL        wela
  D:0004H         SYMBOL        dula
  D:0002H         SYMBOL        point
  C:078AH         LINE#         6
  C:078AH         LINE#         7
  C:078AH         LINE#         8
  C:078DH         LINE#         9
  C:0795H         LINE#         10
  C:0798H         LINE#         12
  C:079FH         LINE#         13
  C:07A7H         LINE#         14
  C:07AAH         LINE#         16
  C:07AEH         LINE#         17
  C:07B9H         LINE#         19
  C:07C0H         LINE#         20
  C:07C8H         LINE#         21
  C:07CBH         LINE#         22
  -------         ENDPROC       _SEG_DISP
  -------         ENDMOD        SEG

  -------         MODULE        INIT
  C:0000H         SYMBOL        _ICE_DUMMY_
  C:096FH         PUBLIC        System_Init
  D:0080H         PUBLIC        P0
  D:0090H         PUBLIC        P1
  D:00A0H         PUBLIC        P2
  D:00B0H         PUBLIC        P3
  D:00C0H         PUBLIC        P4
  D:00C8H         PUBLIC        P5
  D:00E8H         PUBLIC        P6
  D:00F8H         PUBLIC        P7
  D:00A8H         PUBLIC        IE
  D:00B8H         PUBLIC        IP
  D:00D8H         PUBLIC        CCON
  D:0098H         PUBLIC        SCON
  D:0088H         PUBLIC        TCON
  D:00D0H         PUBLIC        PSW
  -------         PROC          SYSTEM_INIT
  C:096FH         LINE#         3
  C:096FH         LINE#         4
  C:096FH         LINE#         5
  C:0972H         LINE#         6
  C:097AH         LINE#         7
  C:097DH         LINE#         9
BL51 BANKED LINKER/LOCATER V6.22                                                      02/19/2025  14:05:04  PAGE 10


  C:0980H         LINE#         10
  C:0988H         LINE#         11
  C:098BH         LINE#         12
  -------         ENDPROC       SYSTEM_INIT
  -------         ENDMOD        INIT

  -------         MODULE        LED
  C:0000H         SYMBOL        _ICE_DUMMY_
  C:08EBH         PUBLIC        _Relay
  D:0080H         PUBLIC        P0
  D:0090H         PUBLIC        P1
  D:00A0H         PUBLIC        P2
  D:00B0H         PUBLIC        P3
  D:00C0H         PUBLIC        P4
  D:00C8H         PUBLIC        P5
  D:00E8H         PUBLIC        P6
  D:00F8H         PUBLIC        P7
  C:07CCH         PUBLIC        _Led_Disp
  D:00A8H         PUBLIC        IE
  D:00B8H         PUBLIC        IP
  D:00D8H         PUBLIC        CCON
  D:0098H         PUBLIC        SCON
  D:0088H         PUBLIC        TCON
  D:00D0H         PUBLIC        PSW
  C:08C6H         PUBLIC        _Beep
  -------         PROC          _LED_DISP
  D:0007H         SYMBOL        addr
  D:0004H         SYMBOL        enable
  -------         DO            
  D:004DH         SYMBOL        temp
  D:004EH         SYMBOL        temp_old
  -------         ENDDO         
  C:07CCH         LINE#         3
  C:07CCH         LINE#         4
  C:07CCH         LINE#         7
  C:07D0H         LINE#         8
  C:07DFH         LINE#         10
  C:07EDH         LINE#         11
  C:07F3H         LINE#         12
  C:07F3H         LINE#         13
  C:07F8H         LINE#         14
  C:0800H         LINE#         15
  C:0803H         LINE#         16
  C:0806H         LINE#         17
  C:0806H         LINE#         18
  -------         ENDPROC       _LED_DISP
  -------         PROC          _BEEP
  D:0007H         SYMBOL        flag
  -------         DO            
  D:004FH         SYMBOL        temp
  D:0050H         SYMBOL        temp_old
  -------         ENDDO         
  C:08C6H         LINE#         20
  C:08C6H         LINE#         21
  C:08C6H         LINE#         24
  C:08C9H         LINE#         25
  C:08CEH         LINE#         27
BL51 BANKED LINKER/LOCATER V6.22                                                      02/19/2025  14:05:04  PAGE 11


  C:08D1H         LINE#         28
  C:08D7H         LINE#         29
  C:08D7H         LINE#         30
  C:08DCH         LINE#         31
  C:08E4H         LINE#         32
  C:08E7H         LINE#         33
  C:08EAH         LINE#         34
  C:08EAH         LINE#         35
  -------         ENDPROC       _BEEP
  -------         PROC          _RELAY
  D:0007H         SYMBOL        flag
  -------         DO            
  D:0051H         SYMBOL        temp
  D:0052H         SYMBOL        temp_old
  -------         ENDDO         
  C:08EBH         LINE#         37
  C:08EBH         LINE#         38
  C:08EBH         LINE#         41
  C:08EEH         LINE#         42
  C:08F3H         LINE#         44
  C:08F6H         LINE#         45
  C:08FCH         LINE#         46
  C:08FCH         LINE#         47
  C:0901H         LINE#         48
  C:0909H         LINE#         49
  C:090CH         LINE#         50
  C:090FH         LINE#         51
  C:090FH         LINE#         52
  -------         ENDPROC       _RELAY
  -------         ENDMOD        LED

  -------         MODULE        DS1302
  C:0000H         SYMBOL        _ICE_DUMMY_
  D:0090H         PUBLIC        P1
  D:00A0H         PUBLIC        P2
  D:00B0H         PUBLIC        P3
  C:0910H         PUBLIC        _Read_Rtc
  D:00A8H         PUBLIC        IE
  D:00B8H         PUBLIC        IP
  D:0098H         PUBLIC        SCON
  D:0088H         PUBLIC        TCON
  C:0870H         PUBLIC        _Set_Rtc
  C:083CH         PUBLIC        _Read_Ds1302_Byte
  B:00A0H.3       PUBLIC        SDA
  B:0090H.7       PUBLIC        SCK
  C:09D5H         PUBLIC        _Write_Ds1302_Byte
  D:00C8H         PUBLIC        T2CON
  C:09E9H         PUBLIC        _Write_Ds1302
  B:0090H.3       PUBLIC        RST
  D:00D0H         PUBLIC        PSW
  -------         PROC          _WRITE_DS1302
  D:0007H         SYMBOL        temp
  -------         DO            
  D:0006H         SYMBOL        i
  -------         ENDDO         
  C:09E9H         LINE#         9
  C:09E9H         LINE#         10
BL51 BANKED LINKER/LOCATER V6.22                                                      02/19/2025  14:05:04  PAGE 12


  C:09E9H         LINE#         12
  C:09EBH         LINE#         13
  C:09EBH         LINE#         14
  C:09EDH         LINE#         15
  C:09F1H         LINE#         16
  C:09F5H         LINE#         17
  C:09F7H         LINE#         18
  C:09FBH         LINE#         19
  -------         ENDPROC       _WRITE_DS1302
  -------         PROC          _WRITE_DS1302_BYTE
  D:0007H         SYMBOL        address
  D:0005H         SYMBOL        dat
  C:09D5H         LINE#         22
  C:09D5H         LINE#         23
  C:09D5H         LINE#         24
  C:09D8H         LINE#         25
  C:09DBH         LINE#         26
  C:09DEH         LINE#         27
  C:09E1H         LINE#         28
  C:09E6H         LINE#         29
  C:09E8H         LINE#         30
  -------         ENDPROC       _WRITE_DS1302_BYTE
  -------         PROC          _READ_DS1302_BYTE
  D:0007H         SYMBOL        address
  -------         DO            
  D:0007H         SYMBOL        i
  D:0005H         SYMBOL        temp
  -------         ENDDO         
  C:083CH         LINE#         33
  C:083CH         LINE#         34
  C:083CH         LINE#         35
  C:083EH         LINE#         36
  C:0841H         LINE#         37
  C:0844H         LINE#         38
  C:0847H         LINE#         39
  C:084AH         LINE#         40
  C:084CH         LINE#         41
  C:084CH         LINE#         42
  C:084EH         LINE#         43
  C:0852H         LINE#         44
  C:0855H         LINE#         45
  C:0858H         LINE#         46
  C:085AH         LINE#         47
  C:085EH         LINE#         48
  C:0861H         LINE#         49
  C:0864H         LINE#         50
  C:0867H         LINE#         51
  C:086AH         LINE#         52
  C:086DH         LINE#         53
  C:086FH         LINE#         54
  -------         ENDPROC       _READ_DS1302_BYTE
  -------         PROC          _SET_RTC
  D:0001H         SYMBOL        ucRtc
  C:0870H         LINE#         56
  C:0870H         LINE#         57
  C:0870H         LINE#         58
  C:0877H         LINE#         59
BL51 BANKED LINKER/LOCATER V6.22                                                      02/19/2025  14:05:04  PAGE 13


  C:0880H         LINE#         60
  C:088CH         LINE#         61
  C:0898H         LINE#         62
  -------         ENDPROC       _SET_RTC
  -------         PROC          _READ_RTC
  D:0001H         SYMBOL        ucRtc
  C:0910H         LINE#         65
  C:0910H         LINE#         66
  C:0910H         LINE#         67
  C:0919H         LINE#         68
  C:0925H         LINE#         69
  -------         ENDPROC       _READ_RTC
  -------         ENDMOD        DS1302

  -------         MODULE        ONEWIRE
  C:0000H         SYMBOL        _ICE_DUMMY_
  D:0090H         PUBLIC        P1
  D:00B0H         PUBLIC        P3
  C:09A6H         PUBLIC        Read_DS18B20
  D:00A8H         PUBLIC        IE
  C:0990H         PUBLIC        _Delay_OneWire
  C:0951H         PUBLIC        _Write_DS18B20
  B:0090H.4       PUBLIC        DQ
  D:00B8H         PUBLIC        IP
  C:089FH         PUBLIC        init_ds18b20
  D:0098H         PUBLIC        SCON
  D:0088H         PUBLIC        TCON
  D:00C8H         PUBLIC        T2CON
  C:0807H         PUBLIC        read_t
  D:00D0H         PUBLIC        PSW
  C:098CH         SYMBOL        L?0020
  -------         PROC          L?0019
  -------         ENDPROC       L?0019
  C:098CH         SYMBOL        L?0020
  -------         PROC          _DELAY_ONEWIRE
  D:0006H         SYMBOL        t
  -------         DO            
  D:0005H         SYMBOL        i
  -------         ENDDO         
  C:0990H         LINE#         6
  C:0990H         LINE#         7
  C:0990H         LINE#         9
  C:099AH         LINE#         10
  C:09A5H         LINE#         11
  C:09A5H         LINE#         12
  -------         ENDPROC       _DELAY_ONEWIRE
  -------         PROC          _WRITE_DS18B20
  D:0001H         SYMBOL        dat
  -------         DO            
  D:0003H         SYMBOL        i
  -------         ENDDO         
  C:0951H         LINE#         15
  C:0953H         LINE#         16
  C:0953H         LINE#         18
  C:0955H         LINE#         19
  C:0955H         LINE#         20
  C:0957H         LINE#         21
BL51 BANKED LINKER/LOCATER V6.22                                                      02/19/2025  14:05:04  PAGE 14


  C:095BH         LINE#         22
  C:095EH         LINE#         23
  C:0960H         LINE#         24
  C:0964H         LINE#         25
  C:0968H         LINE#         26
  -------         ENDPROC       _WRITE_DS18B20
  -------         PROC          READ_DS18B20
  -------         DO            
  D:0003H         SYMBOL        i
  D:0004H         SYMBOL        dat
  -------         ENDDO         
  C:09A6H         LINE#         30
  C:09A6H         LINE#         31
  C:09A6H         LINE#         35
  C:09A8H         LINE#         36
  C:09A8H         LINE#         37
  C:09AAH         LINE#         38
  C:09AEH         LINE#         39
  C:09B0H         LINE#         40
  C:09B3H         LINE#         41
  C:09B3H         LINE#         42
  C:09B6H         LINE#         43
  C:09B6H         LINE#         44
  C:09B9H         LINE#         45
  C:09BDH         LINE#         46
  C:09BFH         LINE#         47
  -------         ENDPROC       READ_DS18B20
  -------         PROC          INIT_DS18B20
  -------         DO            
  B:0020H.4       SYMBOL        initflag
  -------         ENDDO         
  C:089FH         LINE#         50
  C:089FH         LINE#         51
  C:089FH         LINE#         52
  C:08A1H         LINE#         54
  C:08A3H         LINE#         55
  C:08AAH         LINE#         56
  C:08ACH         LINE#         57
  C:08B3H         LINE#         58
  C:08B5H         LINE#         59
  C:08BCH         LINE#         60
  C:08C0H         LINE#         61
  C:08C3H         LINE#         63
  C:08C5H         LINE#         64
  -------         ENDPROC       INIT_DS18B20
  -------         PROC          READ_T
  -------         DO            
  D:0001H         SYMBOL        low
  D:0007H         SYMBOL        high
  -------         ENDDO         
  C:0807H         LINE#         67
  C:0807H         LINE#         68
  C:0807H         LINE#         71
  C:080AH         LINE#         72
  C:080FH         LINE#         73
  C:0814H         LINE#         75
  C:0817H         LINE#         76
BL51 BANKED LINKER/LOCATER V6.22                                                      02/19/2025  14:05:04  PAGE 15


  C:081CH         LINE#         77
  C:0821H         LINE#         79
  C:0826H         LINE#         80
  C:0829H         LINE#         82
  C:083BH         LINE#         83
  -------         ENDPROC       READ_T
  -------         ENDMOD        ONEWIRE

  -------         MODULE        ?C?FPMUL
  C:000EH         PUBLIC        ?C?FPMUL
  -------         ENDMOD        ?C?FPMUL

  -------         MODULE        ?C?FPDIV
  C:0117H         PUBLIC        ?C?FPDIV
  -------         ENDMOD        ?C?FPDIV

  -------         MODULE        ?C?FPCMP
  C:01B6H         PUBLIC        ?C?FPCMP
  C:01B4H         PUBLIC        ?C?FPCMP3
  -------         ENDMOD        ?C?FPCMP

  -------         MODULE        ?C?FCAST
  C:0237H         PUBLIC        ?C?FCASTC
  C:0232H         PUBLIC        ?C?FCASTI
  C:022DH         PUBLIC        ?C?FCASTL
  -------         ENDMOD        ?C?FCAST

  -------         MODULE        ?C?CASTF
  C:026BH         PUBLIC        ?C?CASTF
  -------         ENDMOD        ?C?CASTF

  -------         MODULE        ?C?CLDPTR
  C:02ECH         PUBLIC        ?C?CLDPTR
  -------         ENDMOD        ?C?CLDPTR

  -------         MODULE        ?C?CLDOPTR
  C:0305H         PUBLIC        ?C?CLDOPTR
  -------         ENDMOD        ?C?CLDOPTR

  -------         MODULE        ?C?CSTPTR
  C:0332H         PUBLIC        ?C?CSTPTR
  -------         ENDMOD        ?C?CSTPTR

  -------         MODULE        ?C?CSTOPTR
  C:0344H         PUBLIC        ?C?CSTOPTR
  -------         ENDMOD        ?C?CSTOPTR

  -------         MODULE        ?C?UIDIV
  C:0366H         PUBLIC        ?C?UIDIV
  -------         ENDMOD        ?C?UIDIV

  -------         MODULE        ?C?LNEG
  C:03BBH         PUBLIC        ?C?LNEG
  -------         ENDMOD        ?C?LNEG

*** WARNING L16: UNCALLED SEGMENT, IGNORED FOR OVERLAY PROCESS
    SEGMENT: ?PR?_BEEP?LED
BL51 BANKED LINKER/LOCATER V6.22                                                      02/19/2025  14:05:04  PAGE 16



Program Size: data=80.5 xdata=0 code=2561
LINK/LOCATE RUN COMPLETE.  1 WARNING(S),  0 ERROR(S)
