BL51 BANKED LINKER/LOCATER V6.22                                                        04/04/2025  14:56:55  PAGE 1


BL51 BANKED LINKER/LOCATER V6.22, INVOKED BY:
D:\KEIL5\C51\BIN\BL51.EXE .\Objects\main.obj, .\Objects\Init.obj, .\Objects\Key.obj, .\Objects\Seg.obj, .\Objects\Led.ob
>> j TO .\Objects\0404 PRINT (.\Listings\0404.m51) RAMSIZE (256)


MEMORY MODEL: SMALL


INPUT MODULES INCLUDED:
  .\Objects\main.obj (MAIN)
  .\Objects\Init.obj (INIT)
  .\Objects\Key.obj (KEY)
  .\Objects\Seg.obj (SEG)
  .\Objects\Led.obj (LED)
  D:\KEIL5\C51\LIB\C51S.LIB (?C_STARTUP)
  D:\KEIL5\C51\LIB\C51S.LIB (?C_INIT)


LINK MAP OF MODULE:  .\Objects\0404 (MAIN)


            TYPE    BASE      LENGTH    RELOCATION   SEGMENT NAME
            -----------------------------------------------------

            * * * * * * *   D A T A   M E M O R Y   * * * * * * *
            REG     0000H     0008H     ABSOLUTE     "REG BANK 0"
            DATA    0008H     0020H     UNIT         ?DT?MAIN
            DATA    0028H     0013H     UNIT         ?DT?SEG
            DATA    003BH     0006H     UNIT         ?DT?LED
            IDATA   0041H     0001H     UNIT         ?STACK

            * * * * * * *   C O D E   M E M O R Y   * * * * * * *
            CODE    0000H     0003H     ABSOLUTE     
            CODE    0003H     0001H     UNIT         ?PR?LED_PROC?MAIN
                    0004H     0007H                  *** GAP ***
            CODE    000BH     0003H     ABSOLUTE     
            CODE    000EH     008CH     UNIT         ?C_C51STARTUP
            CODE    009AH     0088H     UNIT         ?PR?TIMER0SERVER?MAIN
            CODE    0122H     0073H     UNIT         ?PR?KEY_READ?KEY
            CODE    0195H     0048H     UNIT         ?C_INITSEG
            CODE    01DDH     0042H     UNIT         ?PR?_SEG_DISP?SEG
            CODE    021FH     003BH     UNIT         ?PR?_LED_DISP?LED
            CODE    025AH     0025H     UNIT         ?PR?_BEEP?LED
            CODE    027FH     0025H     UNIT         ?PR?_RELAY?LED
            CODE    02A4H     001FH     UNIT         ?PR?KEY_PROC?MAIN
            CODE    02C3H     001DH     UNIT         ?PR?SYS_INIT?INIT
            CODE    02E0H     0015H     UNIT         ?PR?TIMER0INIT?MAIN
            CODE    02F5H     0011H     UNIT         ?PR?MAIN?MAIN
            CODE    0306H     000DH     UNIT         ?PR?SEG_PROC?MAIN



OVERLAY MAP OF MODULE:   .\Objects\0404 (MAIN)


SEGMENT
  +--> CALLED SEGMENT
---------------------
BL51 BANKED LINKER/LOCATER V6.22                                                      04/04/2025  14:56:55  PAGE 2


?PR?TIMER0SERVER?MAIN
  +--> ?PR?_SEG_DISP?SEG
  +--> ?PR?_LED_DISP?LED

*** NEW ROOT ***************************************************

?C_C51STARTUP
  +--> ?PR?MAIN?MAIN
  +--> ?C_INITSEG

?PR?MAIN?MAIN
  +--> ?PR?SYS_INIT?INIT
  +--> ?PR?TIMER0INIT?MAIN
  +--> ?PR?KEY_PROC?MAIN
  +--> ?PR?SEG_PROC?MAIN
  +--> ?PR?LED_PROC?MAIN

?PR?KEY_PROC?MAIN
  +--> ?PR?KEY_READ?KEY



SYMBOL TABLE OF MODULE:  .\Objects\0404 (MAIN)

  VALUE           TYPE          NAME
  ----------------------------------

  -------         MODULE        MAIN
  C:0000H         SYMBOL        _ICE_DUMMY_
  D:0080H         PUBLIC        P0
  D:0090H         PUBLIC        P1
  D:00A0H         PUBLIC        P2
  D:00B0H         PUBLIC        P3
  D:00C0H         PUBLIC        P4
  D:00C8H         PUBLIC        P5
  D:00E8H         PUBLIC        P6
  B:00A8H.7       PUBLIC        EA
  D:00F8H         PUBLIC        P7
  C:0003H         PUBLIC        Led_Proc
  D:0008H         PUBLIC        Seg_Point
  D:00A8H         PUBLIC        IE
  C:0306H         PUBLIC        Seg_Proc
  D:00B8H         PUBLIC        IP
  D:0010H         PUBLIC        Seg_Buf
  C:02A4H         PUBLIC        Key_Proc
  D:0018H         PUBLIC        Seg_Slow_Down
  D:00D8H         PUBLIC        CCON
  D:001AH         PUBLIC        Key_Down
  C:02F5H         PUBLIC        main
  D:001BH         PUBLIC        Key_Old
  D:001CH         PUBLIC        Key_Slow_Down
  D:001DH         PUBLIC        Key_Val
  C:009AH         PUBLIC        Timer0Server
  D:001EH         PUBLIC        Seg_Pos
  D:0098H         PUBLIC        SCON
  D:0089H         PUBLIC        TMOD
  D:0088H         PUBLIC        TCON
BL51 BANKED LINKER/LOCATER V6.22                                                      04/04/2025  14:56:55  PAGE 3


  D:008EH         PUBLIC        AUXR
  B:00A8H.1       PUBLIC        ET0
  B:0088H.5       PUBLIC        TF0
  C:02E0H         PUBLIC        Timer0Init
  D:008CH         PUBLIC        TH0
  D:001FH         PUBLIC        Key_Up
  D:008AH         PUBLIC        TL0
  B:0088H.4       PUBLIC        TR0
  D:0020H         PUBLIC        ucLed
  D:00D0H         PUBLIC        PSW
  -------         PROC          KEY_PROC
  C:02A4H         LINE#         18
  C:02A4H         LINE#         19
  C:02A4H         LINE#         20
  C:02A8H         LINE#         21
  C:02ABH         LINE#         23
  C:02B0H         LINE#         24
  C:02B9H         LINE#         25
  C:02BFH         LINE#         26
  C:02C2H         LINE#         28
  -------         ENDPROC       KEY_PROC
  -------         PROC          SEG_PROC
  C:0306H         LINE#         31
  C:0306H         LINE#         32
  C:0306H         LINE#         33
  C:030CH         LINE#         34
  C:0312H         LINE#         36
  -------         ENDPROC       SEG_PROC
  -------         PROC          LED_PROC
  C:0003H         LINE#         39
  C:0003H         LINE#         40
  C:0003H         LINE#         42
  -------         ENDPROC       LED_PROC
  -------         PROC          TIMER0INIT
  C:02E0H         LINE#         45
  C:02E0H         LINE#         46
  C:02E0H         LINE#         47
  C:02E3H         LINE#         48
  C:02E6H         LINE#         49
  C:02E9H         LINE#         50
  C:02ECH         LINE#         51
  C:02EEH         LINE#         52
  C:02F0H         LINE#         53
  C:02F2H         LINE#         54
  C:02F4H         LINE#         55
  -------         ENDPROC       TIMER0INIT
  -------         PROC          TIMER0SERVER
  C:009AH         LINE#         58
  C:00B7H         LINE#         60
  C:00C1H         LINE#         61
  C:00D8H         LINE#         62
  C:00E2H         LINE#         64
  C:00F9H         LINE#         65
  C:0107H         LINE#         67
  -------         ENDPROC       TIMER0SERVER
  -------         PROC          MAIN
  C:02F5H         LINE#         70
BL51 BANKED LINKER/LOCATER V6.22                                                      04/04/2025  14:56:55  PAGE 4


  C:02F5H         LINE#         71
  C:02F5H         LINE#         72
  C:02F8H         LINE#         73
  C:02FBH         LINE#         74
  C:02FBH         LINE#         75
  C:02FBH         LINE#         76
  C:02FEH         LINE#         77
  C:0301H         LINE#         78
  C:0304H         LINE#         79
  -------         ENDPROC       MAIN
  -------         ENDMOD        MAIN

  -------         MODULE        INIT
  C:0000H         SYMBOL        _ICE_DUMMY_
  D:0080H         PUBLIC        P0
  D:0090H         PUBLIC        P1
  D:00A0H         PUBLIC        P2
  D:00B0H         PUBLIC        P3
  D:00C0H         PUBLIC        P4
  D:00C8H         PUBLIC        P5
  D:00E8H         PUBLIC        P6
  D:00F8H         PUBLIC        P7
  D:00A8H         PUBLIC        IE
  D:00B8H         PUBLIC        IP
  D:00D8H         PUBLIC        CCON
  D:0098H         PUBLIC        SCON
  D:0088H         PUBLIC        TCON
  C:02C3H         PUBLIC        Sys_Init
  D:00D0H         PUBLIC        PSW
  -------         PROC          SYS_INIT
  C:02C3H         LINE#         3
  C:02C3H         LINE#         4
  C:02C3H         LINE#         5
  C:02C6H         LINE#         6
  C:02CEH         LINE#         7
  C:02D1H         LINE#         9
  C:02D4H         LINE#         10
  C:02DCH         LINE#         11
  C:02DFH         LINE#         12
  -------         ENDPROC       SYS_INIT
  -------         ENDMOD        INIT

  -------         MODULE        KEY
  C:0000H         SYMBOL        _ICE_DUMMY_
  D:0080H         PUBLIC        P0
  D:0090H         PUBLIC        P1
  D:00A0H         PUBLIC        P2
  D:00B0H         PUBLIC        P3
  D:00C0H         PUBLIC        P4
  D:00C8H         PUBLIC        P5
  D:00E8H         PUBLIC        P6
  D:00F8H         PUBLIC        P7
  C:0122H         PUBLIC        Key_Read
  D:00A8H         PUBLIC        IE
  D:00B8H         PUBLIC        IP
  D:00D8H         PUBLIC        CCON
  B:00B0H.0       PUBLIC        P30
BL51 BANKED LINKER/LOCATER V6.22                                                      04/04/2025  14:56:55  PAGE 5


  B:00B0H.1       PUBLIC        P31
  D:0098H         PUBLIC        SCON
  B:00B0H.2       PUBLIC        P32
  D:0088H         PUBLIC        TCON
  B:00C0H.2       PUBLIC        P42
  B:00B0H.3       PUBLIC        P33
  B:00B0H.4       PUBLIC        P34
  B:00C0H.4       PUBLIC        P44
  B:00B0H.5       PUBLIC        P35
  D:00D0H         PUBLIC        PSW
  -------         PROC          KEY_READ
  -------         DO            
  D:0007H         SYMBOL        temp
  -------         ENDDO         
  C:0122H         LINE#         3
  C:0122H         LINE#         4
  C:0122H         LINE#         5
  C:0124H         LINE#         6
  C:012CH         LINE#         7
  C:0131H         LINE#         8
  C:0136H         LINE#         9
  C:013BH         LINE#         10
  C:0140H         LINE#         11
  C:0148H         LINE#         12
  C:014DH         LINE#         13
  C:0152H         LINE#         14
  C:0157H         LINE#         15
  C:015CH         LINE#         16
  C:0164H         LINE#         17
  C:0169H         LINE#         18
  C:016EH         LINE#         19
  C:0173H         LINE#         20
  C:0178H         LINE#         21
  C:0180H         LINE#         22
  C:0185H         LINE#         23
  C:018AH         LINE#         24
  C:018FH         LINE#         25
  C:0194H         LINE#         26
  C:0194H         LINE#         27
  -------         ENDPROC       KEY_READ
  -------         ENDMOD        KEY

  -------         MODULE        SEG
  C:0000H         SYMBOL        _ICE_DUMMY_
  D:0080H         PUBLIC        P0
  D:0090H         PUBLIC        P1
  D:00A0H         PUBLIC        P2
  D:00B0H         PUBLIC        P3
  D:00C0H         PUBLIC        P4
  D:00C8H         PUBLIC        P5
  D:00E8H         PUBLIC        P6
  D:00F8H         PUBLIC        P7
  D:00A8H         PUBLIC        IE
  C:01DDH         PUBLIC        _Seg_Disp
  D:00B8H         PUBLIC        IP
  D:00D8H         PUBLIC        CCON
  D:0028H         PUBLIC        Seg_dula
BL51 BANKED LINKER/LOCATER V6.22                                                      04/04/2025  14:56:55  PAGE 6


  D:0033H         PUBLIC        Seg_wela
  D:0098H         PUBLIC        SCON
  D:0088H         PUBLIC        TCON
  D:00D0H         PUBLIC        PSW
  -------         PROC          _SEG_DISP
  D:0007H         SYMBOL        wela
  D:0004H         SYMBOL        dula
  D:0002H         SYMBOL        point
  C:01DDH         LINE#         18
  C:01DDH         LINE#         19
  C:01DDH         LINE#         20
  C:01E0H         LINE#         21
  C:01E8H         LINE#         22
  C:01EBH         LINE#         24
  C:01F2H         LINE#         25
  C:01FAH         LINE#         26
  C:01FDH         LINE#         28
  C:0201H         LINE#         29
  C:020CH         LINE#         31
  C:0213H         LINE#         32
  C:021BH         LINE#         33
  C:021EH         LINE#         34
  -------         ENDPROC       _SEG_DISP
  -------         ENDMOD        SEG

  -------         MODULE        LED
  C:0000H         SYMBOL        _ICE_DUMMY_
  C:027FH         PUBLIC        _Relay
  D:0080H         PUBLIC        P0
  D:0090H         PUBLIC        P1
  D:00A0H         PUBLIC        P2
  D:00B0H         PUBLIC        P3
  D:00C0H         PUBLIC        P4
  D:00C8H         PUBLIC        P5
  D:00E8H         PUBLIC        P6
  D:00F8H         PUBLIC        P7
  C:021FH         PUBLIC        _Led_Disp
  D:00A8H         PUBLIC        IE
  D:00B8H         PUBLIC        IP
  D:00D8H         PUBLIC        CCON
  D:0098H         PUBLIC        SCON
  D:0088H         PUBLIC        TCON
  D:00D0H         PUBLIC        PSW
  C:025AH         PUBLIC        _Beep
  -------         PROC          _LED_DISP
  D:0007H         SYMBOL        addr
  D:0004H         SYMBOL        enable
  -------         DO            
  D:003BH         SYMBOL        temp
  D:003CH         SYMBOL        temp_old
  -------         ENDDO         
  C:021FH         LINE#         3
  C:021FH         LINE#         4
  C:021FH         LINE#         8
  C:0223H         LINE#         9
  C:0232H         LINE#         11
  C:0240H         LINE#         12
BL51 BANKED LINKER/LOCATER V6.22                                                      04/04/2025  14:56:55  PAGE 7


  C:0246H         LINE#         13
  C:0246H         LINE#         14
  C:024BH         LINE#         15
  C:0253H         LINE#         16
  C:0256H         LINE#         17
  C:0259H         LINE#         18
  C:0259H         LINE#         19
  -------         ENDPROC       _LED_DISP
  -------         PROC          _BEEP
  D:0007H         SYMBOL        enable
  -------         DO            
  D:003DH         SYMBOL        temp
  D:003EH         SYMBOL        temp_old
  -------         ENDDO         
  C:025AH         LINE#         21
  C:025AH         LINE#         22
  C:025AH         LINE#         26
  C:025DH         LINE#         27
  C:0262H         LINE#         29
  C:0265H         LINE#         30
  C:026BH         LINE#         31
  C:026BH         LINE#         32
  C:0270H         LINE#         33
  C:0278H         LINE#         34
  C:027BH         LINE#         35
  C:027EH         LINE#         36
  C:027EH         LINE#         37
  -------         ENDPROC       _BEEP
  -------         PROC          _RELAY
  D:0007H         SYMBOL        enable
  -------         DO            
  D:003FH         SYMBOL        temp
  D:0040H         SYMBOL        temp_old
  -------         ENDDO         
  C:027FH         LINE#         39
  C:027FH         LINE#         40
  C:027FH         LINE#         44
  C:0282H         LINE#         45
  C:0287H         LINE#         47
  C:028AH         LINE#         48
  C:0290H         LINE#         49
  C:0290H         LINE#         50
  C:0295H         LINE#         51
  C:029DH         LINE#         52
  C:02A0H         LINE#         53
  C:02A3H         LINE#         54
  C:02A3H         LINE#         55
  -------         ENDPROC       _RELAY
  -------         ENDMOD        LED

*** WARNING L16: UNCALLED SEGMENT, IGNORED FOR OVERLAY PROCESS
    SEGMENT: ?PR?_BEEP?LED

*** WARNING L16: UNCALLED SEGMENT, IGNORED FOR OVERLAY PROCESS
    SEGMENT: ?PR?_RELAY?LED

Program Size: data=66.0 xdata=0 code=780
BL51 BANKED LINKER/LOCATER V6.22                                                      04/04/2025  14:56:55  PAGE 8


LINK/LOCATE RUN COMPLETE.  2 WARNING(S),  0 ERROR(S)
