BL51 BANKED LINKER/LOCATER V6.22                                                        03/12/2025  21:43:27  PAGE 1


BL51 BANKED LINKER/LOCATER V6.22, INVOKED BY:
D:\KEIL5\C51\BIN\BL51.EXE .\Objects\main.obj, .\Objects\Init.obj, .\Objects\Key.obj, .\Objects\Led.obj, .\Objects\Seg.ob
>> j, .\Objects\ds1302.obj, .\Objects\onewire.obj, .\Objects\iic.obj TO .\Objects\0312 PRINT (.\Listings\0312.m51) RAMSI
>> ZE (256)


MEMORY MODEL: SMALL WITH FLOATING POINT ARITHMETIC


INPUT MODULES INCLUDED:
  .\Objects\main.obj (MAIN)
  .\Objects\Init.obj (INIT)
  .\Objects\Key.obj (KEY)
  .\Objects\Led.obj (LED)
  .\Objects\Seg.obj (SEG)
  .\Objects\ds1302.obj (DS1302)
  .\Objects\onewire.obj (ONEWIRE)
  .\Objects\iic.obj (IIC)
  D:\KEIL5\C51\LIB\C51FPS.LIB (?C?FPDIV)
  D:\KEIL5\C51\LIB\C51FPS.LIB (?C?FCAST)
  D:\KEIL5\C51\LIB\C51FPS.LIB (?C?FPGETOPN)
  D:\KEIL5\C51\LIB\C51S.LIB (?C_STARTUP)
  D:\KEIL5\C51\LIB\C51S.LIB (?C?CLDPTR)
  D:\KEIL5\C51\LIB\C51S.LIB (?C?CLDOPTR)
  D:\KEIL5\C51\LIB\C51S.LIB (?C?CSTPTR)
  D:\KEIL5\C51\LIB\C51S.LIB (?C?CSTOPTR)
  D:\KEIL5\C51\LIB\C51S.LIB (?C?LNEG)
  D:\KEIL5\C51\LIB\C51S.LIB (?C_INIT)


LINK MAP OF MODULE:  .\Objects\0312 (MAIN)


            TYPE    BASE      LENGTH    RELOCATION   SEGMENT NAME
            -----------------------------------------------------

            * * * * * * *   D A T A   M E M O R Y   * * * * * * *
            REG     0000H     0008H     ABSOLUTE     "REG BANK 0"
            DATA    0008H     0006H     UNIT         ?DT?LED
            DATA    000EH     0005H     UNIT         ?DT?_EEPROM_WRITE?IIC
            DATA    0013H     0005H     UNIT         ?DT?_EEPROM_READ?IIC
                    0018H     0008H                  *** GAP ***
            BIT     0020H.0   0000H.1   UNIT         ?BI?INIT_DS18B20?ONEWIRE
                    0020H.1   0000H.7                *** GAP ***
            DATA    0021H     0024H     UNIT         ?DT?MAIN
            DATA    0045H     0019H     UNIT         ?DT?SEG
            IDATA   005EH     0001H     UNIT         ?STACK

            * * * * * * *   C O D E   M E M O R Y   * * * * * * *
            CODE    0000H     0003H     ABSOLUTE     
            CODE    0003H     0018H     UNIT         ?PR?_I2CSENDACK?IIC
            CODE    001BH     0003H     ABSOLUTE     
            CODE    001EH     01B0H     UNIT         ?C?LIB_CODE
            CODE    01CEH     00AFH     UNIT         ?PR?TIMER1SERVER?MAIN
            CODE    027DH     008CH     UNIT         ?C_C51STARTUP
            CODE    0309H     0053H     UNIT         ?PR?KEY_READ?KEY
            CODE    035CH     004EH     UNIT         ?C_INITSEG
            CODE    03AAH     0046H     UNIT         ?PR?_EEPROM_READ?IIC
BL51 BANKED LINKER/LOCATER V6.22                                                      03/12/2025  21:43:27  PAGE 2


            CODE    03F0H     0043H     UNIT         ?PR?_EEPROM_WRITE?IIC
            CODE    0433H     0042H     UNIT         ?PR?_SEG_DISP?SEG
            CODE    0475H     003BH     UNIT         ?PR?_LED_DISP?LED
            CODE    04B0H     0035H     UNIT         ?PR?RD_T?ONEWIRE
            CODE    04E5H     0034H     UNIT         ?PR?_READ_DS1302_BYTE?DS1302
            CODE    0519H     002FH     UNIT         ?PR?_SET_RTC?DS1302
            CODE    0548H     002CH     UNIT         ?PR?_I2CSENDBYTE?IIC
            CODE    0574H     0027H     UNIT         ?PR?INIT_DS18B20?ONEWIRE
            CODE    059BH     0025H     UNIT         ?PR?_BEEP?LED
            CODE    05C0H     0025H     UNIT         ?PR?_RELAY?LED
            CODE    05E5H     0025H     UNIT         ?PR?_AD_READ?IIC
            CODE    060AH     0021H     UNIT         ?PR?_READ_RTC?DS1302
            CODE    062BH     001FH     UNIT         ?PR?KEY_PROC?MAIN
            CODE    064AH     001EH     UNIT         ?PR?_WRITE_DS18B20?ONEWIRE
            CODE    0668H     001DH     UNIT         ?PR?SYS_INIT?INIT
            CODE    0685H     001DH     UNIT         ?PR?I2CRECEIVEBYTE?IIC
            CODE    06A2H     001DH     UNIT         ?PR?I2CWAITACK?IIC
            CODE    06BFH     001AH     UNIT         ?PR?_DELAY_ONEWIRE?ONEWIRE
            CODE    06D9H     001AH     UNIT         ?PR?READ_DS18B20?ONEWIRE
            CODE    06F3H     001AH     UNIT         ?PR?_I2C_DELAY?IIC
            CODE    070DH     0015H     UNIT         ?PR?TIMER1INIT?MAIN
            CODE    0722H     0015H     UNIT         ?PR?_DA_WRITE?IIC
            CODE    0737H     0014H     UNIT         ?PR?MAIN?MAIN
            CODE    074BH     0014H     UNIT         ?PR?_WRITE_DS1302_BYTE?DS1302
            CODE    075FH     0013H     UNIT         ?PR?TIMER0INIT?MAIN
            CODE    0772H     0013H     UNIT         ?PR?_WRITE_DS1302?DS1302
            CODE    0785H     000FH     UNIT         ?PR?I2CSTART?IIC
            CODE    0794H     000DH     UNIT         ?PR?SEG_PROC?MAIN
            CODE    07A1H     000CH     UNIT         ?PR?I2CSTOP?IIC
            CODE    07ADH     0001H     UNIT         ?PR?LED_PROC?MAIN



OVERLAY MAP OF MODULE:   .\Objects\0312 (MAIN)


SEGMENT
  +--> CALLED SEGMENT
---------------------
?PR?TIMER1SERVER?MAIN
  +--> ?PR?_SEG_DISP?SEG
  +--> ?PR?_LED_DISP?LED

*** NEW ROOT ***************************************************

?C_C51STARTUP
  +--> ?PR?MAIN?MAIN
  +--> ?C_INITSEG

?PR?MAIN?MAIN
  +--> ?PR?SYS_INIT?INIT
  +--> ?PR?TIMER0INIT?MAIN
  +--> ?PR?TIMER1INIT?MAIN
  +--> ?PR?KEY_PROC?MAIN
  +--> ?PR?SEG_PROC?MAIN
  +--> ?PR?LED_PROC?MAIN

BL51 BANKED LINKER/LOCATER V6.22                                                      03/12/2025  21:43:27  PAGE 3


?PR?KEY_PROC?MAIN
  +--> ?PR?KEY_READ?KEY



SYMBOL TABLE OF MODULE:  .\Objects\0312 (MAIN)

  VALUE           TYPE          NAME
  ----------------------------------

  -------         MODULE        MAIN
  C:0000H         SYMBOL        _ICE_DUMMY_
  D:0080H         PUBLIC        P0
  D:0090H         PUBLIC        P1
  D:00A0H         PUBLIC        P2
  D:00B0H         PUBLIC        P3
  D:00C0H         PUBLIC        P4
  D:00C8H         PUBLIC        P5
  D:00E8H         PUBLIC        P6
  B:00A8H.7       PUBLIC        EA
  D:00F8H         PUBLIC        P7
  C:07ADH         PUBLIC        Led_Proc
  D:0021H         PUBLIC        Seg_Point
  D:00A8H         PUBLIC        IE
  D:0029H         PUBLIC        Freq
  C:0794H         PUBLIC        Seg_Proc
  D:00B8H         PUBLIC        IP
  D:002BH         PUBLIC        Seg_Buf
  C:062BH         PUBLIC        Key_Proc
  D:0033H         PUBLIC        Seg_Slow_Down
  D:00D8H         PUBLIC        CCON
  D:0035H         PUBLIC        Key_Down
  C:0737H         PUBLIC        main
  D:0036H         PUBLIC        Key_Old
  D:0037H         PUBLIC        Key_Slow_Down
  D:0038H         PUBLIC        Key_Val
  C:01CEH         PUBLIC        Timer1Server
  D:0039H         PUBLIC        Seg_Pos
  D:0098H         PUBLIC        SCON
  D:0089H         PUBLIC        TMOD
  D:0088H         PUBLIC        TCON
  D:008EH         PUBLIC        AUXR
  B:00A8H.3       PUBLIC        ET1
  B:0088H.5       PUBLIC        TF0
  C:075FH         PUBLIC        Timer0Init
  B:0088H.7       PUBLIC        TF1
  C:070DH         PUBLIC        Timer1Init
  D:008CH         PUBLIC        TH0
  D:008DH         PUBLIC        TH1
  D:003AH         PUBLIC        Key_Up
  D:008AH         PUBLIC        TL0
  D:008BH         PUBLIC        TL1
  B:0088H.4       PUBLIC        TR0
  B:0088H.6       PUBLIC        TR1
  D:003BH         PUBLIC        Timer_1000Ms
  D:003DH         PUBLIC        ucLed
  D:00D0H         PUBLIC        PSW
BL51 BANKED LINKER/LOCATER V6.22                                                      03/12/2025  21:43:27  PAGE 4


  -------         PROC          KEY_PROC
  C:062BH         LINE#         20
  C:062BH         LINE#         21
  C:062BH         LINE#         22
  C:062FH         LINE#         23
  C:0632H         LINE#         25
  C:0637H         LINE#         26
  C:0640H         LINE#         27
  C:0646H         LINE#         28
  C:0649H         LINE#         30
  -------         ENDPROC       KEY_PROC
  -------         PROC          SEG_PROC
  C:0794H         LINE#         33
  C:0794H         LINE#         34
  C:0794H         LINE#         35
  C:079AH         LINE#         36
  C:07A0H         LINE#         38
  -------         ENDPROC       SEG_PROC
  -------         PROC          LED_PROC
  C:07ADH         LINE#         41
  C:07ADH         LINE#         42
  C:07ADH         LINE#         44
  -------         ENDPROC       LED_PROC
  -------         PROC          TIMER0INIT
  C:075FH         LINE#         47
  C:075FH         LINE#         48
  C:075FH         LINE#         49
  C:0762H         LINE#         50
  C:0765H         LINE#         51
  C:0768H         LINE#         52
  C:076BH         LINE#         53
  C:076DH         LINE#         54
  C:076FH         LINE#         55
  C:0771H         LINE#         56
  -------         ENDPROC       TIMER0INIT
  -------         PROC          TIMER1INIT
  C:070DH         LINE#         59
  C:070DH         LINE#         60
  C:070DH         LINE#         61
  C:0710H         LINE#         62
  C:0713H         LINE#         63
  C:0716H         LINE#         64
  C:0719H         LINE#         65
  C:071BH         LINE#         66
  C:071DH         LINE#         67
  C:071FH         LINE#         68
  C:0721H         LINE#         69
  -------         ENDPROC       TIMER1INIT
  -------         PROC          TIMER1SERVER
  C:01CEH         LINE#         72
  C:01EBH         LINE#         74
  C:01F5H         LINE#         75
  C:020CH         LINE#         76
  C:0216H         LINE#         77
  C:022DH         LINE#         78
  C:023BH         LINE#         79
  C:024CH         LINE#         80
BL51 BANKED LINKER/LOCATER V6.22                                                      03/12/2025  21:43:27  PAGE 5


  C:024CH         LINE#         81
  C:0252H         LINE#         82
  C:025CH         LINE#         83
  C:0262H         LINE#         84
  C:0262H         LINE#         86
  -------         ENDPROC       TIMER1SERVER
  -------         PROC          MAIN
  C:0737H         LINE#         89
  C:0737H         LINE#         90
  C:0737H         LINE#         91
  C:073AH         LINE#         92
  C:073DH         LINE#         93
  C:0740H         LINE#         94
  C:0740H         LINE#         95
  C:0740H         LINE#         96
  C:0743H         LINE#         97
  C:0746H         LINE#         98
  C:0749H         LINE#         99
  -------         ENDPROC       MAIN
  -------         ENDMOD        MAIN

  -------         MODULE        INIT
  C:0000H         SYMBOL        _ICE_DUMMY_
  D:0080H         PUBLIC        P0
  D:0090H         PUBLIC        P1
  D:00A0H         PUBLIC        P2
  D:00B0H         PUBLIC        P3
  D:00C0H         PUBLIC        P4
  D:00C8H         PUBLIC        P5
  D:00E8H         PUBLIC        P6
  D:00F8H         PUBLIC        P7
  D:00A8H         PUBLIC        IE
  D:00B8H         PUBLIC        IP
  D:00D8H         PUBLIC        CCON
  D:0098H         PUBLIC        SCON
  D:0088H         PUBLIC        TCON
  C:0668H         PUBLIC        Sys_Init
  D:00D0H         PUBLIC        PSW
  -------         PROC          SYS_INIT
  C:0668H         LINE#         3
  C:0668H         LINE#         4
  C:0668H         LINE#         5
  C:066BH         LINE#         6
  C:0673H         LINE#         7
  C:0676H         LINE#         9
  C:0679H         LINE#         10
  C:0681H         LINE#         11
  C:0684H         LINE#         12
  -------         ENDPROC       SYS_INIT
  -------         ENDMOD        INIT

  -------         MODULE        KEY
  C:0000H         SYMBOL        _ICE_DUMMY_
  D:0080H         PUBLIC        P0
  D:0090H         PUBLIC        P1
  D:00A0H         PUBLIC        P2
  D:00B0H         PUBLIC        P3
BL51 BANKED LINKER/LOCATER V6.22                                                      03/12/2025  21:43:27  PAGE 6


  D:00C0H         PUBLIC        P4
  D:00C8H         PUBLIC        P5
  D:00E8H         PUBLIC        P6
  D:00F8H         PUBLIC        P7
  C:0309H         PUBLIC        Key_Read
  D:00A8H         PUBLIC        IE
  D:00B8H         PUBLIC        IP
  D:00D8H         PUBLIC        CCON
  B:00B0H.0       PUBLIC        P30
  B:00B0H.1       PUBLIC        P31
  D:0098H         PUBLIC        SCON
  B:00B0H.2       PUBLIC        P32
  D:0088H         PUBLIC        TCON
  B:00C0H.2       PUBLIC        P42
  B:00B0H.3       PUBLIC        P33
  B:00B0H.4       PUBLIC        P34
  B:00C0H.4       PUBLIC        P44
  B:00B0H.5       PUBLIC        P35
  D:00D0H         PUBLIC        PSW
  -------         PROC          KEY_READ
  -------         DO            
  D:0007H         SYMBOL        temp
  -------         ENDDO         
  C:0309H         LINE#         3
  C:0309H         LINE#         4
  C:0309H         LINE#         5
  C:030BH         LINE#         6
  C:0313H         LINE#         7
  C:0316H         LINE#         8
  C:0319H         LINE#         9
  C:031CH         LINE#         10
  C:031FH         LINE#         11
  C:0327H         LINE#         12
  C:032AH         LINE#         13
  C:032DH         LINE#         14
  C:0330H         LINE#         15
  C:0333H         LINE#         16
  C:033BH         LINE#         17
  C:033EH         LINE#         18
  C:0341H         LINE#         19
  C:0344H         LINE#         20
  C:0347H         LINE#         21
  C:034FH         LINE#         22
  C:0352H         LINE#         23
  C:0355H         LINE#         24
  C:0358H         LINE#         25
  C:035BH         LINE#         26
  C:035BH         LINE#         27
  -------         ENDPROC       KEY_READ
  -------         ENDMOD        KEY

  -------         MODULE        LED
  C:0000H         SYMBOL        _ICE_DUMMY_
  C:05C0H         PUBLIC        _Relay
  D:0080H         PUBLIC        P0
  D:0090H         PUBLIC        P1
  D:00A0H         PUBLIC        P2
BL51 BANKED LINKER/LOCATER V6.22                                                      03/12/2025  21:43:27  PAGE 7


  D:00B0H         PUBLIC        P3
  D:00C0H         PUBLIC        P4
  D:00C8H         PUBLIC        P5
  D:00E8H         PUBLIC        P6
  D:00F8H         PUBLIC        P7
  C:0475H         PUBLIC        _Led_Disp
  D:00A8H         PUBLIC        IE
  D:00B8H         PUBLIC        IP
  D:00D8H         PUBLIC        CCON
  D:0098H         PUBLIC        SCON
  D:0088H         PUBLIC        TCON
  D:00D0H         PUBLIC        PSW
  C:059BH         PUBLIC        _Beep
  -------         PROC          _LED_DISP
  D:0007H         SYMBOL        addr
  D:0004H         SYMBOL        enable
  -------         DO            
  D:0008H         SYMBOL        temp
  D:0009H         SYMBOL        temp_old
  -------         ENDDO         
  C:0475H         LINE#         3
  C:0475H         LINE#         4
  C:0475H         LINE#         8
  C:0479H         LINE#         9
  C:0488H         LINE#         11
  C:0496H         LINE#         12
  C:049CH         LINE#         13
  C:049CH         LINE#         14
  C:04A1H         LINE#         15
  C:04A9H         LINE#         16
  C:04ACH         LINE#         17
  C:04AFH         LINE#         18
  C:04AFH         LINE#         19
  -------         ENDPROC       _LED_DISP
  -------         PROC          _BEEP
  D:0007H         SYMBOL        flag
  -------         DO            
  D:000AH         SYMBOL        temp
  D:000BH         SYMBOL        temp_old
  -------         ENDDO         
  C:059BH         LINE#         21
  C:059BH         LINE#         22
  C:059BH         LINE#         26
  C:059EH         LINE#         27
  C:05A3H         LINE#         29
  C:05A6H         LINE#         30
  C:05ACH         LINE#         31
  C:05ACH         LINE#         32
  C:05B1H         LINE#         33
  C:05B9H         LINE#         34
  C:05BCH         LINE#         35
  C:05BFH         LINE#         36
  C:05BFH         LINE#         37
  -------         ENDPROC       _BEEP
  -------         PROC          _RELAY
  D:0007H         SYMBOL        flag
  -------         DO            
BL51 BANKED LINKER/LOCATER V6.22                                                      03/12/2025  21:43:27  PAGE 8


  D:000CH         SYMBOL        temp
  D:000DH         SYMBOL        temp_old
  -------         ENDDO         
  C:05C0H         LINE#         39
  C:05C0H         LINE#         40
  C:05C0H         LINE#         44
  C:05C3H         LINE#         45
  C:05C8H         LINE#         47
  C:05CBH         LINE#         48
  C:05D1H         LINE#         49
  C:05D1H         LINE#         50
  C:05D6H         LINE#         51
  C:05DEH         LINE#         52
  C:05E1H         LINE#         53
  C:05E4H         LINE#         54
  C:05E4H         LINE#         55
  -------         ENDPROC       _RELAY
  -------         ENDMOD        LED

  -------         MODULE        SEG
  C:0000H         SYMBOL        _ICE_DUMMY_
  D:0080H         PUBLIC        P0
  D:0090H         PUBLIC        P1
  D:00A0H         PUBLIC        P2
  D:00B0H         PUBLIC        P3
  D:00C0H         PUBLIC        P4
  D:00C8H         PUBLIC        P5
  D:00E8H         PUBLIC        P6
  D:00F8H         PUBLIC        P7
  D:00A8H         PUBLIC        IE
  C:0433H         PUBLIC        _Seg_Disp
  D:00B8H         PUBLIC        IP
  D:00D8H         PUBLIC        CCON
  D:0045H         PUBLIC        Seg_dula
  D:0056H         PUBLIC        Seg_wela
  D:0098H         PUBLIC        SCON
  D:0088H         PUBLIC        TCON
  D:00D0H         PUBLIC        PSW
  -------         PROC          _SEG_DISP
  D:0007H         SYMBOL        wela
  D:0004H         SYMBOL        dula
  D:0002H         SYMBOL        point
  C:0433H         LINE#         24
  C:0433H         LINE#         25
  C:0433H         LINE#         26
  C:0436H         LINE#         27
  C:043EH         LINE#         28
  C:0441H         LINE#         30
  C:0448H         LINE#         31
  C:0450H         LINE#         32
  C:0453H         LINE#         34
  C:0457H         LINE#         35
  C:0462H         LINE#         37
  C:0469H         LINE#         38
  C:0471H         LINE#         39
  C:0474H         LINE#         40
  -------         ENDPROC       _SEG_DISP
BL51 BANKED LINKER/LOCATER V6.22                                                      03/12/2025  21:43:27  PAGE 9


  -------         ENDMOD        SEG

  -------         MODULE        DS1302
  C:0000H         SYMBOL        _ICE_DUMMY_
  D:0090H         PUBLIC        P1
  D:00A0H         PUBLIC        P2
  D:00B0H         PUBLIC        P3
  C:060AH         PUBLIC        _Read_Rtc
  D:00A8H         PUBLIC        IE
  D:00B8H         PUBLIC        IP
  D:0098H         PUBLIC        SCON
  D:0088H         PUBLIC        TCON
  C:0519H         PUBLIC        _Set_Rtc
  C:04E5H         PUBLIC        _Read_Ds1302_Byte
  B:00A0H.3       PUBLIC        SDA
  B:0090H.7       PUBLIC        SCK
  C:074BH         PUBLIC        _Write_Ds1302_Byte
  D:00C8H         PUBLIC        T2CON
  C:0772H         PUBLIC        _Write_Ds1302
  B:0090H.3       PUBLIC        RST
  D:00D0H         PUBLIC        PSW
  -------         PROC          _WRITE_DS1302
  D:0007H         SYMBOL        temp
  -------         DO            
  D:0006H         SYMBOL        i
  -------         ENDDO         
  C:0772H         LINE#         9
  C:0772H         LINE#         10
  C:0772H         LINE#         12
  C:0774H         LINE#         13
  C:0774H         LINE#         14
  C:0776H         LINE#         15
  C:077AH         LINE#         16
  C:077EH         LINE#         17
  C:0780H         LINE#         18
  C:0784H         LINE#         19
  -------         ENDPROC       _WRITE_DS1302
  -------         PROC          _WRITE_DS1302_BYTE
  D:0007H         SYMBOL        address
  D:0005H         SYMBOL        dat
  C:074BH         LINE#         22
  C:074BH         LINE#         23
  C:074BH         LINE#         24
  C:074EH         LINE#         25
  C:0751H         LINE#         26
  C:0754H         LINE#         27
  C:0757H         LINE#         28
  C:075CH         LINE#         29
  C:075EH         LINE#         30
  -------         ENDPROC       _WRITE_DS1302_BYTE
  -------         PROC          _READ_DS1302_BYTE
  D:0007H         SYMBOL        address
  -------         DO            
  D:0007H         SYMBOL        i
  D:0005H         SYMBOL        temp
  -------         ENDDO         
  C:04E5H         LINE#         33
BL51 BANKED LINKER/LOCATER V6.22                                                      03/12/2025  21:43:27  PAGE 10


  C:04E5H         LINE#         34
  C:04E5H         LINE#         35
  C:04E7H         LINE#         36
  C:04EAH         LINE#         37
  C:04EDH         LINE#         38
  C:04F0H         LINE#         39
  C:04F3H         LINE#         40
  C:04F5H         LINE#         41
  C:04F5H         LINE#         42
  C:04F7H         LINE#         43
  C:04FBH         LINE#         44
  C:04FEH         LINE#         45
  C:0501H         LINE#         46
  C:0503H         LINE#         47
  C:0507H         LINE#         48
  C:050AH         LINE#         49
  C:050DH         LINE#         50
  C:0510H         LINE#         51
  C:0513H         LINE#         52
  C:0516H         LINE#         53
  C:0518H         LINE#         54
  -------         ENDPROC       _READ_DS1302_BYTE
  -------         PROC          _SET_RTC
  D:0001H         SYMBOL        ucRtc
  C:0519H         LINE#         56
  C:0519H         LINE#         57
  C:0519H         LINE#         58
  C:0520H         LINE#         59
  C:0529H         LINE#         60
  C:0535H         LINE#         61
  C:0541H         LINE#         62
  -------         ENDPROC       _SET_RTC
  -------         PROC          _READ_RTC
  D:0001H         SYMBOL        ucRtc
  C:060AH         LINE#         65
  C:060AH         LINE#         66
  C:060AH         LINE#         67
  C:0613H         LINE#         68
  C:061FH         LINE#         69
  -------         ENDPROC       _READ_RTC
  -------         ENDMOD        DS1302

  -------         MODULE        ONEWIRE
  C:0000H         SYMBOL        _ICE_DUMMY_
  D:0090H         PUBLIC        P1
  D:00B0H         PUBLIC        P3
  C:06D9H         PUBLIC        Read_DS18B20
  D:00A8H         PUBLIC        IE
  C:06C3H         PUBLIC        _Delay_OneWire
  C:064AH         PUBLIC        _Write_DS18B20
  B:0090H.4       PUBLIC        DQ
  D:00B8H         PUBLIC        IP
  C:0574H         PUBLIC        init_ds18b20
  C:04B0H         PUBLIC        rd_t
  D:0098H         PUBLIC        SCON
  D:0088H         PUBLIC        TCON
  D:00C8H         PUBLIC        T2CON
BL51 BANKED LINKER/LOCATER V6.22                                                      03/12/2025  21:43:27  PAGE 11


  D:00D0H         PUBLIC        PSW
  C:06BFH         SYMBOL        L?0020
  -------         PROC          L?0019
  -------         ENDPROC       L?0019
  C:06BFH         SYMBOL        L?0020
  -------         PROC          _DELAY_ONEWIRE
  D:0006H         SYMBOL        t
  -------         DO            
  D:0005H         SYMBOL        i
  -------         ENDDO         
  C:06C3H         LINE#         7
  C:06C3H         LINE#         8
  C:06C3H         LINE#         10
  C:06CDH         LINE#         11
  C:06D8H         LINE#         12
  C:06D8H         LINE#         13
  -------         ENDPROC       _DELAY_ONEWIRE
  -------         PROC          _WRITE_DS18B20
  D:0001H         SYMBOL        dat
  -------         DO            
  D:0003H         SYMBOL        i
  -------         ENDDO         
  C:064AH         LINE#         16
  C:064CH         LINE#         17
  C:064CH         LINE#         19
  C:064EH         LINE#         20
  C:064EH         LINE#         21
  C:0650H         LINE#         22
  C:0654H         LINE#         23
  C:0657H         LINE#         24
  C:0659H         LINE#         25
  C:065DH         LINE#         26
  C:0661H         LINE#         27
  -------         ENDPROC       _WRITE_DS18B20
  -------         PROC          READ_DS18B20
  -------         DO            
  D:0003H         SYMBOL        i
  D:0004H         SYMBOL        dat
  -------         ENDDO         
  C:06D9H         LINE#         31
  C:06D9H         LINE#         32
  C:06D9H         LINE#         36
  C:06DBH         LINE#         37
  C:06DBH         LINE#         38
  C:06DDH         LINE#         39
  C:06E1H         LINE#         40
  C:06E3H         LINE#         41
  C:06E6H         LINE#         42
  C:06E6H         LINE#         43
  C:06E9H         LINE#         44
  C:06E9H         LINE#         45
  C:06ECH         LINE#         46
  C:06F0H         LINE#         47
  C:06F2H         LINE#         48
  -------         ENDPROC       READ_DS18B20
  -------         PROC          INIT_DS18B20
  -------         DO            
BL51 BANKED LINKER/LOCATER V6.22                                                      03/12/2025  21:43:27  PAGE 12


  B:0020H.0       SYMBOL        initflag
  -------         ENDDO         
  C:0574H         LINE#         51
  C:0574H         LINE#         52
  C:0574H         LINE#         53
  C:0576H         LINE#         55
  C:0578H         LINE#         56
  C:057FH         LINE#         57
  C:0581H         LINE#         58
  C:0588H         LINE#         59
  C:058AH         LINE#         60
  C:0591H         LINE#         61
  C:0595H         LINE#         62
  C:0598H         LINE#         64
  C:059AH         LINE#         65
  -------         ENDPROC       INIT_DS18B20
  -------         PROC          RD_T
  -------         DO            
  D:0001H         SYMBOL        low
  D:0007H         SYMBOL        high
  -------         ENDDO         
  C:04B0H         LINE#         67
  C:04B0H         LINE#         68
  C:04B0H         LINE#         70
  C:04B3H         LINE#         71
  C:04B8H         LINE#         72
  C:04BDH         LINE#         74
  C:04C0H         LINE#         75
  C:04C5H         LINE#         76
  C:04CAH         LINE#         78
  C:04CFH         LINE#         79
  C:04D2H         LINE#         80
  C:04E4H         LINE#         81
  -------         ENDPROC       RD_T
  -------         ENDMOD        ONEWIRE

  -------         MODULE        IIC
  C:0000H         SYMBOL        _ICE_DUMMY_
  D:0090H         PUBLIC        P1
  D:00A0H         PUBLIC        P2
  D:00B0H         PUBLIC        P3
  C:05E5H         PUBLIC        _Ad_Read
  D:00A8H         PUBLIC        IE
  C:06F7H         SYMBOL        _I2C_Delay
  C:0722H         PUBLIC        _Da_Write
  D:00B8H         PUBLIC        IP
  C:0685H         PUBLIC        I2CReceiveByte
  C:03AAH         PUBLIC        _EEPROM_Read
  D:0098H         PUBLIC        SCON
  D:0088H         PUBLIC        TCON
  B:00A0H.1       PUBLIC        sda
  C:03F0H         PUBLIC        _EEPROM_Write
  B:00A0H.0       PUBLIC        scl
  C:0785H         PUBLIC        I2CStart
  C:0003H         PUBLIC        _I2CSendAck
  C:0548H         PUBLIC        _I2CSendByte
  C:06ADH         PUBLIC        I2CWaitAck
BL51 BANKED LINKER/LOCATER V6.22                                                      03/12/2025  21:43:27  PAGE 13


  C:07A1H         PUBLIC        I2CStop
  D:00C8H         PUBLIC        T2CON
  D:00D0H         PUBLIC        PSW
  C:06F3H         SYMBOL        L?0037
  -------         PROC          L?0036
  -------         ENDPROC       L?0036
  C:06F3H         SYMBOL        L?0037
  -------         PROC          _I2C_DELAY
  D:0007H         SYMBOL        n
  C:06F7H         LINE#         11
  C:06F7H         LINE#         12
  C:06F7H         LINE#         14
  C:06F7H         LINE#         15
  C:06FCH         LINE#         16
  C:0701H         LINE#         17
  C:0706H         LINE#         18
  C:0706H         LINE#         19
  C:070CH         LINE#         20
  -------         ENDPROC       _I2C_DELAY
  -------         PROC          I2CSTART
  C:0785H         LINE#         23
  C:0785H         LINE#         24
  C:0785H         LINE#         25
  C:0787H         LINE#         26
  C:0787H         LINE#         27
  C:078AH         LINE#         28
  C:078CH         LINE#         29
  C:0791H         LINE#         30
  C:0793H         LINE#         31
  -------         ENDPROC       I2CSTART
  -------         PROC          I2CSTOP
  C:07A1H         LINE#         34
  C:07A1H         LINE#         35
  C:07A1H         LINE#         36
  C:07A3H         LINE#         37
  C:07A3H         LINE#         38
  C:07A6H         LINE#         39
  C:07A8H         LINE#         40
  -------         ENDPROC       I2CSTOP
  -------         PROC          _I2CSENDBYTE
  D:0005H         SYMBOL        byt
  -------         DO            
  D:0004H         SYMBOL        i
  -------         ENDDO         
  C:0548H         LINE#         44
  C:054AH         LINE#         45
  C:054AH         LINE#         48
  C:054CH         LINE#         49
  C:054EH         LINE#         50
  C:0553H         LINE#         51
  C:0557H         LINE#         52
  C:0559H         LINE#         53
  C:055BH         LINE#         54
  C:055BH         LINE#         55
  C:055DH         LINE#         56
  C:055DH         LINE#         57
  C:0562H         LINE#         58
BL51 BANKED LINKER/LOCATER V6.22                                                      03/12/2025  21:43:27  PAGE 14


  C:0564H         LINE#         59
  C:0568H         LINE#         60
  C:056DH         LINE#         61
  C:0571H         LINE#         63
  C:0573H         LINE#         64
  -------         ENDPROC       _I2CSENDBYTE
  -------         PROC          I2CRECEIVEBYTE
  -------         DO            
  D:0005H         SYMBOL        da
  D:0004H         SYMBOL        i
  -------         ENDDO         
  C:0685H         LINE#         67
  C:0685H         LINE#         68
  C:0685H         LINE#         71
  C:0687H         LINE#         72
  C:0687H         LINE#         73
  C:068AH         LINE#         74
  C:068EH         LINE#         75
  C:0691H         LINE#         76
  C:0694H         LINE#         77
  C:0696H         LINE#         78
  C:069BH         LINE#         79
  C:069FH         LINE#         80
  C:06A1H         LINE#         81
  -------         ENDPROC       I2CRECEIVEBYTE
  C:06A2H         SYMBOL        L?0035
  -------         PROC          L?0034
  -------         ENDPROC       L?0034
  C:06A2H         SYMBOL        L?0035
  -------         PROC          I2CWAITACK
  -------         DO            
  D:0005H         SYMBOL        ackbit
  -------         ENDDO         
  C:06ADH         LINE#         84
  C:06ADH         LINE#         85
  C:06ADH         LINE#         88
  C:06ADH         LINE#         89
  C:06B0H         LINE#         90
  C:06B5H         LINE#         91
  C:06B7H         LINE#         92
  C:06BCH         LINE#         94
  C:06BEH         LINE#         95
  -------         ENDPROC       I2CWAITACK
  -------         PROC          _I2CSENDACK
  D:0007H         SYMBOL        ackbit
  C:0003H         LINE#         98
  C:0003H         LINE#         99
  C:0003H         LINE#         100
  C:0005H         LINE#         101
  C:000AH         LINE#         102
  C:000FH         LINE#         103
  C:000FH         LINE#         104
  C:0012H         LINE#         105
  C:0014H         LINE#         106
  C:0016H         LINE#         107
  -------         ENDPROC       _I2CSENDACK
  -------         PROC          _AD_READ
BL51 BANKED LINKER/LOCATER V6.22                                                      03/12/2025  21:43:27  PAGE 15


  D:0003H         SYMBOL        addr
  -------         DO            
  D:0005H         SYMBOL        temp
  -------         ENDDO         
  C:05E5H         LINE#         111
  C:05E7H         LINE#         112
  C:05E7H         LINE#         114
  C:05EAH         LINE#         115
  C:05ECH         LINE#         116
  C:05ECH         LINE#         117
  C:05ECH         LINE#         118
  C:05EFH         LINE#         120
  C:05F2H         LINE#         121
  C:05F7H         LINE#         122
  C:05FAH         LINE#         123
  C:05FFH         LINE#         124
  C:0604H         LINE#         125
  C:0607H         LINE#         126
  C:0609H         LINE#         127
  -------         ENDPROC       _AD_READ
  -------         PROC          _DA_WRITE
  D:0003H         SYMBOL        dat
  C:0722H         LINE#         130
  C:0724H         LINE#         131
  C:0724H         LINE#         132
  C:0727H         LINE#         133
  C:072CH         LINE#         134
  C:072FH         LINE#         135
  C:0731H         LINE#         136
  C:0731H         LINE#         137
  C:0731H         LINE#         138
  C:0734H         LINE#         139
  -------         ENDPROC       _DA_WRITE
  -------         PROC          _EEPROM_WRITE
  D:000EH         SYMBOL        EEPROM
  D:0003H         SYMBOL        addr
  D:0012H         SYMBOL        num
  C:03F0H         LINE#         143
  C:03F8H         LINE#         144
  C:03F8H         LINE#         145
  C:03FBH         LINE#         146
  C:0400H         LINE#         147
  C:0403H         LINE#         148
  C:0408H         LINE#         149
  C:040AH         LINE#         151
  C:0411H         LINE#         152
  C:0411H         LINE#         153
  C:0426H         LINE#         154
  C:042BH         LINE#         155
  C:042EH         LINE#         156
  C:0430H         LINE#         157
  -------         ENDPROC       _EEPROM_WRITE
  -------         PROC          _EEPROM_READ
  D:0013H         SYMBOL        EEPROM
  D:0003H         SYMBOL        addr
  D:0017H         SYMBOL        num
  C:03AAH         LINE#         161
BL51 BANKED LINKER/LOCATER V6.22                                                      03/12/2025  21:43:27  PAGE 16


  C:03B2H         LINE#         162
  C:03B2H         LINE#         163
  C:03B5H         LINE#         164
  C:03B7H         LINE#         165
  C:03B7H         LINE#         166
  C:03B7H         LINE#         167
  C:03BAH         LINE#         168
  C:03BFH         LINE#         169
  C:03C2H         LINE#         171
  C:03C9H         LINE#         172
  C:03C9H         LINE#         173
  C:03DEH         LINE#         174
  C:03E6H         LINE#         175
  C:03EBH         LINE#         176
  C:03EDH         LINE#         177
  -------         ENDPROC       _EEPROM_READ
  -------         ENDMOD        IIC

  -------         MODULE        ?C?FPDIV
  C:0021H         PUBLIC        ?C?FPDIV
  -------         ENDMOD        ?C?FPDIV

  -------         MODULE        ?C?FCAST
  C:00C8H         PUBLIC        ?C?FCASTC
  C:00C3H         PUBLIC        ?C?FCASTI
  C:00BEH         PUBLIC        ?C?FCASTL
  -------         ENDMOD        ?C?FCAST

  -------         MODULE        ?C?CLDPTR
  C:0146H         PUBLIC        ?C?CLDPTR
  -------         ENDMOD        ?C?CLDPTR

  -------         MODULE        ?C?CLDOPTR
  C:015FH         PUBLIC        ?C?CLDOPTR
  -------         ENDMOD        ?C?CLDOPTR

  -------         MODULE        ?C?CSTPTR
  C:018CH         PUBLIC        ?C?CSTPTR
  -------         ENDMOD        ?C?CSTPTR

  -------         MODULE        ?C?CSTOPTR
  C:019EH         PUBLIC        ?C?CSTOPTR
  -------         ENDMOD        ?C?CSTOPTR

  -------         MODULE        ?C?LNEG
  C:01C0H         PUBLIC        ?C?LNEG
  -------         ENDMOD        ?C?LNEG

*** WARNING L16: UNCALLED SEGMENT, IGNORED FOR OVERLAY PROCESS
    SEGMENT: ?PR?_BEEP?LED

*** WARNING L16: UNCALLED SEGMENT, IGNORED FOR OVERLAY PROCESS
    SEGMENT: ?PR?_RELAY?LED

*** WARNING L16: UNCALLED SEGMENT, IGNORED FOR OVERLAY PROCESS
    SEGMENT: ?PR?_SET_RTC?DS1302

BL51 BANKED LINKER/LOCATER V6.22                                                      03/12/2025  21:43:27  PAGE 17


*** WARNING L16: UNCALLED SEGMENT, IGNORED FOR OVERLAY PROCESS
    SEGMENT: ?PR?_READ_RTC?DS1302

*** WARNING L16: UNCALLED SEGMENT, IGNORED FOR OVERLAY PROCESS
    SEGMENT: ?PR?RD_T?ONEWIRE

*** WARNING L16: UNCALLED SEGMENT, IGNORED FOR OVERLAY PROCESS
    SEGMENT: ?PR?_AD_READ?IIC

*** WARNING L16: UNCALLED SEGMENT, IGNORED FOR OVERLAY PROCESS
    SEGMENT: ?PR?_DA_WRITE?IIC

*** WARNING L16: UNCALLED SEGMENT, IGNORED FOR OVERLAY PROCESS
    SEGMENT: ?PR?_EEPROM_WRITE?IIC

*** WARNING L16: UNCALLED SEGMENT, IGNORED FOR OVERLAY PROCESS
    SEGMENT: ?PR?_EEPROM_READ?IIC

Program Size: data=86.1 xdata=0 code=1966
LINK/LOCATE RUN COMPLETE.  9 WARNING(S),  0 ERROR(S)
