C51 COMPILER V9.54   MAIN                                                                  03/12/2025 21:43:27 PAGE 1   


C51 COMPILER V9.54, COMPILATION OF MODULE MAIN
OBJECT MODULE PLACED IN .\Objects\main.obj
COMPILER INVOKED BY: D:\Keil5\C51\BIN\C51.EXE main.c OPTIMIZE(8,SPEED) BROWSE INCDIR(..\Driver) DEBUG OBJECTEXTEND PRINT
                    -(.\Listings\main.lst) TABS(2) OBJECT(.\Objects\main.obj)

line level    source

   1          /*头文件声明区域*/
   2          #include <STC15F2K60S2.H>
   3          #include <Init.h>
   4          #include <Key.h>
   5          #include <Seg.h>
   6          #include <Led.h>
   7          
   8          /*变量声明区域*/
   9          unsigned char Key_Slow_Down;
  10          unsigned int Seg_Slow_Down;
  11          unsigned char Key_Val,Key_Down,Key_Up,Key_Old;
  12          unsigned char Seg_Buf[8] = {10,10,10,10,10,10,10,10};
  13          unsigned char Seg_Point[8] = {0,0,0,0,0,0,0,0};
  14          unsigned char ucLed[8] = {0,0,0,0,0,0,0,0};
  15          unsigned char Seg_Pos;
  16          unsigned int Freq;
  17          unsigned int Timer_1000Ms;
  18          
  19          /*按键读取函数*/
  20          void Key_Proc()
  21          {
  22   1        if(Key_Slow_Down) return;
  23   1        Key_Slow_Down = 1;
  24   1        
  25   1        Key_Val = Key_Read();
  26   1        Key_Down = Key_Val & (Key_Val ^ Key_Old);
  27   1        Key_Up = ~Key_Val & (Key_Val ^ Key_Old);
  28   1        Key_Old = Key_Val;
  29   1        
  30   1      }
  31          
  32          /*信息处理函数*/
  33          void Seg_Proc()
  34          {
  35   1        if(Seg_Slow_Down) return;
  36   1        Seg_Slow_Down = 1;
  37   1      
  38   1      }
  39          
  40          /*其他显示函数*/
  41          void Led_Proc()
  42          {
  43   1      
  44   1      }
  45          
  46          /*定时器0计次*/
  47          void Timer0Init(void)   //1毫秒@12.000MHz
  48          {
  49   1        AUXR &= 0x7F;     //定时器时钟12T模式
  50   1        TMOD &= 0xF0;     //设置定时器模式
  51   1        TMOD |= 0x05;     //设置定时器模式 
  52   1        TL0 = 0;        //设置定时初始值
  53   1        TH0 = 0;        //设置定时初始值
  54   1        TF0 = 0;        //清除TF0标志
C51 COMPILER V9.54   MAIN                                                                  03/12/2025 21:43:27 PAGE 2   

  55   1        TR0 = 1;        //定时器0开始计时
  56   1      }
  57          
  58          /*定时器1初始化函数*/
  59          void Timer1Init(void)   //1毫秒@12.000MHz
  60          {
  61   1        AUXR &= 0xBF;     //定时器时钟12T模式
  62   1        TMOD &= 0x0F;     //设置定时器模式
  63   1        TL1 = 0x18;       //设置定时初始值
  64   1        TH1 = 0xFC;       //设置定时初始值
  65   1        TF1 = 0;        //清除TF1标志
  66   1        TR1 = 1;        //定时器1开始计时
  67   1        ET1 = 1;
  68   1        EA = 1;
  69   1      }
  70          
  71          /*定时器0中断服务函数*/
  72          void Timer1Server() interrupt 3
  73          {
  74   1        if(++Key_Slow_Down == 10) Key_Slow_Down = 0;
  75   1        if(++Seg_Slow_Down == 500) Seg_Slow_Down = 0;
  76   1        if(++Seg_Pos == 8) Seg_Pos = 0;
  77   1        Seg_Disp(Seg_Pos,Seg_Buf[Seg_Pos],Seg_Point[Seg_Pos]);
  78   1        Led_Disp(Seg_Pos,ucLed[Seg_Pos]);
  79   1        if(++Timer_1000Ms == 1000)
  80   1        {
  81   2          Timer_1000Ms = 0;
  82   2          Freq = ((TH0<<8)|TL0);
  83   2          TH0 = TL0 = 0;
  84   2        }
  85   1        
  86   1      }
  87          
  88          /*Main*/
  89          void main()
  90          {
  91   1        Sys_Init();
  92   1        Timer0Init();
  93   1        Timer1Init();
  94   1        while(1)
  95   1        {
  96   2          Key_Proc();
  97   2          Seg_Proc();
  98   2          Led_Proc();
  99   2        }
 100   1      }


MODULE INFORMATION:   STATIC OVERLAYABLE
   CODE SIZE        =    280    ----
   CONSTANT SIZE    =   ----    ----
   XDATA SIZE       =   ----    ----
   PDATA SIZE       =   ----    ----
   DATA SIZE        =     36    ----
   IDATA SIZE       =   ----    ----
   BIT SIZE         =   ----    ----
END OF MODULE INFORMATION.


C51 COMPILATION COMPLETE.  0 WARNING(S),  0 ERROR(S)
