C51 COMPILER V9.54   SEG                                                                   03/12/2025 20:47:15 PAGE 1   


C51 COMPILER V9.54, COMPILATION OF MODULE SEG
OBJECT MODULE PLACED IN .\Objects\Seg.obj
COMPILER INVOKED BY: D:\Keil5\C51\BIN\C51.EXE ..\Driver\Seg.c OPTIMIZE(8,SPEED) BROWSE INCDIR(..\Driver) DEBUG OBJECTEXT
                    -END PRINT(.\Listings\Seg.lst) TABS(2) OBJECT(.\Objects\Seg.obj)

line level    source

   1          #include <Seg.h>
   2          
   3          unsigned char Seg_dula[] = {
   4          0xc0,  
   5          0xf9,  
   6          0xa4,  
   7          0xb0,  
   8          0x99,  
   9          0x92,  
  10          0x82,  
  11          0xf8,  
  12          0x80,  
  13          0x90,  
  14          0x88,  
  15          0x83,  
  16          0xc6,  
  17          0xa1,  
  18          0x86,  
  19          0x8e,
  20          0xff/*10*/
  21          }; 
  22          unsigned char Seg_wela[] = {0x01,0x02,0x04,0x08,0x10,0x20,0x40,0x80};
  23          
  24          void Seg_Disp(unsigned char wela,dula,point)
  25          {
  26   1        P0 = 0xff;
  27   1        P2 = P2 & 0x1f | 0xe0;
  28   1        P2 &= 0x1f;
  29   1        
  30   1        P0 = Seg_wela[wela];
  31   1        P2 = P2 & 0x1f | 0xc0;
  32   1        P2 &= 0x1f;
  33   1        
  34   1        if(point)
  35   1          P0 = Seg_dula[dula] & 0x7f;
  36   1        else
  37   1          P0 = Seg_dula[dula];    
  38   1        P2 = P2 & 0x1f | 0xe0;
  39   1        P2 &= 0x1f;
  40   1      }


MODULE INFORMATION:   STATIC OVERLAYABLE
   CODE SIZE        =     66    ----
   CONSTANT SIZE    =   ----    ----
   XDATA SIZE       =   ----    ----
   PDATA SIZE       =   ----    ----
   DATA SIZE        =     25    ----
   IDATA SIZE       =   ----    ----
   BIT SIZE         =   ----    ----
END OF MODULE INFORMATION.


C51 COMPILATION COMPLETE.  0 WARNING(S),  0 ERROR(S)
