BL51 BANKED LINKER/LOCATER V6.22                                                        02/12/2025  16:51:41  PAGE 1


BL51 BANKED LINKER/LOCATER V6.22, INVOKED BY:
D:\KEIL5\C51\BIN\BL51.EXE .\Objects\main.obj, .\Objects\Key.obj, .\Objects\Seg.obj, .\Objects\Init.obj, .\Objects\Led.ob
>> j, .\Objects\iic.obj TO .\Objects\Model PRINT (.\Listings\Model.m51) RAMSIZE (256)


MEMORY MODEL: SMALL WITH FLOATING POINT ARITHMETIC


INPUT MODULES INCLUDED:
  .\Objects\main.obj (MAIN)
  .\Objects\Key.obj (KEY)
  .\Objects\Seg.obj (SEG)
  .\Objects\Init.obj (INIT)
  .\Objects\Led.obj (LED)
  .\Objects\iic.obj (IIC)
  D:\KEIL5\C51\LIB\C51FPS.LIB (?C?FPMUL)
  D:\KEIL5\C51\LIB\C51FPS.LIB (?C?FPDIV)
  D:\KEIL5\C51\LIB\C51FPS.LIB (?C?FPCMP)
  D:\KEIL5\C51\LIB\C51FPS.LIB (?C?FCAST)
  D:\KEIL5\C51\LIB\C51FPS.LIB (?C?CASTF)
  D:\KEIL5\C51\LIB\C51FPS.LIB (?C?FPGETOPN)
  D:\KEIL5\C51\LIB\C51S.LIB (?C_STARTUP)
  D:\KEIL5\C51\LIB\C51S.LIB (?C?UIDIV)
  D:\KEIL5\C51\LIB\C51S.LIB (?C?LNEG)
  D:\KEIL5\C51\LIB\C51S.LIB (?C_INIT)


LINK MAP OF MODULE:  .\Objects\Model (MAIN)


            TYPE    BASE      LENGTH    RELOCATION   SEGMENT NAME
            -----------------------------------------------------

            * * * * * * *   D A T A   M E M O R Y   * * * * * * *
            REG     0000H     0008H     ABSOLUTE     "REG BANK 0"
            DATA    0008H     0015H     UNIT         ?DT?SEG
            DATA    001DH     0001H     UNIT         _DATA_GROUP_
                    001EH     0002H                  *** GAP ***
            BIT     0020H.0   0000H.4   UNIT         ?BI?MAIN
                    0020H.4   0000H.4                *** GAP ***
            DATA    0021H     002CH     UNIT         ?DT?MAIN
            DATA    004DH     0006H     UNIT         ?DT?LED
            IDATA   0053H     0001H     UNIT         ?STACK

            * * * * * * *   C O D E   M E M O R Y   * * * * * * *
            CODE    0000H     0003H     ABSOLUTE     
            CODE    0003H     0018H     UNIT         ?PR?_I2CSENDACK?IIC
            CODE    001BH     0003H     ABSOLUTE     
            CODE    001EH     0341H     UNIT         ?C?LIB_CODE
            CODE    035FH     0112H     UNIT         ?PR?SEG_PROC?MAIN
            CODE    0471H     00C2H     UNIT         ?PR?TIMER1SERVER?MAIN
            CODE    0533H     00A4H     UNIT         ?PR?LED_PROC?MAIN
            CODE    05D7H     008CH     UNIT         ?C_C51STARTUP
            CODE    0663H     004EH     UNIT         ?C_INITSEG
            CODE    06B1H     0046H     UNIT         ?PR?KEY_PROC?MAIN
            CODE    06F7H     0042H     UNIT         ?PR?_SEG_DISP?SEG
            CODE    0739H     003BH     UNIT         ?PR?_LED_DISP?LED
            CODE    0774H     002CH     UNIT         ?PR?_I2CSENDBYTE?IIC
BL51 BANKED LINKER/LOCATER V6.22                                                      02/12/2025  16:51:41  PAGE 2


            CODE    07A0H     0025H     UNIT         ?PR?_BEEP?LED
            CODE    07C5H     0025H     UNIT         ?PR?_RELAY?LED
            CODE    07EAH     0025H     UNIT         ?PR?_AD_READ?IIC
            CODE    080FH     001DH     UNIT         ?PR?SYSTEM_INIT?INIT
            CODE    082CH     001DH     UNIT         ?PR?I2CRECEIVEBYTE?IIC
            CODE    0849H     001DH     UNIT         ?PR?I2CWAITACK?IIC
            CODE    0866H     001AH     UNIT         ?PR?_I2C_DELAY?IIC
            CODE    0880H     0017H     UNIT         ?PR?KEY_READ?KEY
            CODE    0897H     0015H     UNIT         ?PR?TIMER1INIT?MAIN
            CODE    08ACH     0015H     UNIT         ?PR?_DA_WRITE?IIC
            CODE    08C1H     0014H     UNIT         ?PR?MAIN?MAIN
            CODE    08D5H     0013H     UNIT         ?PR?TIMER0INIT?MAIN
            CODE    08E8H     000FH     UNIT         ?PR?I2CSTART?IIC
            CODE    08F7H     000CH     UNIT         ?PR?I2CSTOP?IIC



OVERLAY MAP OF MODULE:   .\Objects\Model (MAIN)


SEGMENT                          DATA_GROUP 
  +--> CALLED SEGMENT          START    LENGTH
----------------------------------------------
?PR?TIMER1SERVER?MAIN          -----    -----
  +--> ?PR?_SEG_DISP?SEG
  +--> ?PR?_LED_DISP?LED

*** NEW ROOT ***************************************************

?C_C51STARTUP                  -----    -----
  +--> ?PR?MAIN?MAIN
  +--> ?C_INITSEG

?PR?MAIN?MAIN                  -----    -----
  +--> ?PR?SYSTEM_INIT?INIT
  +--> ?PR?TIMER0INIT?MAIN
  +--> ?PR?TIMER1INIT?MAIN
  +--> ?PR?KEY_PROC?MAIN
  +--> ?PR?SEG_PROC?MAIN
  +--> ?PR?LED_PROC?MAIN

?PR?KEY_PROC?MAIN              -----    -----
  +--> ?PR?KEY_READ?KEY

?PR?SEG_PROC?MAIN              001DH    0001H
  +--> ?PR?_AD_READ?IIC

?PR?_AD_READ?IIC               -----    -----
  +--> ?PR?I2CSTART?IIC
  +--> ?PR?I2CWAITACK?IIC
  +--> ?PR?_I2CSENDBYTE?IIC
  +--> ?PR?I2CRECEIVEBYTE?IIC
  +--> ?PR?_I2CSENDACK?IIC
  +--> ?PR?I2CSTOP?IIC

?PR?I2CSTART?IIC               -----    -----
  +--> ?PR?_I2C_DELAY?IIC
BL51 BANKED LINKER/LOCATER V6.22                                                      02/12/2025  16:51:41  PAGE 3



?PR?I2CWAITACK?IIC             -----    -----
  +--> ?PR?_I2CSENDBYTE?IIC
  +--> ?PR?_I2C_DELAY?IIC

?PR?_I2CSENDBYTE?IIC           -----    -----
  +--> ?PR?_I2C_DELAY?IIC

?PR?I2CRECEIVEBYTE?IIC         -----    -----
  +--> ?PR?_I2C_DELAY?IIC

?PR?_I2CSENDACK?IIC            -----    -----
  +--> ?PR?_I2C_DELAY?IIC

?PR?I2CSTOP?IIC                -----    -----
  +--> ?PR?_I2C_DELAY?IIC

?PR?LED_PROC?MAIN              -----    -----
  +--> ?PR?_DA_WRITE?IIC

?PR?_DA_WRITE?IIC              -----    -----
  +--> ?PR?I2CSTART?IIC
  +--> ?PR?_I2CSENDBYTE?IIC
  +--> ?PR?I2CWAITACK?IIC
  +--> ?PR?I2CSTOP?IIC



SYMBOL TABLE OF MODULE:  .\Objects\Model (MAIN)

  VALUE           TYPE          NAME
  ----------------------------------

  -------         MODULE        MAIN
  C:0000H         SYMBOL        _ICE_DUMMY_
  D:0080H         PUBLIC        P0
  D:0090H         PUBLIC        P1
  D:00A0H         PUBLIC        P2
  D:00B0H         PUBLIC        P3
  D:00C0H         PUBLIC        P4
  D:00C8H         PUBLIC        P5
  D:00E8H         PUBLIC        P6
  B:00A8H.7       PUBLIC        EA
  D:00F8H         PUBLIC        P7
  C:0533H         PUBLIC        Led_Proc
  D:0021H         PUBLIC        Seg_Point
  D:00A8H         PUBLIC        IE
  D:0029H         PUBLIC        Freq
  C:035FH         PUBLIC        Seg_Proc
  D:00B8H         PUBLIC        IP
  D:002BH         PUBLIC        Seg_Buf
  C:06B1H         PUBLIC        Key_Proc
  D:0033H         PUBLIC        Seg_Slow_Down
  D:00D8H         PUBLIC        CCON
  D:0035H         PUBLIC        Key_Down
  C:08C1H         PUBLIC        main
  D:0036H         PUBLIC        Key_Old
BL51 BANKED LINKER/LOCATER V6.22                                                      02/12/2025  16:51:41  PAGE 4


  D:0037H         PUBLIC        Key_Slow_Down
  D:0038H         PUBLIC        Key_Val
  C:0471H         PUBLIC        Timer1Server
  D:0039H         PUBLIC        Seg_Pos
  D:0098H         PUBLIC        SCON
  D:0089H         PUBLIC        TMOD
  D:0088H         PUBLIC        TCON
  D:008EH         PUBLIC        AUXR
  B:00A8H.3       PUBLIC        ET1
  B:0088H.5       PUBLIC        TF0
  C:08D5H         PUBLIC        Timer0Init
  D:003AH         PUBLIC        V_Output
  B:0088H.7       PUBLIC        TF1
  C:0897H         PUBLIC        Timer1Init
  D:008CH         PUBLIC        TH0
  D:008DH         PUBLIC        TH1
  D:003EH         PUBLIC        Key_Up
  D:008AH         PUBLIC        TL0
  D:008BH         PUBLIC        TL1
  D:003FH         PUBLIC        V
  B:0088H.4       PUBLIC        TR0
  B:0088H.6       PUBLIC        TR1
  D:0043H         PUBLIC        Timer_1000Ms
  D:0045H         PUBLIC        ucLed
  B:0020H.0       PUBLIC        Led_Flag
  B:0020H.1       PUBLIC        Seg_Disp_Mode
  D:00D0H         PUBLIC        PSW
  B:0020H.2       PUBLIC        Seg_Flag
  B:0020H.3       PUBLIC        Output_Mode
  -------         PROC          KEY_PROC
  C:06B1H         LINE#         27
  C:06B1H         LINE#         28
  C:06B1H         LINE#         29
  C:06B5H         LINE#         30
  C:06B8H         LINE#         32
  C:06BDH         LINE#         33
  C:06C6H         LINE#         34
  C:06CCH         LINE#         35
  C:06CFH         LINE#         37
  C:06DFH         LINE#         38
  C:06DFH         LINE#         39
  C:06DFH         LINE#         40
  C:06E4H         LINE#         41
  C:06E5H         LINE#         43
  C:06E5H         LINE#         44
  C:06EAH         LINE#         45
  C:06EBH         LINE#         47
  C:06EBH         LINE#         48
  C:06F0H         LINE#         49
  C:06F1H         LINE#         51
  C:06F1H         LINE#         52
  C:06F6H         LINE#         53
  C:06F6H         LINE#         54
  C:06F6H         LINE#         55
  -------         ENDPROC       KEY_PROC
  -------         PROC          SEG_PROC
  -------         DO            
BL51 BANKED LINKER/LOCATER V6.22                                                      02/12/2025  16:51:41  PAGE 5


  D:001DH         SYMBOL        i
  -------         ENDDO         
  C:035FH         LINE#         58
  C:035FH         LINE#         59
  C:035FH         LINE#         60
  C:0362H         LINE#         61
  C:036BH         LINE#         62
  C:0371H         LINE#         64
  C:038EH         LINE#         65
  C:0391H         LINE#         66
  C:039DH         LINE#         68
  C:03A9H         LINE#         70
  C:03AFH         LINE#         71
  C:03B2H         LINE#         72
  C:03B2H         LINE#         73
  C:03B5H         LINE#         74
  C:03C9H         LINE#         75
  C:03DDH         LINE#         76
  C:03F1H         LINE#         77
  C:0405H         LINE#         78
  C:0412H         LINE#         79
  C:041AH         LINE#         80
  C:041AH         LINE#         81
  C:041CH         LINE#         82
  C:0424H         LINE#         84
  C:0424H         LINE#         86
  C:0424H         LINE#         87
  C:0427H         LINE#         88
  C:042AH         LINE#         89
  C:042DH         LINE#         90
  C:043AH         LINE#         91
  C:0463H         LINE#         92
  C:0470H         LINE#         93
  C:0470H         LINE#         94
  -------         ENDPROC       SEG_PROC
  -------         PROC          LED_PROC
  -------         DO            
  D:0007H         SYMBOL        i
  -------         ENDDO         
  C:0533H         LINE#         97
  C:0533H         LINE#         98
  C:0533H         LINE#         100
  C:054BH         LINE#         101
  C:054DH         LINE#         102
  C:0564H         LINE#         103
  C:05A8H         LINE#         104
  C:05D0H         LINE#         105
  C:05D6H         LINE#         106
  -------         ENDPROC       LED_PROC
  -------         PROC          TIMER0INIT
  C:08D5H         LINE#         109
  C:08D5H         LINE#         110
  C:08D5H         LINE#         111
  C:08D8H         LINE#         112
  C:08DBH         LINE#         113
  C:08DEH         LINE#         114
  C:08E1H         LINE#         115
BL51 BANKED LINKER/LOCATER V6.22                                                      02/12/2025  16:51:41  PAGE 6


  C:08E3H         LINE#         116
  C:08E5H         LINE#         117
  C:08E7H         LINE#         118
  -------         ENDPROC       TIMER0INIT
  -------         PROC          TIMER1INIT
  C:0897H         LINE#         121
  C:0897H         LINE#         122
  C:0897H         LINE#         123
  C:089AH         LINE#         124
  C:089DH         LINE#         125
  C:08A0H         LINE#         126
  C:08A3H         LINE#         127
  C:08A5H         LINE#         128
  C:08A7H         LINE#         129
  C:08A9H         LINE#         130
  C:08ABH         LINE#         131
  -------         ENDPROC       TIMER1INIT
  -------         PROC          TIMER1SERVER
  C:0471H         LINE#         135
  C:048EH         LINE#         137
  C:0498H         LINE#         138
  C:04AFH         LINE#         139
  C:04B9H         LINE#         141
  C:04BCH         LINE#         142
  C:04D0H         LINE#         144
  C:04DBH         LINE#         146
  C:04DEH         LINE#         147
  C:04E9H         LINE#         149
  C:04F1H         LINE#         151
  C:0502H         LINE#         152
  C:0502H         LINE#         153
  C:0508H         LINE#         154
  C:0512H         LINE#         155
  C:0515H         LINE#         156
  C:0518H         LINE#         157
  C:0518H         LINE#         158
  -------         ENDPROC       TIMER1SERVER
  -------         PROC          MAIN
  C:08C1H         LINE#         161
  C:08C1H         LINE#         162
  C:08C1H         LINE#         163
  C:08C4H         LINE#         164
  C:08C7H         LINE#         165
  C:08CAH         LINE#         166
  C:08CAH         LINE#         167
  C:08CAH         LINE#         168
  C:08CDH         LINE#         169
  C:08D0H         LINE#         170
  C:08D3H         LINE#         171
  -------         ENDPROC       MAIN
  -------         ENDMOD        MAIN

  -------         MODULE        KEY
  C:0000H         SYMBOL        _ICE_DUMMY_
  D:0080H         PUBLIC        P0
  D:0090H         PUBLIC        P1
  D:00A0H         PUBLIC        P2
BL51 BANKED LINKER/LOCATER V6.22                                                      02/12/2025  16:51:41  PAGE 7


  D:00B0H         PUBLIC        P3
  D:00C0H         PUBLIC        P4
  D:00C8H         PUBLIC        P5
  D:00E8H         PUBLIC        P6
  D:00F8H         PUBLIC        P7
  C:0880H         PUBLIC        Key_Read
  D:00A8H         PUBLIC        IE
  D:00B8H         PUBLIC        IP
  D:00D8H         PUBLIC        CCON
  B:00B0H.0       PUBLIC        P30
  B:00B0H.1       PUBLIC        P31
  D:0098H         PUBLIC        SCON
  B:00B0H.2       PUBLIC        P32
  D:0088H         PUBLIC        TCON
  B:00B0H.3       PUBLIC        P33
  D:00D0H         PUBLIC        PSW
  -------         PROC          KEY_READ
  -------         DO            
  D:0007H         SYMBOL        temp
  -------         ENDDO         
  C:0880H         LINE#         3
  C:0880H         LINE#         4
  C:0880H         LINE#         5
  C:0882H         LINE#         6
  C:0887H         LINE#         7
  C:088CH         LINE#         8
  C:0891H         LINE#         9
  C:0896H         LINE#         10
  C:0896H         LINE#         11
  -------         ENDPROC       KEY_READ
  -------         ENDMOD        KEY

  -------         MODULE        SEG
  C:0000H         SYMBOL        _ICE_DUMMY_
  D:0080H         PUBLIC        P0
  D:0090H         PUBLIC        P1
  D:00A0H         PUBLIC        P2
  D:00B0H         PUBLIC        P3
  D:00C0H         PUBLIC        P4
  D:00C8H         PUBLIC        P5
  D:00E8H         PUBLIC        P6
  D:00F8H         PUBLIC        P7
  D:00A8H         PUBLIC        IE
  C:06F7H         PUBLIC        _Seg_Disp
  D:00B8H         PUBLIC        IP
  D:00D8H         PUBLIC        CCON
  D:0098H         PUBLIC        SCON
  D:0088H         PUBLIC        TCON
  D:0008H         PUBLIC        seg_dula
  D:0015H         PUBLIC        seg_wela
  D:00D0H         PUBLIC        PSW
  -------         PROC          _SEG_DISP
  D:0007H         SYMBOL        wela
  D:0004H         SYMBOL        dula
  D:0002H         SYMBOL        point
  C:06F7H         LINE#         6
  C:06F7H         LINE#         7
BL51 BANKED LINKER/LOCATER V6.22                                                      02/12/2025  16:51:41  PAGE 8


  C:06F7H         LINE#         8
  C:06FAH         LINE#         9
  C:0702H         LINE#         10
  C:0705H         LINE#         12
  C:070CH         LINE#         13
  C:0714H         LINE#         14
  C:0717H         LINE#         16
  C:071BH         LINE#         17
  C:0726H         LINE#         19
  C:072DH         LINE#         20
  C:0735H         LINE#         21
  C:0738H         LINE#         22
  -------         ENDPROC       _SEG_DISP
  -------         ENDMOD        SEG

  -------         MODULE        INIT
  C:0000H         SYMBOL        _ICE_DUMMY_
  C:080FH         PUBLIC        System_Init
  D:0080H         PUBLIC        P0
  D:0090H         PUBLIC        P1
  D:00A0H         PUBLIC        P2
  D:00B0H         PUBLIC        P3
  D:00C0H         PUBLIC        P4
  D:00C8H         PUBLIC        P5
  D:00E8H         PUBLIC        P6
  D:00F8H         PUBLIC        P7
  D:00A8H         PUBLIC        IE
  D:00B8H         PUBLIC        IP
  D:00D8H         PUBLIC        CCON
  D:0098H         PUBLIC        SCON
  D:0088H         PUBLIC        TCON
  D:00D0H         PUBLIC        PSW
  -------         PROC          SYSTEM_INIT
  C:080FH         LINE#         3
  C:080FH         LINE#         4
  C:080FH         LINE#         5
  C:0812H         LINE#         6
  C:081AH         LINE#         7
  C:081DH         LINE#         9
  C:0820H         LINE#         10
  C:0828H         LINE#         11
  C:082BH         LINE#         12
  -------         ENDPROC       SYSTEM_INIT
  -------         ENDMOD        INIT

  -------         MODULE        LED
  C:0000H         SYMBOL        _ICE_DUMMY_
  C:07C5H         PUBLIC        _Relay
  D:0080H         PUBLIC        P0
  D:0090H         PUBLIC        P1
  D:00A0H         PUBLIC        P2
  D:00B0H         PUBLIC        P3
  D:00C0H         PUBLIC        P4
  D:00C8H         PUBLIC        P5
  D:00E8H         PUBLIC        P6
  D:00F8H         PUBLIC        P7
  C:0739H         PUBLIC        _Led_Disp
BL51 BANKED LINKER/LOCATER V6.22                                                      02/12/2025  16:51:41  PAGE 9


  D:00A8H         PUBLIC        IE
  D:00B8H         PUBLIC        IP
  D:00D8H         PUBLIC        CCON
  D:0098H         PUBLIC        SCON
  D:0088H         PUBLIC        TCON
  D:00D0H         PUBLIC        PSW
  C:07A0H         PUBLIC        _Beep
  -------         PROC          _LED_DISP
  D:0007H         SYMBOL        addr
  D:0004H         SYMBOL        enable
  -------         DO            
  D:004DH         SYMBOL        temp
  D:004EH         SYMBOL        temp_old
  -------         ENDDO         
  C:0739H         LINE#         3
  C:0739H         LINE#         4
  C:0739H         LINE#         7
  C:073DH         LINE#         8
  C:074CH         LINE#         10
  C:075AH         LINE#         11
  C:0760H         LINE#         12
  C:0760H         LINE#         13
  C:0765H         LINE#         14
  C:076DH         LINE#         15
  C:0770H         LINE#         16
  C:0773H         LINE#         17
  C:0773H         LINE#         18
  -------         ENDPROC       _LED_DISP
  -------         PROC          _BEEP
  D:0007H         SYMBOL        flag
  -------         DO            
  D:004FH         SYMBOL        temp
  D:0050H         SYMBOL        temp_old
  -------         ENDDO         
  C:07A0H         LINE#         20
  C:07A0H         LINE#         21
  C:07A0H         LINE#         24
  C:07A3H         LINE#         25
  C:07A8H         LINE#         27
  C:07ABH         LINE#         28
  C:07B1H         LINE#         29
  C:07B1H         LINE#         30
  C:07B6H         LINE#         31
  C:07BEH         LINE#         32
  C:07C1H         LINE#         33
  C:07C4H         LINE#         34
  C:07C4H         LINE#         35
  -------         ENDPROC       _BEEP
  -------         PROC          _RELAY
  D:0007H         SYMBOL        flag
  -------         DO            
  D:0051H         SYMBOL        temp
  D:0052H         SYMBOL        temp_old
  -------         ENDDO         
  C:07C5H         LINE#         37
  C:07C5H         LINE#         38
  C:07C5H         LINE#         41
BL51 BANKED LINKER/LOCATER V6.22                                                      02/12/2025  16:51:41  PAGE 10


  C:07C8H         LINE#         42
  C:07CDH         LINE#         44
  C:07D0H         LINE#         45
  C:07D6H         LINE#         46
  C:07D6H         LINE#         47
  C:07DBH         LINE#         48
  C:07E3H         LINE#         49
  C:07E6H         LINE#         50
  C:07E9H         LINE#         51
  C:07E9H         LINE#         52
  -------         ENDPROC       _RELAY
  -------         ENDMOD        LED

  -------         MODULE        IIC
  C:0000H         SYMBOL        _ICE_DUMMY_
  D:0090H         PUBLIC        P1
  D:00A0H         PUBLIC        P2
  D:00B0H         PUBLIC        P3
  C:07EAH         PUBLIC        _Ad_Read
  D:00A8H         PUBLIC        IE
  C:086AH         SYMBOL        _I2C_Delay
  C:08ACH         PUBLIC        _Da_Write
  D:00B8H         PUBLIC        IP
  C:082CH         PUBLIC        I2CReceiveByte
  D:0098H         PUBLIC        SCON
  D:0088H         PUBLIC        TCON
  B:00A0H.1       PUBLIC        sda
  B:00A0H.0       PUBLIC        scl
  C:08E8H         PUBLIC        I2CStart
  C:0003H         PUBLIC        _I2CSendAck
  C:0774H         PUBLIC        _I2CSendByte
  D:00C8H         PUBLIC        T2CON
  C:0854H         PUBLIC        I2CWaitAck
  C:08F7H         PUBLIC        I2CStop
  D:00D0H         PUBLIC        PSW
  C:0866H         SYMBOL        L?0024
  -------         PROC          L?0023
  -------         ENDPROC       L?0023
  C:0866H         SYMBOL        L?0024
  -------         PROC          _I2C_DELAY
  D:0007H         SYMBOL        n
  C:086AH         LINE#         11
  C:086AH         LINE#         12
  C:086AH         LINE#         14
  C:086AH         LINE#         15
  C:086FH         LINE#         16
  C:0874H         LINE#         17
  C:0879H         LINE#         18
  C:0879H         LINE#         19
  C:087FH         LINE#         20
  -------         ENDPROC       _I2C_DELAY
  -------         PROC          I2CSTART
  C:08E8H         LINE#         23
  C:08E8H         LINE#         24
  C:08E8H         LINE#         25
  C:08EAH         LINE#         26
  C:08EAH         LINE#         27
BL51 BANKED LINKER/LOCATER V6.22                                                      02/12/2025  16:51:41  PAGE 11


  C:08EDH         LINE#         28
  C:08EFH         LINE#         29
  C:08F4H         LINE#         30
  C:08F6H         LINE#         31
  -------         ENDPROC       I2CSTART
  -------         PROC          I2CSTOP
  C:08F7H         LINE#         34
  C:08F7H         LINE#         35
  C:08F7H         LINE#         36
  C:08F9H         LINE#         37
  C:08F9H         LINE#         38
  C:08FCH         LINE#         39
  C:08FEH         LINE#         40
  -------         ENDPROC       I2CSTOP
  -------         PROC          _I2CSENDBYTE
  D:0005H         SYMBOL        byt
  -------         DO            
  D:0004H         SYMBOL        i
  -------         ENDDO         
  C:0774H         LINE#         44
  C:0776H         LINE#         45
  C:0776H         LINE#         48
  C:0778H         LINE#         49
  C:077AH         LINE#         50
  C:077FH         LINE#         51
  C:0783H         LINE#         52
  C:0785H         LINE#         53
  C:0787H         LINE#         54
  C:0787H         LINE#         55
  C:0789H         LINE#         56
  C:0789H         LINE#         57
  C:078EH         LINE#         58
  C:0790H         LINE#         59
  C:0794H         LINE#         60
  C:0799H         LINE#         61
  C:079DH         LINE#         63
  C:079FH         LINE#         64
  -------         ENDPROC       _I2CSENDBYTE
  -------         PROC          I2CRECEIVEBYTE
  -------         DO            
  D:0005H         SYMBOL        da
  D:0004H         SYMBOL        i
  -------         ENDDO         
  C:082CH         LINE#         67
  C:082CH         LINE#         68
  C:082CH         LINE#         71
  C:082EH         LINE#         72
  C:082EH         LINE#         73
  C:0831H         LINE#         74
  C:0835H         LINE#         75
  C:0838H         LINE#         76
  C:083BH         LINE#         77
  C:083DH         LINE#         78
  C:0842H         LINE#         79
  C:0846H         LINE#         80
  C:0848H         LINE#         81
  -------         ENDPROC       I2CRECEIVEBYTE
BL51 BANKED LINKER/LOCATER V6.22                                                      02/12/2025  16:51:41  PAGE 12


  -------         PROC          L?0022
  -------         ENDPROC       L?0022
  -------         PROC          I2CWAITACK
  -------         DO            
  D:0005H         SYMBOL        ackbit
  -------         ENDDO         
  C:0854H         LINE#         84
  C:0854H         LINE#         85
  C:0854H         LINE#         88
  C:0854H         LINE#         89
  C:0857H         LINE#         90
  C:085CH         LINE#         91
  C:085EH         LINE#         92
  C:0863H         LINE#         94
  C:0865H         LINE#         95
  -------         ENDPROC       I2CWAITACK
  -------         PROC          _I2CSENDACK
  D:0007H         SYMBOL        ackbit
  C:0003H         LINE#         98
  C:0003H         LINE#         99
  C:0003H         LINE#         100
  C:0005H         LINE#         101
  C:000AH         LINE#         102
  C:000FH         LINE#         103
  C:000FH         LINE#         104
  C:0012H         LINE#         105
  C:0014H         LINE#         106
  C:0016H         LINE#         107
  -------         ENDPROC       _I2CSENDACK
  -------         PROC          _AD_READ
  D:0003H         SYMBOL        addr
  -------         DO            
  D:0005H         SYMBOL        temp
  -------         ENDDO         
  C:07EAH         LINE#         111
  C:07ECH         LINE#         112
  C:07ECH         LINE#         114
  C:07EFH         LINE#         115
  C:07F1H         LINE#         116
  C:07F1H         LINE#         117
  C:07F1H         LINE#         118
  C:07F4H         LINE#         120
  C:07F7H         LINE#         121
  C:07FCH         LINE#         122
  C:07FFH         LINE#         123
  C:0804H         LINE#         124
  C:0809H         LINE#         125
  C:080CH         LINE#         126
  C:080EH         LINE#         127
  -------         ENDPROC       _AD_READ
  -------         PROC          _DA_WRITE
  D:0003H         SYMBOL        dat
  C:08ACH         LINE#         130
  C:08AEH         LINE#         131
  C:08AEH         LINE#         132
  C:08B1H         LINE#         133
  C:08B6H         LINE#         134
BL51 BANKED LINKER/LOCATER V6.22                                                      02/12/2025  16:51:41  PAGE 13


  C:08B9H         LINE#         135
  C:08BBH         LINE#         136
  C:08BBH         LINE#         137
  C:08BBH         LINE#         138
  C:08BEH         LINE#         139
  -------         ENDPROC       _DA_WRITE
  -------         ENDMOD        IIC

  -------         MODULE        ?C?FPMUL
  C:001EH         PUBLIC        ?C?FPMUL
  -------         ENDMOD        ?C?FPMUL

  -------         MODULE        ?C?FPDIV
  C:0127H         PUBLIC        ?C?FPDIV
  -------         ENDMOD        ?C?FPDIV

  -------         MODULE        ?C?FPCMP
  C:01C6H         PUBLIC        ?C?FPCMP
  C:01C4H         PUBLIC        ?C?FPCMP3
  -------         ENDMOD        ?C?FPCMP

  -------         MODULE        ?C?FCAST
  C:0247H         PUBLIC        ?C?FCASTC
  C:0242H         PUBLIC        ?C?FCASTI
  C:023DH         PUBLIC        ?C?FCASTL
  -------         ENDMOD        ?C?FCAST

  -------         MODULE        ?C?CASTF
  C:027BH         PUBLIC        ?C?CASTF
  -------         ENDMOD        ?C?CASTF

  -------         MODULE        ?C?UIDIV
  C:02FCH         PUBLIC        ?C?UIDIV
  -------         ENDMOD        ?C?UIDIV

  -------         MODULE        ?C?LNEG
  C:0351H         PUBLIC        ?C?LNEG
  -------         ENDMOD        ?C?LNEG

*** WARNING L16: UNCALLED SEGMENT, IGNORED FOR OVERLAY PROCESS
    SEGMENT: ?PR?_BEEP?LED

*** WARNING L16: UNCALLED SEGMENT, IGNORED FOR OVERLAY PROCESS
    SEGMENT: ?PR?_RELAY?LED

Program Size: data=81.4 xdata=0 code=2307
LINK/LOCATE RUN COMPLETE.  2 WARNING(S),  0 ERROR(S)
