BL51 BANKED LINKER/LOCATER V6.22                                                        03/04/2025  16:23:45  PAGE 1


BL51 BANKED LINKER/LOCATER V6.22, INVOKED BY:
D:\KEIL5\C51\BIN\BL51.EXE .\Objects\main.obj, .\Objects\Init.obj, .\Objects\Key.obj, .\Objects\Seg.obj, .\Objects\Led.ob
>> j, .\Objects\ds1302.obj, .\Objects\iic.obj, .\Objects\onewire.obj TO .\Objects\0221 PRINT (.\Listings\0221.m51) RAMSI
>> ZE (256)


MEMORY MODEL: SMALL WITH FLOATING POINT ARITHMETIC


INPUT MODULES INCLUDED:
  .\Objects\main.obj (MAIN)
  .\Objects\Init.obj (INIT)
  .\Objects\Key.obj (KEY)
  .\Objects\Seg.obj (SEG)
  .\Objects\Led.obj (LED)
  .\Objects\ds1302.obj (DS1302)
  .\Objects\iic.obj (IIC)
  .\Objects\onewire.obj (ONEWIRE)
  D:\KEIL5\C51\LIB\C51FPS.LIB (?C?FPDIV)
  D:\KEIL5\C51\LIB\C51FPS.LIB (?C?FCAST)
  D:\KEIL5\C51\LIB\C51FPS.LIB (?C?FPGETOPN)
  D:\KEIL5\C51\LIB\C51S.LIB (?C_STARTUP)
  D:\KEIL5\C51\LIB\C51S.LIB (?C?CLDPTR)
  D:\KEIL5\C51\LIB\C51S.LIB (?C?CLDOPTR)
  D:\KEIL5\C51\LIB\C51S.LIB (?C?CSTPTR)
  D:\KEIL5\C51\LIB\C51S.LIB (?C?CSTOPTR)
  D:\KEIL5\C51\LIB\C51S.LIB (?C?LNEG)
  D:\KEIL5\C51\LIB\C51S.LIB (?C_INIT)


LINK MAP OF MODULE:  .\Objects\0221 (MAIN)


            TYPE    BASE      LENGTH    RELOCATION   SEGMENT NAME
            -----------------------------------------------------

            * * * * * * *   D A T A   M E M O R Y   * * * * * * *
            REG     0000H     0008H     ABSOLUTE     "REG BANK 0"
            DATA    0008H     0013H     UNIT         ?DT?SEG
            DATA    001BH     0005H     UNIT         ?DT?_EEPROM_WRITE?IIC
            BIT     0020H.0   0000H.1   UNIT         ?BI?INIT_DS18B20?ONEWIRE
                    0020H.1   0000H.7                *** GAP ***
            DATA    0021H     0020H     UNIT         ?DT?MAIN
            DATA    0041H     0006H     UNIT         ?DT?LED
            DATA    0047H     0005H     UNIT         ?DT?_EEPROM_READ?IIC
            IDATA   004CH     0001H     UNIT         ?STACK

            * * * * * * *   C O D E   M E M O R Y   * * * * * * *
            CODE    0000H     0003H     ABSOLUTE     
            CODE    0003H     0001H     UNIT         ?PR?LED_PROC?MAIN
                    0004H     0007H                  *** GAP ***
            CODE    000BH     0003H     ABSOLUTE     
            CODE    000EH     01B0H     UNIT         ?C?LIB_CODE
            CODE    01BEH     008CH     UNIT         ?C_C51STARTUP
            CODE    024AH     0088H     UNIT         ?PR?TIMER0SERVER?MAIN
            CODE    02D2H     0073H     UNIT         ?PR?KEY_READ?KEY
            CODE    0345H     0048H     UNIT         ?C_INITSEG
            CODE    038DH     0042H     UNIT         ?PR?_SEG_DISP?SEG
BL51 BANKED LINKER/LOCATER V6.22                                                      03/04/2025  16:23:45  PAGE 2


            CODE    03CFH     0042H     UNIT         ?PR?_EEPROM_READ?IIC
            CODE    0411H     003BH     UNIT         ?PR?_LED_DISP?LED
            CODE    044CH     0035H     UNIT         ?PR?RD_T?ONEWIRE
            CODE    0481H     0034H     UNIT         ?PR?_READ_DS1302_BYTE?DS1302
            CODE    04B5H     0032H     UNIT         ?PR?_EEPROM_WRITE?IIC
            CODE    04E7H     002CH     UNIT         ?PR?_I2CSENDBYTE?IIC
            CODE    0513H     0029H     UNIT         ?PR?_SET_RTC?DS1302
            CODE    053CH     0027H     UNIT         ?PR?INIT_DS18B20?ONEWIRE
            CODE    0563H     0025H     UNIT         ?PR?_BEEP?LED
            CODE    0588H     0025H     UNIT         ?PR?_RELAY?LED
            CODE    05ADH     0025H     UNIT         ?PR?_AD_READ?IIC
            CODE    05D2H     0024H     UNIT         ?PR?I2CWAITACK?IIC
            CODE    05F6H     0021H     UNIT         ?PR?_READ_RTC?DS1302
            CODE    0617H     001FH     UNIT         ?PR?KEY_PROC?MAIN
            CODE    0636H     001EH     UNIT         ?PR?_WRITE_DS18B20?ONEWIRE
            CODE    0654H     001DH     UNIT         ?PR?SYSTEM_INIT?INIT
            CODE    0671H     001DH     UNIT         ?PR?I2CRECEIVEBYTE?IIC
            CODE    068EH     001AH     UNIT         ?PR?_I2C_DELAY?IIC
            CODE    06A8H     001AH     UNIT         ?PR?_DELAY_ONEWIRE?ONEWIRE
            CODE    06C2H     001AH     UNIT         ?PR?READ_DS18B20?ONEWIRE
            CODE    06DCH     0018H     UNIT         ?PR?_I2CSENDACK?IIC
            CODE    06F4H     0015H     UNIT         ?PR?TIMER0INIT?MAIN
            CODE    0709H     0015H     UNIT         ?PR?_DA_WRITE?IIC
            CODE    071EH     0014H     UNIT         ?PR?_WRITE_DS1302_BYTE?DS1302
            CODE    0732H     0013H     UNIT         ?PR?_WRITE_DS1302?DS1302
            CODE    0745H     0011H     UNIT         ?PR?MAIN?MAIN
            CODE    0756H     000FH     UNIT         ?PR?I2CSTART?IIC
            CODE    0765H     000DH     UNIT         ?PR?SEG_PROC?MAIN
            CODE    0772H     000CH     UNIT         ?PR?I2CSTOP?IIC



OVERLAY MAP OF MODULE:   .\Objects\0221 (MAIN)


SEGMENT
  +--> CALLED SEGMENT
---------------------
?PR?TIMER0SERVER?MAIN
  +--> ?PR?_SEG_DISP?SEG
  +--> ?PR?_LED_DISP?LED

*** NEW ROOT ***************************************************

?C_C51STARTUP
  +--> ?PR?MAIN?MAIN
  +--> ?C_INITSEG

?PR?MAIN?MAIN
  +--> ?PR?TIMER0INIT?MAIN
  +--> ?PR?KEY_PROC?MAIN
  +--> ?PR?SEG_PROC?MAIN
  +--> ?PR?LED_PROC?MAIN

?PR?KEY_PROC?MAIN
  +--> ?PR?KEY_READ?KEY

BL51 BANKED LINKER/LOCATER V6.22                                                      03/04/2025  16:23:45  PAGE 3




UNRESOLVED EXTERNAL SYMBOLS:
   SYS_INIT



SYMBOL TABLE OF MODULE:  .\Objects\0221 (MAIN)

  VALUE           TYPE          NAME
  ----------------------------------

  -------         MODULE        MAIN
  C:0000H         SYMBOL        _ICE_DUMMY_
  D:0080H         PUBLIC        P0
  D:0090H         PUBLIC        P1
  D:00A0H         PUBLIC        P2
  D:00B0H         PUBLIC        P3
  D:00C0H         PUBLIC        P4
  D:00C8H         PUBLIC        P5
  D:00E8H         PUBLIC        P6
  B:00A8H.7       PUBLIC        EA
  D:00F8H         PUBLIC        P7
  C:0003H         PUBLIC        Led_Proc
  D:0021H         PUBLIC        Seg_Point
  D:00A8H         PUBLIC        IE
  C:0765H         PUBLIC        Seg_Proc
  D:00B8H         PUBLIC        IP
  D:0029H         PUBLIC        Seg_Buf
  C:0617H         PUBLIC        Key_Proc
  D:0031H         PUBLIC        Seg_Slow_Down
  D:00D8H         PUBLIC        CCON
  D:0033H         PUBLIC        Key_Down
  C:0745H         PUBLIC        main
  D:0034H         PUBLIC        Key_Old
  D:0035H         PUBLIC        Key_Slow_Down
  D:0036H         PUBLIC        Key_Val
  C:024AH         PUBLIC        Timer0Server
  D:0037H         PUBLIC        Seg_Pos
  D:0098H         PUBLIC        SCON
  D:0089H         PUBLIC        TMOD
  D:0088H         PUBLIC        TCON
  D:008EH         PUBLIC        AUXR
  B:00A8H.1       PUBLIC        ET0
  B:0088H.5       PUBLIC        TF0
  C:06F4H         PUBLIC        Timer0Init
  D:008CH         PUBLIC        TH0
  D:0038H         PUBLIC        Key_Up
  D:008AH         PUBLIC        TL0
  B:0088H.4       PUBLIC        TR0
  D:0039H         PUBLIC        ucLed
  D:00D0H         PUBLIC        PSW
  -------         PROC          KEY_PROC
  C:0617H         LINE#         21
  C:0617H         LINE#         22
  C:0617H         LINE#         23
  C:061BH         LINE#         24
BL51 BANKED LINKER/LOCATER V6.22                                                      03/04/2025  16:23:45  PAGE 4


  C:061EH         LINE#         26
  C:0623H         LINE#         27
  C:062CH         LINE#         28
  C:0632H         LINE#         29
  C:0635H         LINE#         31
  -------         ENDPROC       KEY_PROC
  -------         PROC          SEG_PROC
  C:0765H         LINE#         34
  C:0765H         LINE#         35
  C:0765H         LINE#         36
  C:076BH         LINE#         37
  C:0771H         LINE#         39
  -------         ENDPROC       SEG_PROC
  -------         PROC          LED_PROC
  C:0003H         LINE#         42
  C:0003H         LINE#         43
  C:0003H         LINE#         45
  -------         ENDPROC       LED_PROC
  -------         PROC          TIMER0INIT
  C:06F4H         LINE#         48
  C:06F4H         LINE#         49
  C:06F4H         LINE#         50
  C:06F7H         LINE#         51
  C:06FAH         LINE#         52
  C:06FDH         LINE#         53
  C:0700H         LINE#         54
  C:0702H         LINE#         55
  C:0704H         LINE#         56
  C:0706H         LINE#         57
  C:0708H         LINE#         58
  -------         ENDPROC       TIMER0INIT
  -------         PROC          TIMER0SERVER
  C:024AH         LINE#         61
  C:0267H         LINE#         63
  C:0271H         LINE#         64
  C:0288H         LINE#         65
  C:0292H         LINE#         66
  C:02A9H         LINE#         67
  C:02B7H         LINE#         69
  -------         ENDPROC       TIMER0SERVER
  -------         PROC          MAIN
  C:0745H         LINE#         72
  C:0745H         LINE#         73
  C:0745H         LINE#         74
  C:0748H         LINE#         75
  C:074BH         LINE#         76
  C:074BH         LINE#         77
  C:074BH         LINE#         78
  C:074EH         LINE#         79
  C:0751H         LINE#         80
  C:0754H         LINE#         81
  -------         ENDPROC       MAIN
  -------         ENDMOD        MAIN

  -------         MODULE        INIT
  C:0000H         SYMBOL        _ICE_DUMMY_
  C:0654H         PUBLIC        System_Init
BL51 BANKED LINKER/LOCATER V6.22                                                      03/04/2025  16:23:45  PAGE 5


  D:0080H         PUBLIC        P0
  D:0090H         PUBLIC        P1
  D:00A0H         PUBLIC        P2
  D:00B0H         PUBLIC        P3
  D:00C0H         PUBLIC        P4
  D:00C8H         PUBLIC        P5
  D:00E8H         PUBLIC        P6
  D:00F8H         PUBLIC        P7
  D:00A8H         PUBLIC        IE
  D:00B8H         PUBLIC        IP
  D:00D8H         PUBLIC        CCON
  D:0098H         PUBLIC        SCON
  D:0088H         PUBLIC        TCON
  D:00D0H         PUBLIC        PSW
  -------         PROC          SYSTEM_INIT
  C:0654H         LINE#         3
  C:0654H         LINE#         4
  C:0654H         LINE#         5
  C:0657H         LINE#         6
  C:065FH         LINE#         7
  C:0662H         LINE#         9
  C:0665H         LINE#         10
  C:066DH         LINE#         11
  C:0670H         LINE#         12
  -------         ENDPROC       SYSTEM_INIT
  -------         ENDMOD        INIT

  -------         MODULE        KEY
  C:0000H         SYMBOL        _ICE_DUMMY_
  D:0080H         PUBLIC        P0
  D:0090H         PUBLIC        P1
  D:00A0H         PUBLIC        P2
  D:00B0H         PUBLIC        P3
  D:00C0H         PUBLIC        P4
  D:00C8H         PUBLIC        P5
  D:00E8H         PUBLIC        P6
  D:00F8H         PUBLIC        P7
  C:02D2H         PUBLIC        Key_Read
  D:00A8H         PUBLIC        IE
  D:00B8H         PUBLIC        IP
  D:00D8H         PUBLIC        CCON
  B:00B0H.0       PUBLIC        P30
  B:00C0H.0       PUBLIC        P40
  B:00B0H.1       PUBLIC        P31
  D:0098H         PUBLIC        SCON
  B:00B0H.2       PUBLIC        P32
  D:0088H         PUBLIC        TCON
  B:00C0H.2       PUBLIC        P42
  B:00B0H.3       PUBLIC        P33
  B:00B0H.4       PUBLIC        P34
  B:00B0H.5       PUBLIC        P35
  D:00D0H         PUBLIC        PSW
  -------         PROC          KEY_READ
  -------         DO            
  D:0007H         SYMBOL        temp
  -------         ENDDO         
  C:02D2H         LINE#         3
BL51 BANKED LINKER/LOCATER V6.22                                                      03/04/2025  16:23:45  PAGE 6


  C:02D2H         LINE#         4
  C:02D2H         LINE#         5
  C:02D4H         LINE#         6
  C:02DCH         LINE#         7
  C:02E1H         LINE#         8
  C:02E6H         LINE#         9
  C:02EBH         LINE#         10
  C:02F0H         LINE#         11
  C:02F8H         LINE#         12
  C:02FDH         LINE#         13
  C:0302H         LINE#         14
  C:0307H         LINE#         15
  C:030CH         LINE#         16
  C:0314H         LINE#         17
  C:0319H         LINE#         18
  C:031EH         LINE#         19
  C:0323H         LINE#         20
  C:0328H         LINE#         21
  C:0330H         LINE#         22
  C:0335H         LINE#         23
  C:033AH         LINE#         24
  C:033FH         LINE#         25
  C:0344H         LINE#         26
  C:0344H         LINE#         27
  -------         ENDPROC       KEY_READ
  -------         ENDMOD        KEY

  -------         MODULE        SEG
  C:0000H         SYMBOL        _ICE_DUMMY_
  D:0080H         PUBLIC        P0
  D:0090H         PUBLIC        P1
  D:00A0H         PUBLIC        P2
  D:00B0H         PUBLIC        P3
  D:00C0H         PUBLIC        P4
  D:00C8H         PUBLIC        P5
  D:00E8H         PUBLIC        P6
  D:00F8H         PUBLIC        P7
  D:00A8H         PUBLIC        IE
  C:038DH         PUBLIC        _Seg_Disp
  D:00B8H         PUBLIC        IP
  D:00D8H         PUBLIC        CCON
  D:0008H         PUBLIC        Seg_dula
  D:0013H         PUBLIC        Seg_wela
  D:0098H         PUBLIC        SCON
  D:0088H         PUBLIC        TCON
  D:00D0H         PUBLIC        PSW
  -------         PROC          _SEG_DISP
  D:0007H         SYMBOL        wela
  D:0004H         SYMBOL        dula
  D:0002H         SYMBOL        point
  C:038DH         LINE#         6
  C:038DH         LINE#         7
  C:038DH         LINE#         8
  C:0390H         LINE#         9
  C:0398H         LINE#         10
  C:039BH         LINE#         12
  C:03A2H         LINE#         13
BL51 BANKED LINKER/LOCATER V6.22                                                      03/04/2025  16:23:45  PAGE 7


  C:03AAH         LINE#         14
  C:03ADH         LINE#         16
  C:03B1H         LINE#         17
  C:03BCH         LINE#         19
  C:03C3H         LINE#         20
  C:03CBH         LINE#         21
  C:03CEH         LINE#         22
  -------         ENDPROC       _SEG_DISP
  -------         ENDMOD        SEG

  -------         MODULE        LED
  C:0000H         SYMBOL        _ICE_DUMMY_
  C:0588H         PUBLIC        _Relay
  D:0080H         PUBLIC        P0
  D:0090H         PUBLIC        P1
  D:00A0H         PUBLIC        P2
  D:00B0H         PUBLIC        P3
  D:00C0H         PUBLIC        P4
  D:00C8H         PUBLIC        P5
  D:00E8H         PUBLIC        P6
  D:00F8H         PUBLIC        P7
  C:0411H         PUBLIC        _Led_Disp
  D:00A8H         PUBLIC        IE
  D:00B8H         PUBLIC        IP
  D:00D8H         PUBLIC        CCON
  D:0098H         PUBLIC        SCON
  D:0088H         PUBLIC        TCON
  D:00D0H         PUBLIC        PSW
  C:0563H         PUBLIC        _Beep
  -------         PROC          _LED_DISP
  D:0007H         SYMBOL        addr
  D:0004H         SYMBOL        enable
  -------         DO            
  D:0041H         SYMBOL        temp
  D:0042H         SYMBOL        temp_old
  -------         ENDDO         
  C:0411H         LINE#         3
  C:0411H         LINE#         4
  C:0411H         LINE#         8
  C:0415H         LINE#         9
  C:0424H         LINE#         11
  C:0432H         LINE#         12
  C:0438H         LINE#         13
  C:0438H         LINE#         14
  C:043DH         LINE#         15
  C:0445H         LINE#         16
  C:0448H         LINE#         17
  C:044BH         LINE#         18
  C:044BH         LINE#         19
  -------         ENDPROC       _LED_DISP
  -------         PROC          _BEEP
  D:0007H         SYMBOL        flag
  -------         DO            
  D:0043H         SYMBOL        temp
  D:0044H         SYMBOL        temp_old
  -------         ENDDO         
  C:0563H         LINE#         21
BL51 BANKED LINKER/LOCATER V6.22                                                      03/04/2025  16:23:45  PAGE 8


  C:0563H         LINE#         22
  C:0563H         LINE#         26
  C:0566H         LINE#         27
  C:056BH         LINE#         29
  C:056EH         LINE#         30
  C:0574H         LINE#         31
  C:0574H         LINE#         32
  C:0579H         LINE#         33
  C:0581H         LINE#         34
  C:0584H         LINE#         35
  C:0587H         LINE#         36
  C:0587H         LINE#         37
  -------         ENDPROC       _BEEP
  -------         PROC          _RELAY
  D:0007H         SYMBOL        flag
  -------         DO            
  D:0045H         SYMBOL        temp
  D:0046H         SYMBOL        temp_old
  -------         ENDDO         
  C:0588H         LINE#         39
  C:0588H         LINE#         40
  C:0588H         LINE#         44
  C:058BH         LINE#         45
  C:0590H         LINE#         47
  C:0593H         LINE#         48
  C:0599H         LINE#         49
  C:0599H         LINE#         50
  C:059EH         LINE#         51
  C:05A6H         LINE#         52
  C:05A9H         LINE#         53
  C:05ACH         LINE#         54
  C:05ACH         LINE#         55
  -------         ENDPROC       _RELAY
  -------         ENDMOD        LED

  -------         MODULE        DS1302
  C:0000H         SYMBOL        _ICE_DUMMY_
  D:0090H         PUBLIC        P1
  D:00A0H         PUBLIC        P2
  D:00B0H         PUBLIC        P3
  C:05F6H         PUBLIC        _Read_Rtc
  D:00A8H         PUBLIC        IE
  D:00B8H         PUBLIC        IP
  D:0098H         PUBLIC        SCON
  D:0088H         PUBLIC        TCON
  C:0513H         PUBLIC        _Set_Rtc
  C:0481H         PUBLIC        _Read_Ds1302_Byte
  B:00A0H.3       PUBLIC        SDA
  B:0090H.7       PUBLIC        SCK
  C:071EH         PUBLIC        _Write_Ds1302_Byte
  D:00C8H         PUBLIC        T2CON
  C:0732H         PUBLIC        _Write_Ds1302
  B:0090H.3       PUBLIC        RST
  D:00D0H         PUBLIC        PSW
  -------         PROC          _WRITE_DS1302
  D:0007H         SYMBOL        temp
  -------         DO            
BL51 BANKED LINKER/LOCATER V6.22                                                      03/04/2025  16:23:45  PAGE 9


  D:0006H         SYMBOL        i
  -------         ENDDO         
  C:0732H         LINE#         9
  C:0732H         LINE#         10
  C:0732H         LINE#         12
  C:0734H         LINE#         13
  C:0734H         LINE#         14
  C:0736H         LINE#         15
  C:073AH         LINE#         16
  C:073EH         LINE#         17
  C:0740H         LINE#         18
  C:0744H         LINE#         19
  -------         ENDPROC       _WRITE_DS1302
  -------         PROC          _WRITE_DS1302_BYTE
  D:0007H         SYMBOL        address
  D:0005H         SYMBOL        dat
  C:071EH         LINE#         22
  C:071EH         LINE#         23
  C:071EH         LINE#         24
  C:0721H         LINE#         25
  C:0724H         LINE#         26
  C:0727H         LINE#         27
  C:072AH         LINE#         28
  C:072FH         LINE#         29
  C:0731H         LINE#         30
  -------         ENDPROC       _WRITE_DS1302_BYTE
  -------         PROC          _READ_DS1302_BYTE
  D:0007H         SYMBOL        address
  -------         DO            
  D:0007H         SYMBOL        i
  D:0005H         SYMBOL        temp
  -------         ENDDO         
  C:0481H         LINE#         33
  C:0481H         LINE#         34
  C:0481H         LINE#         35
  C:0483H         LINE#         36
  C:0486H         LINE#         37
  C:0489H         LINE#         38
  C:048CH         LINE#         39
  C:048FH         LINE#         40
  C:0491H         LINE#         41
  C:0491H         LINE#         42
  C:0493H         LINE#         43
  C:0497H         LINE#         44
  C:049AH         LINE#         45
  C:049DH         LINE#         46
  C:049FH         LINE#         47
  C:04A3H         LINE#         48
  C:04A6H         LINE#         49
  C:04A9H         LINE#         50
  C:04ACH         LINE#         51
  C:04AFH         LINE#         52
  C:04B2H         LINE#         53
  C:04B4H         LINE#         54
  -------         ENDPROC       _READ_DS1302_BYTE
  -------         PROC          _SET_RTC
  D:0001H         SYMBOL        ucRtc
BL51 BANKED LINKER/LOCATER V6.22                                                      03/04/2025  16:23:45  PAGE 10


  C:0513H         LINE#         56
  C:0513H         LINE#         57
  C:0513H         LINE#         58
  C:051AH         LINE#         59
  C:0521H         LINE#         60
  C:052BH         LINE#         61
  C:0535H         LINE#         62
  -------         ENDPROC       _SET_RTC
  -------         PROC          _READ_RTC
  D:0001H         SYMBOL        ucRtc
  C:05F6H         LINE#         65
  C:05F6H         LINE#         66
  C:05F6H         LINE#         67
  C:05FFH         LINE#         68
  C:060BH         LINE#         69
  -------         ENDPROC       _READ_RTC
  -------         ENDMOD        DS1302

  -------         MODULE        IIC
  C:0000H         SYMBOL        _ICE_DUMMY_
  D:0090H         PUBLIC        P1
  D:00A0H         PUBLIC        P2
  D:00B0H         PUBLIC        P3
  C:05ADH         PUBLIC        _Ad_Read
  D:00A8H         PUBLIC        IE
  C:0692H         SYMBOL        _I2C_Delay
  C:0709H         PUBLIC        _Da_Write
  D:00B8H         PUBLIC        IP
  C:0671H         PUBLIC        I2CReceiveByte
  C:03CFH         PUBLIC        _EEPROM_Read
  D:0098H         PUBLIC        SCON
  D:0088H         PUBLIC        TCON
  B:00A0H.1       PUBLIC        sda
  C:04B5H         PUBLIC        _EEPROM_Write
  B:00A0H.0       PUBLIC        scl
  C:0756H         PUBLIC        I2CStart
  C:06DCH         PUBLIC        _I2CSendAck
  C:04E7H         PUBLIC        _I2CSendByte
  C:05E4H         PUBLIC        I2CWaitAck
  C:0772H         PUBLIC        I2CStop
  D:00C8H         PUBLIC        T2CON
  D:00D0H         PUBLIC        PSW
  C:068EH         SYMBOL        L?0036
  -------         PROC          L?0035
  -------         ENDPROC       L?0035
  C:068EH         SYMBOL        L?0036
  -------         PROC          _I2C_DELAY
  D:0007H         SYMBOL        n
  C:0692H         LINE#         11
  C:0692H         LINE#         12
  C:0692H         LINE#         14
  C:0692H         LINE#         15
  C:0697H         LINE#         16
  C:069CH         LINE#         17
  C:06A1H         LINE#         18
  C:06A1H         LINE#         19
  C:06A7H         LINE#         20
BL51 BANKED LINKER/LOCATER V6.22                                                      03/04/2025  16:23:45  PAGE 11


  -------         ENDPROC       _I2C_DELAY
  -------         PROC          I2CSTART
  C:0756H         LINE#         23
  C:0756H         LINE#         24
  C:0756H         LINE#         25
  C:0758H         LINE#         26
  C:0758H         LINE#         27
  C:075BH         LINE#         28
  C:075DH         LINE#         29
  C:0762H         LINE#         30
  C:0764H         LINE#         31
  -------         ENDPROC       I2CSTART
  -------         PROC          I2CSTOP
  C:0772H         LINE#         34
  C:0772H         LINE#         35
  C:0772H         LINE#         36
  C:0774H         LINE#         37
  C:0774H         LINE#         38
  C:0777H         LINE#         39
  C:0779H         LINE#         40
  -------         ENDPROC       I2CSTOP
  -------         PROC          _I2CSENDBYTE
  D:0005H         SYMBOL        byt
  -------         DO            
  D:0004H         SYMBOL        i
  -------         ENDDO         
  C:04E7H         LINE#         44
  C:04E9H         LINE#         45
  C:04E9H         LINE#         48
  C:04EBH         LINE#         49
  C:04EDH         LINE#         50
  C:04F2H         LINE#         51
  C:04F6H         LINE#         52
  C:04F8H         LINE#         53
  C:04FAH         LINE#         54
  C:04FAH         LINE#         55
  C:04FCH         LINE#         56
  C:04FCH         LINE#         57
  C:0501H         LINE#         58
  C:0503H         LINE#         59
  C:0507H         LINE#         60
  C:050CH         LINE#         61
  C:0510H         LINE#         63
  C:0512H         LINE#         64
  -------         ENDPROC       _I2CSENDBYTE
  -------         PROC          I2CRECEIVEBYTE
  -------         DO            
  D:0005H         SYMBOL        da
  D:0004H         SYMBOL        i
  -------         ENDDO         
  C:0671H         LINE#         67
  C:0671H         LINE#         68
  C:0671H         LINE#         71
  C:0673H         LINE#         72
  C:0673H         LINE#         73
  C:0676H         LINE#         74
  C:067AH         LINE#         75
BL51 BANKED LINKER/LOCATER V6.22                                                      03/04/2025  16:23:45  PAGE 12


  C:067DH         LINE#         76
  C:0680H         LINE#         77
  C:0682H         LINE#         78
  C:0687H         LINE#         79
  C:068BH         LINE#         80
  C:068DH         LINE#         81
  -------         ENDPROC       I2CRECEIVEBYTE
  C:05D9H         SYMBOL        L?0034
  -------         PROC          L?0033
  -------         ENDPROC       L?0033
  C:05D9H         SYMBOL        L?0034
  -------         PROC          I2CWAITACK
  -------         DO            
  D:0005H         SYMBOL        ackbit
  -------         ENDDO         
  C:05E4H         LINE#         84
  C:05E4H         LINE#         85
  C:05E4H         LINE#         88
  C:05E4H         LINE#         89
  C:05E7H         LINE#         90
  C:05ECH         LINE#         91
  C:05EEH         LINE#         92
  C:05F3H         LINE#         94
  C:05F5H         LINE#         95
  -------         ENDPROC       I2CWAITACK
  -------         PROC          _I2CSENDACK
  D:0007H         SYMBOL        ackbit
  C:06DCH         LINE#         98
  C:06DCH         LINE#         99
  C:06DCH         LINE#         100
  C:06DEH         LINE#         101
  C:06E3H         LINE#         102
  C:06E8H         LINE#         103
  C:06E8H         LINE#         104
  C:06EBH         LINE#         105
  C:06EDH         LINE#         106
  C:06EFH         LINE#         107
  -------         ENDPROC       _I2CSENDACK
  -------         PROC          _AD_READ
  D:0003H         SYMBOL        addr
  -------         DO            
  D:0005H         SYMBOL        temp
  -------         ENDDO         
  C:05ADH         LINE#         111
  C:05AFH         LINE#         112
  C:05AFH         LINE#         114
  C:05B2H         LINE#         115
  C:05B4H         LINE#         116
  C:05B4H         LINE#         117
  C:05B4H         LINE#         118
  C:05B7H         LINE#         120
  C:05BAH         LINE#         121
  C:05BFH         LINE#         122
  C:05C2H         LINE#         123
  C:05C7H         LINE#         124
  C:05CCH         LINE#         125
  C:05CFH         LINE#         126
BL51 BANKED LINKER/LOCATER V6.22                                                      03/04/2025  16:23:45  PAGE 13


  C:05D1H         LINE#         127
  -------         ENDPROC       _AD_READ
  -------         PROC          _DA_WRITE
  D:0003H         SYMBOL        dat
  C:0709H         LINE#         130
  C:070BH         LINE#         131
  C:070BH         LINE#         132
  C:070EH         LINE#         133
  C:0713H         LINE#         134
  C:0716H         LINE#         135
  C:0718H         LINE#         136
  C:0718H         LINE#         137
  C:0718H         LINE#         138
  C:071BH         LINE#         139
  -------         ENDPROC       _DA_WRITE
  -------         PROC          _EEPROM_WRITE
  D:001BH         SYMBOL        EEPROM_String
  D:0003H         SYMBOL        addr
  D:001FH         SYMBOL        num
  C:04B5H         LINE#         143
  C:04BBH         LINE#         144
  C:04BBH         LINE#         145
  C:04BBH         LINE#         146
  C:04BBH         LINE#         147
  C:04BBH         LINE#         148
  C:04BBH         LINE#         149
  C:04BEH         LINE#         151
  C:04C5H         LINE#         152
  C:04C5H         LINE#         153
  C:04DAH         LINE#         154
  C:04DDH         LINE#         155
  C:04E2H         LINE#         156
  C:04E4H         LINE#         157
  -------         ENDPROC       _EEPROM_WRITE
  -------         PROC          _EEPROM_READ
  D:0047H         SYMBOL        EEPROM_String
  D:0003H         SYMBOL        addr
  D:004BH         SYMBOL        num
  C:03CFH         LINE#         161
  C:03D5H         LINE#         162
  C:03D5H         LINE#         163
  C:03D5H         LINE#         164
  C:03D5H         LINE#         165
  C:03D5H         LINE#         166
  C:03D5H         LINE#         167
  C:03D8H         LINE#         168
  C:03DBH         LINE#         169
  C:03E0H         LINE#         170
  C:03E3H         LINE#         172
  C:03EAH         LINE#         173
  C:03EAH         LINE#         174
  C:03FFH         LINE#         175
  C:0407H         LINE#         176
  C:040CH         LINE#         177
  C:040EH         LINE#         178
  -------         ENDPROC       _EEPROM_READ
  -------         ENDMOD        IIC
BL51 BANKED LINKER/LOCATER V6.22                                                      03/04/2025  16:23:45  PAGE 14



  -------         MODULE        ONEWIRE
  C:0000H         SYMBOL        _ICE_DUMMY_
  D:0090H         PUBLIC        P1
  D:00B0H         PUBLIC        P3
  C:06C2H         PUBLIC        Read_DS18B20
  D:00A8H         PUBLIC        IE
  C:06ACH         PUBLIC        _Delay_OneWire
  C:0636H         PUBLIC        _Write_DS18B20
  B:0090H.4       PUBLIC        DQ
  D:00B8H         PUBLIC        IP
  C:053CH         PUBLIC        init_ds18b20
  C:044CH         PUBLIC        rd_t
  D:0098H         PUBLIC        SCON
  D:0088H         PUBLIC        TCON
  D:00C8H         PUBLIC        T2CON
  D:00D0H         PUBLIC        PSW
  C:06A8H         SYMBOL        L?0020
  -------         PROC          L?0019
  -------         ENDPROC       L?0019
  C:06A8H         SYMBOL        L?0020
  -------         PROC          _DELAY_ONEWIRE
  D:0006H         SYMBOL        t
  -------         DO            
  D:0005H         SYMBOL        i
  -------         ENDDO         
  C:06ACH         LINE#         7
  C:06ACH         LINE#         8
  C:06ACH         LINE#         10
  C:06B6H         LINE#         11
  C:06C1H         LINE#         12
  C:06C1H         LINE#         13
  -------         ENDPROC       _DELAY_ONEWIRE
  -------         PROC          _WRITE_DS18B20
  D:0001H         SYMBOL        dat
  -------         DO            
  D:0003H         SYMBOL        i
  -------         ENDDO         
  C:0636H         LINE#         16
  C:0638H         LINE#         17
  C:0638H         LINE#         19
  C:063AH         LINE#         20
  C:063AH         LINE#         21
  C:063CH         LINE#         22
  C:0640H         LINE#         23
  C:0643H         LINE#         24
  C:0645H         LINE#         25
  C:0649H         LINE#         26
  C:064DH         LINE#         27
  -------         ENDPROC       _WRITE_DS18B20
  -------         PROC          READ_DS18B20
  -------         DO            
  D:0003H         SYMBOL        i
  D:0004H         SYMBOL        dat
  -------         ENDDO         
  C:06C2H         LINE#         31
  C:06C2H         LINE#         32
BL51 BANKED LINKER/LOCATER V6.22                                                      03/04/2025  16:23:45  PAGE 15


  C:06C2H         LINE#         36
  C:06C4H         LINE#         37
  C:06C4H         LINE#         38
  C:06C6H         LINE#         39
  C:06CAH         LINE#         40
  C:06CCH         LINE#         41
  C:06CFH         LINE#         42
  C:06CFH         LINE#         43
  C:06D2H         LINE#         44
  C:06D2H         LINE#         45
  C:06D5H         LINE#         46
  C:06D9H         LINE#         47
  C:06DBH         LINE#         48
  -------         ENDPROC       READ_DS18B20
  -------         PROC          INIT_DS18B20
  -------         DO            
  B:0020H.0       SYMBOL        initflag
  -------         ENDDO         
  C:053CH         LINE#         51
  C:053CH         LINE#         52
  C:053CH         LINE#         53
  C:053EH         LINE#         55
  C:0540H         LINE#         56
  C:0547H         LINE#         57
  C:0549H         LINE#         58
  C:0550H         LINE#         59
  C:0552H         LINE#         60
  C:0559H         LINE#         61
  C:055DH         LINE#         62
  C:0560H         LINE#         64
  C:0562H         LINE#         65
  -------         ENDPROC       INIT_DS18B20
  -------         PROC          RD_T
  -------         DO            
  D:0001H         SYMBOL        low
  D:0007H         SYMBOL        high
  -------         ENDDO         
  C:044CH         LINE#         67
  C:044CH         LINE#         68
  C:044CH         LINE#         70
  C:044FH         LINE#         71
  C:0454H         LINE#         72
  C:0459H         LINE#         74
  C:045CH         LINE#         75
  C:0461H         LINE#         76
  C:0466H         LINE#         78
  C:046BH         LINE#         79
  C:046EH         LINE#         80
  C:0480H         LINE#         81
  -------         ENDPROC       RD_T
  -------         ENDMOD        ONEWIRE

  -------         MODULE        ?C?FPDIV
  C:0011H         PUBLIC        ?C?FPDIV
  -------         ENDMOD        ?C?FPDIV

  -------         MODULE        ?C?FCAST
BL51 BANKED LINKER/LOCATER V6.22                                                      03/04/2025  16:23:45  PAGE 16


  C:00B8H         PUBLIC        ?C?FCASTC
  C:00B3H         PUBLIC        ?C?FCASTI
  C:00AEH         PUBLIC        ?C?FCASTL
  -------         ENDMOD        ?C?FCAST

  -------         MODULE        ?C?CLDPTR
  C:0136H         PUBLIC        ?C?CLDPTR
  -------         ENDMOD        ?C?CLDPTR

  -------         MODULE        ?C?CLDOPTR
  C:014FH         PUBLIC        ?C?CLDOPTR
  -------         ENDMOD        ?C?CLDOPTR

  -------         MODULE        ?C?CSTPTR
  C:017CH         PUBLIC        ?C?CSTPTR
  -------         ENDMOD        ?C?CSTPTR

  -------         MODULE        ?C?CSTOPTR
  C:018EH         PUBLIC        ?C?CSTOPTR
  -------         ENDMOD        ?C?CSTOPTR

  -------         MODULE        ?C?LNEG
  C:01B0H         PUBLIC        ?C?LNEG
  -------         ENDMOD        ?C?LNEG

*** WARNING L16: UNCALLED SEGMENT, IGNORED FOR OVERLAY PROCESS
    SEGMENT: ?PR?SYSTEM_INIT?INIT

*** WARNING L16: UNCALLED SEGMENT, IGNORED FOR OVERLAY PROCESS
    SEGMENT: ?PR?_BEEP?LED

*** WARNING L16: UNCALLED SEGMENT, IGNORED FOR OVERLAY PROCESS
    SEGMENT: ?PR?_RELAY?LED

*** WARNING L16: UNCALLED SEGMENT, IGNORED FOR OVERLAY PROCESS
    SEGMENT: ?PR?_SET_RTC?DS1302

*** WARNING L16: UNCALLED SEGMENT, IGNORED FOR OVERLAY PROCESS
    SEGMENT: ?PR?_READ_RTC?DS1302

*** WARNING L16: UNCALLED SEGMENT, IGNORED FOR OVERLAY PROCESS
    SEGMENT: ?PR?_AD_READ?IIC

*** WARNING L16: UNCALLED SEGMENT, IGNORED FOR OVERLAY PROCESS
    SEGMENT: ?PR?_DA_WRITE?IIC

*** WARNING L16: UNCALLED SEGMENT, IGNORED FOR OVERLAY PROCESS
    SEGMENT: ?PR?_EEPROM_WRITE?IIC

*** WARNING L16: UNCALLED SEGMENT, IGNORED FOR OVERLAY PROCESS
    SEGMENT: ?PR?_EEPROM_READ?IIC

*** WARNING L16: UNCALLED SEGMENT, IGNORED FOR OVERLAY PROCESS
    SEGMENT: ?PR?RD_T?ONEWIRE

*** WARNING L1: UNRESOLVED EXTERNAL SYMBOL
    SYMBOL:  SYS_INIT
BL51 BANKED LINKER/LOCATER V6.22                                                      03/04/2025  16:23:45  PAGE 17


    MODULE:  .\Objects\main.obj (MAIN)

*** WARNING L2: REFERENCE MADE TO UNRESOLVED EXTERNAL
    SYMBOL:  SYS_INIT
    MODULE:  .\Objects\main.obj (MAIN)
    ADDRESS: 0746H

Program Size: data=76.1 xdata=0 code=1911
LINK/LOCATE RUN COMPLETE.  12 WARNING(S),  0 ERROR(S)
