C51 COMPILER V9.54   IIC                                                                   02/21/2025 22:29:56 PAGE 1   


C51 COMPILER V9.54, COMPILATION OF MODULE IIC
OBJECT MODULE PLACED IN .\Objects\iic.obj
COMPILER INVOKED BY: D:\Keil5\C51\BIN\C51.EXE ..\Driver\iic.c OPTIMIZE(8,SPEED) BROWSE INCDIR(..\Driver) DEBUG OBJECTEXT
                    -END PRINT(.\Listings\iic.lst) TABS(2) OBJECT(.\Objects\iic.obj)

line level    source

   1          #include <iic.h>
   2          #include <reg52.h>
   3          #include <intrins.h>
   4          
   5          sbit sda = P2^1;
   6          sbit scl = P2^0;
   7          
   8          #define DELAY_TIME  10
   9          
  10          //
  11          static void I2C_Delay(unsigned char n)
  12          {
  13   1          do
  14   1          {
  15   2              _nop_();_nop_();_nop_();_nop_();_nop_();
  16   2              _nop_();_nop_();_nop_();_nop_();_nop_();
  17   2              _nop_();_nop_();_nop_();_nop_();_nop_();    
  18   2          }
  19   1          while(n--);       
  20   1      }
  21          
  22          //
  23          void I2CStart(void)
  24          {
  25   1          sda = 1;
  26   1          scl = 1;
  27   1        I2C_Delay(DELAY_TIME);
  28   1          sda = 0;
  29   1        I2C_Delay(DELAY_TIME);
  30   1          scl = 0;    
  31   1      }
  32          
  33          //
  34          void I2CStop(void)
  35          {
  36   1          sda = 0;
  37   1          scl = 1;
  38   1        I2C_Delay(DELAY_TIME);
  39   1          sda = 1;
  40   1        I2C_Delay(DELAY_TIME);
  41   1      }
  42          
  43          //
  44          void I2CSendByte(unsigned char byt)
  45          {
  46   1          unsigned char i;
  47   1        
  48   1          for(i=0; i<8; i++){
  49   2              scl = 0;
  50   2          I2C_Delay(DELAY_TIME);
  51   2              if(byt & 0x80){
  52   3                  sda = 1;
  53   3              }
  54   2              else{
C51 COMPILER V9.54   IIC                                                                   02/21/2025 22:29:56 PAGE 2   

  55   3                  sda = 0;
  56   3              }
  57   2          I2C_Delay(DELAY_TIME);
  58   2              scl = 1;
  59   2              byt <<= 1;
  60   2          I2C_Delay(DELAY_TIME);
  61   2          }
  62   1        
  63   1          scl = 0;  
  64   1      }
  65          
  66          //
  67          unsigned char I2CReceiveByte(void)
  68          {
  69   1        unsigned char da;
  70   1        unsigned char i;
  71   1        for(i=0;i<8;i++){   
  72   2          scl = 1;
  73   2          I2C_Delay(DELAY_TIME);
  74   2          da <<= 1;
  75   2          if(sda) 
  76   2            da |= 0x01;
  77   2          scl = 0;
  78   2          I2C_Delay(DELAY_TIME);
  79   2        }
  80   1        return da;    
  81   1      }
  82          
  83          //
  84          unsigned char I2CWaitAck(void)
  85          {
  86   1        unsigned char ackbit;
  87   1        
  88   1          scl = 1;
  89   1        I2C_Delay(DELAY_TIME);
  90   1          ackbit = sda; 
  91   1          scl = 0;
  92   1        I2C_Delay(DELAY_TIME);
  93   1        
  94   1        return ackbit;
  95   1      }
  96          
  97          //
  98          void I2CSendAck(unsigned char ackbit)
  99          {
 100   1          scl = 0;
 101   1          sda = ackbit; 
 102   1        I2C_Delay(DELAY_TIME);
 103   1          scl = 1;
 104   1        I2C_Delay(DELAY_TIME);
 105   1          scl = 0; 
 106   1        sda = 1;
 107   1        I2C_Delay(DELAY_TIME);
 108   1      }
 109          
 110          //AD
 111          unsigned char Ad_Read(unsigned char addr)
 112          {
 113   1        unsigned char temp;
 114   1        I2CStart();
 115   1        I2CSendByte(0x90);
 116   1        I2CWaitAck();
C51 COMPILER V9.54   IIC                                                                   02/21/2025 22:29:56 PAGE 3   

 117   1        I2CSendByte(addr);
 118   1        I2CWaitAck();
 119   1        
 120   1        I2CStart();
 121   1        I2CSendByte(0x91);
 122   1        I2CWaitAck();
 123   1        temp = I2CReceiveByte();
 124   1        I2CSendAck(1);
 125   1        I2CStop();
 126   1        return temp;
 127   1      }
 128          
 129          //DA
 130          void Da_Write(unsigned char dat)
 131          {
 132   1        I2CStart();
 133   1        I2CSendByte(0x90);
 134   1        I2CWaitAck();
 135   1        I2CSendByte(0x41);
 136   1        I2CWaitAck();
 137   1        I2CSendByte(dat);
 138   1        I2CWaitAck();
 139   1        I2CStop();
 140   1      }
 141          
 142          //EEPROM写
 143          void EEPROM_Write(unsigned char* EEPROM_String,unsigned char addr,unsigned char num)
 144          {
 145   1        I2CStart();
 146   1        I2CSendByte(0xa0);
 147   1        I2CWaitAck();
 148   1        I2CSendByte(addr);
 149   1        I2CWaitAck();
 150   1      
 151   1        while(num--)
 152   1        {
 153   2          I2CSendByte(*EEPROM_String++);
 154   2          I2CWaitAck();
 155   2          I2C_Delay(200);
 156   2        }
 157   1        I2CStop();
 158   1      }
 159          
 160          //EEPROM读
 161          void EEPROM_Read(unsigned char* EEPROM_String,unsigned char addr,unsigned char num)
 162          {
 163   1        I2CStart();
 164   1        I2CSendByte(0xa0);
 165   1        I2CWaitAck();
 166   1        I2CSendByte(addr);
 167   1        I2CWaitAck();
 168   1        I2CStart();
 169   1        I2CSendByte(0xa1);
 170   1        I2CWaitAck();
 171   1      
 172   1        while(num--)
 173   1        {
 174   2          *EEPROM_String++ = I2CReceiveByte();
 175   2          if(num) I2CSendAck(0);
 176   2          else I2CSendAck(1);
 177   2        }
 178   1        I2CStop();
C51 COMPILER V9.54   IIC                                                                   02/21/2025 22:29:56 PAGE 4   

 179   1      }


MODULE INFORMATION:   STATIC OVERLAYABLE
   CODE SIZE        =    360    ----
   CONSTANT SIZE    =   ----    ----
   XDATA SIZE       =   ----    ----
   PDATA SIZE       =   ----    ----
   DATA SIZE        =   ----      10
   IDATA SIZE       =   ----    ----
   BIT SIZE         =   ----    ----
END OF MODULE INFORMATION.


C51 COMPILATION COMPLETE.  0 WARNING(S),  0 ERROR(S)
