C51 COMPILER V9.54   LED                                                                   02/21/2025 21:46:55 PAGE 1   


C51 COMPILER V9.54, COMPILATION OF MODULE LED
OBJECT MODULE PLACED IN .\Objects\Led.obj
COMPILER INVOKED BY: D:\Keil5\C51\BIN\C51.EXE ..\Driver\Led.c OPTIMIZE(8,SPEED) BROWSE INCDIR(..\Driver) DEBUG OBJECTEXT
                    -END PRINT(.\Listings\Led.lst) TABS(2) OBJECT(.\Objects\Led.obj)

line level    source

   1          #include <Led.h>
   2          
   3          void Led_Disp(unsigned char addr,enable)
   4          {
   5   1        static unsigned char temp = 0x00;
   6   1        static unsigned char temp_old = 0xff;
   7   1        
   8   1        if(enable)
   9   1          temp |= 0x01 << addr;
  10   1        else
  11   1          temp &= ~(0x01 << addr);
  12   1        if(temp != temp_old)
  13   1        {
  14   2          P0 = ~temp;
  15   2          P2 = P2 & 0x1f | 0x80;
  16   2          P2 &= 0x1f; 
  17   2          temp_old = temp;
  18   2        }
  19   1      }
  20          
  21          void Beep(unsigned char flag)
  22          {
  23   1        static unsigned char temp = 0x00;
  24   1        static unsigned char temp_old = 0xff;
  25   1        
  26   1        if(flag)
  27   1          temp |= 0x40;
  28   1        else
  29   1          temp &= ~0x40;
  30   1        if(temp != temp_old)
  31   1        {
  32   2          P0 = ~temp;
  33   2          P2 = P2 & 0x1f | 0xa0;
  34   2          P2 &= 0x1f; 
  35   2          temp_old = temp;
  36   2        }
  37   1      }
  38          
  39          void Relay(unsigned char flag)
  40          {
  41   1        static unsigned char temp = 0x00;
  42   1        static unsigned char temp_old = 0xff;
  43   1        
  44   1        if(flag)
  45   1          temp |= 0x10;
  46   1        else
  47   1          temp &= ~0x10;
  48   1        if(temp != temp_old)
  49   1        {
  50   2          P0 = ~temp;
  51   2          P2 = P2 & 0x1f | 0xa0;
  52   2          P2 &= 0x1f; 
  53   2          temp_old = temp;
  54   2        }
C51 COMPILER V9.54   LED                                                                   02/21/2025 21:46:55 PAGE 2   

  55   1      }


MODULE INFORMATION:   STATIC OVERLAYABLE
   CODE SIZE        =    133    ----
   CONSTANT SIZE    =   ----    ----
   XDATA SIZE       =   ----    ----
   PDATA SIZE       =   ----    ----
   DATA SIZE        =      6    ----
   IDATA SIZE       =   ----    ----
   BIT SIZE         =   ----    ----
END OF MODULE INFORMATION.


C51 COMPILATION COMPLETE.  0 WARNING(S),  0 ERROR(S)
