C51 COMPILER V9.54   INIT                                                                  04/12/2025 16:39:40 PAGE 1   


C51 COMPILER V9.54, COMPILATION OF MODULE INIT
OBJECT MODULE PLACED IN .\Objects\Init.obj
COMPILER INVOKED BY: D:\Keil5\C51\BIN\C51.EXE ..\Driver\Init.c OPTIMIZE(8,SPEED) BROWSE INCDIR(..\Driver) DEBUG OBJECTEX
                    -TEND PRINT(.\Listings\Init.lst) TABS(2) OBJECT(.\Objects\Init.obj)

line level    source

   1          #include <Init.h>
   2          
   3          void Sys_Init()
   4          {
   5   1        unsigned char temp;
   6   1        
   7   1        P0 = 0xff;
   8   1        temp = P2 & 0x1f;
   9   1        temp = temp | 0x80;
  10   1        P2 = temp;
  11   1        temp = P2 & 0x1f;
  12   1        P2 = temp;
  13   1        
  14   1        P0 = 0x00;
  15   1        temp = P2 & 0x1f;
  16   1        temp = temp | 0xa0;
  17   1        P2 = temp;
  18   1        temp = P2 & 0x1f;
  19   1        P2 = temp;
  20   1      }


MODULE INFORMATION:   STATIC OVERLAYABLE
   CODE SIZE        =     39    ----
   CONSTANT SIZE    =   ----    ----
   XDATA SIZE       =   ----    ----
   PDATA SIZE       =   ----    ----
   DATA SIZE        =   ----    ----
   IDATA SIZE       =   ----    ----
   BIT SIZE         =   ----    ----
END OF MODULE INFORMATION.


C51 COMPILATION COMPLETE.  0 WARNING(S),  0 ERROR(S)
