C51 COMPILER V9.54   LED                                                                   04/12/2025 17:08:43 PAGE 1   


C51 COMPILER V9.54, COMPILATION OF MODULE LED
OBJECT MODULE PLACED IN .\Objects\Led.obj
COMPILER INVOKED BY: D:\Keil5\C51\BIN\C51.EXE ..\Driver\Led.c OPTIMIZE(8,SPEED) BROWSE INCDIR(..\Driver) DEBUG OBJECTEXT
                    -END PRINT(.\Listings\Led.lst) TABS(2) OBJECT(.\Objects\Led.obj)

line level    source

   1          #include <Led.h>
   2          #include <STC15F2K60S2.H>
   3          
   4          idata unsigned char temp_1 = 0x00;
   5          idata unsigned char temp_old_1 = 0xff;
   6          
   7          void Led_Disp(unsigned char* ucLed)
   8          {
   9   1        unsigned char temp;
  10   1        temp_1 = 0x00;
  11   1        temp_1 = (ucLed[0]<<0)|(ucLed[1]<<1)|(ucLed[2]<<2)|(ucLed[3]<<3)|(ucLed[4]<<4)|(ucLed[5]<<5)|(ucLed[6]<<6
             -)|(ucLed[7]<<7);
  12   1        if(temp_1 != temp_old_1)
  13   1        {
  14   2          P0 = ~temp_1;
  15   2          temp = P2 & 0x1f;
  16   2          temp = temp | 0x80;
  17   2          P2 = temp;
  18   2          temp = P2 & 0x1f;
  19   2          P2 = temp;
  20   2      
  21   2          temp_old_1 = temp_1;
  22   2        }
  23   1      }
  24          
  25          void Led_Off()
  26          {
  27   1        unsigned char temp;
  28   1        
  29   1        P0 = 0xff;
  30   1        temp = P2 & 0x1f;
  31   1        temp = temp | 0x80;
  32   1        P2 = temp;
  33   1        temp = P2 & 0x1f;
  34   1        P2 = temp;
  35   1        
  36   1        temp_old_1 = 0x00;
  37   1      }
  38          
  39          idata unsigned char temp_0 = 0x00;
  40          idata unsigned char temp_old_0 = 0xff;
  41          void Beep(bit enable)
  42          {
  43   1        unsigned char temp;
  44   1        
  45   1        if(enable)
  46   1          temp_0 |= 0x40;
  47   1        else
  48   1          temp_0 &= ~0x40;
  49   1        if(temp_old_0 != temp_0)
  50   1        {
  51   2          P0 = temp_0;
  52   2          temp = P2 & 0x1f;    // 保留P2的低5位
  53   2          temp = temp | 0xa0;  // 与0xa0进行或操作
C51 COMPILER V9.54   LED                                                                   04/12/2025 17:08:43 PAGE 2   

  54   2          P2 = temp;           // 写入P2
  55   2          temp = P2 & 0x1f;    // 保留P2的低5位
  56   2          P2 = temp;           // 写入P2，关闭锁存器
  57   2          temp_old_0 = temp_0;
  58   2          
  59   2        }
  60   1      }
  61          
  62          void Relay(bit enable)
  63          {
  64   1        unsigned char temp;
  65   1        
  66   1        if(enable)
  67   1          temp_0 |= 0x10;
  68   1        else
  69   1          temp_0 &= ~0x10;
  70   1        if(temp_old_0 != temp_0)
  71   1        {
  72   2          P0 = temp_0;
  73   2          temp = P2 & 0x1f;    // 保留P2的低5位
  74   2          temp = temp | 0xa0;  // 与0xa0进行或操作
  75   2          P2 = temp;           // 写入P2
  76   2          temp = P2 & 0x1f;    // 保留P2的低5位
  77   2          P2 = temp;           // 写入P2，关闭锁存器
  78   2          temp_old_0 = temp_0;
  79   2          
  80   2        }
  81   1      }
  82          
  83          void MOTOR(bit enable)
  84          {
  85   1        unsigned char temp;
  86   1        
  87   1        if(enable)
  88   1          temp_0 |= 0x20;
  89   1        else
  90   1          temp_0 &= ~0x20;
  91   1        if(temp_old_0 != temp_0)
  92   1        {
  93   2          P0 = temp_0;
  94   2          temp = P2 & 0x1f;    // 保留P2的低5位
  95   2          temp = temp | 0xa0;  // 与0xa0进行或操作
  96   2          P2 = temp;           // 写入P2
  97   2          temp = P2 & 0x1f;    // 保留P2的低5位
  98   2          P2 = temp;           // 写入P2，关闭锁存器
  99   2          temp_old_0 = temp_0;
 100   2          
 101   2        }
 102   1      }


MODULE INFORMATION:   STATIC OVERLAYABLE
   CODE SIZE        =    295    ----
   CONSTANT SIZE    =   ----    ----
   XDATA SIZE       =   ----    ----
   PDATA SIZE       =   ----    ----
   DATA SIZE        =   ----    ----
   IDATA SIZE       =      4    ----
   BIT SIZE         =   ----       3
END OF MODULE INFORMATION.


C51 COMPILATION COMPLETE.  0 WARNING(S),  0 ERROR(S)
