C51 COMPILER V9.54   MAIN                                                                  04/12/2025 18:44:06 PAGE 1   


C51 COMPILER V9.54, COMPILATION OF MODULE MAIN
OBJECT MODULE PLACED IN .\Objects\main.obj
COMPILER INVOKED BY: D:\Keil5\C51\BIN\C51.EXE main.c OPTIMIZE(8,SPEED) BROWSE INCDIR(..\Driver) DEBUG OBJECTEXTEND PRINT
                    -(.\Listings\main.lst) TABS(2) OBJECT(.\Objects\main.obj)

line level    source

   1          /*头文件*/
   2          #include <STC15F2K60S2.H>
   3          #include <Init.h>
   4          #include <Led.h>
   5          #include <Seg.h>
   6          #include <Key.h>
   7          #include <string.h>
   8          #include <Uart.h>
   9          
  10          /*变量声明区域*/
  11          unsigned char Key_Val,Key_Down,Key_Up,Key_Old;
  12          unsigned char Key_Slow_Down;
  13          unsigned char Seg_Buf[8] = {10,10,10,10,10,10,10,10};
  14          unsigned char Seg_Point[8] = {0,0,0,0,0,0,0,0};
  15          unsigned char Seg_Pos;
  16          idata unsigned int Seg_Slow_Down;
  17          idata unsigned char ucLed[8] = {0,0,0,0,0,0,0,0};
  18          idata unsigned char Uart_Recv[10];//串口接收数据储存数组 默认10个字节 若接收数据较长 可更改最大字节数
  19          idata unsigned char Uart_Recv_Index;//串口接收数组指针
  20          idata unsigned char Uart_Recv_Tick;     // 串口接收时间标志
  21          idata unsigned char Uart_Rx_Flag;
  22          
  23          /*按键*/
  24          void Key_Proc()
  25          {
  26   1        if(Key_Slow_Down <10) return;
  27   1        Key_Slow_Down = 0;
  28   1        
  29   1        Key_Val = Key_Read();//实时读取键码值
  30   1        Key_Down = Key_Val & (Key_Old ^ Key_Val);//捕捉按键下降沿
  31   1        Key_Up = ~Key_Val & (Key_Old ^ Key_Val);//捕捉按键上降沿
  32   1        Key_Old = Key_Val;//辅助扫描变量
  33   1      }
  34          
  35          /*数码管*/
  36          void Seg_Proc()
  37          {
  38   1        if(Seg_Slow_Down <500) return;
  39   1        Seg_Slow_Down = 0;
  40   1      
  41   1      }
  42          /*其他*/
  43          void Led_Proc()
  44          {
  45   1      
  46   1      }
  47          
  48          /*串口处理函数*/
  49          void Uart_Proc()
  50          {
  51   1        if(Uart_Recv_Index == 0) return;
  52   1        if(Uart_Recv_Tick >= 10)
  53   1        {
  54   2          Uart_Rx_Flag = 0;
C51 COMPILER V9.54   MAIN                                                                  04/12/2025 18:44:06 PAGE 2   

  55   2          Uart_Recv_Tick = 0;
  56   2          
  57   2          memset(Uart_Recv,0,Uart_Recv_Index);
  58   2          Uart_Recv_Index = 0;
  59   2        }
  60   1      }
  61          
  62          /*串口1中断服务*/
  63          void Uart1Server() interrupt 4
  64          {
  65   1        if(RI == 1)
  66   1        {
  67   2          Uart_Rx_Flag = 1;
  68   2          Uart_Recv_Tick = 0;
  69   2          Uart_Recv[Uart_Recv_Index] = SBUF;
  70   2          Uart_Recv_Index++;
  71   2          RI = 0;
  72   2          if(Uart_Recv_Index>10)
  73   2          {
  74   3            Uart_Recv_Index = 0;
  75   3            memset(Uart_Recv,0,10);   
  76   3          }
  77   2          
  78   2        }
  79   1      }
  80          
  81          /*定时器0初始化*/
  82          void Timer0Init(void)   //1毫秒@12.000MHz
  83          {
  84   1        AUXR &= 0x7F;     //定时器时钟12T模式
  85   1        TMOD &= 0xF0;     //设置定时器模式
  86   1        TL0 = 0x18;       //设置定时初始值
  87   1        TH0 = 0xFC;       //设置定时初始值
  88   1        TF0 = 0;        //清除TF0标志
  89   1        TR0 = 1;        //定时器0开始计时
  90   1        ET0 = 1;
  91   1        EA = 1;
  92   1      }
  93          
  94          /*定时器0中断服务*/
  95          void Timer0Server() interrupt 1
  96          {
  97   1        Key_Slow_Down++;
  98   1        Seg_Slow_Down++;
  99   1        
 100   1        if(++Seg_Pos == 8) Seg_Pos = 0;
 101   1        Seg_Disp(Seg_Pos,Seg_Buf[Seg_Pos],Seg_Point[Seg_Pos]);
 102   1        Led_Disp(ucLed);
 103   1      }
 104          
 105          /*Main*/
 106          void main()
 107          {
 108   1        Sys_Init();
 109   1        Timer0Init();
 110   1        Uart1_Init();
 111   1        while(1)
 112   1        {
 113   2          Key_Proc();
 114   2          Seg_Proc();
 115   2          Led_Proc();
 116   2          Uart_Proc();
C51 COMPILER V9.54   MAIN                                                                  04/12/2025 18:44:06 PAGE 3   

 117   2        }
 118   1      }


MODULE INFORMATION:   STATIC OVERLAYABLE
   CODE SIZE        =    345    ----
   CONSTANT SIZE    =   ----    ----
   XDATA SIZE       =   ----    ----
   PDATA SIZE       =   ----    ----
   DATA SIZE        =     22    ----
   IDATA SIZE       =     23    ----
   BIT SIZE         =   ----    ----
END OF MODULE INFORMATION.


C51 COMPILATION COMPLETE.  0 WARNING(S),  0 ERROR(S)
