C51 COMPILER V9.54   SEG                                                                   04/12/2025 16:51:00 PAGE 1   


C51 COMPILER V9.54, COMPILATION OF MODULE SEG
OBJECT MODULE PLACED IN .\Objects\Seg.obj
COMPILER INVOKED BY: D:\Keil5\C51\BIN\C51.EXE ..\Driver\Seg.c OPTIMIZE(8,SPEED) BROWSE INCDIR(..\Driver) DEBUG OBJECTEXT
                    -END PRINT(.\Listings\Seg.lst) TABS(2) OBJECT(.\Objects\Seg.obj)

line level    source

   1          #include <Seg.h>
   2          
   3          unsigned char Seg_dula[] = {0xc0,0xf9,0xa4,0xb0,0x99,0x92,0x82,0xf8,0x80,0x90,0xff,0x88};
   4          unsigned char Seg_wela[] = {0x01,0x02,0x04,0x08,0x10,0x20,0x40,0x80};
   5          
   6          void Seg_Disp(unsigned char wela,dula,point)
   7          {
   8   1        unsigned char temp;
   9   1        
  10   1        P0 = 0xff;
  11   1        temp = P2 & 0x1f;
  12   1        temp = temp | 0xe0;
  13   1        P2 = temp;
  14   1        temp = P2 & 0x1f;
  15   1        P2 = temp;
  16   1        
  17   1        P0 = Seg_wela[wela];
  18   1        temp = P2 & 0x1f;
  19   1        temp = temp | 0xc0;
  20   1        P2 = temp;
  21   1        temp = P2 & 0x1f;
  22   1        P2 = temp;
  23   1        
  24   1        P0 = Seg_dula[dula];
  25   1        if(point) P0 &= 0x7f;
  26   1        temp = P2 & 0x1f;
  27   1        temp = temp | 0xe0;
  28   1        P2 = temp;
  29   1        temp = P2 & 0x1f;
  30   1        P2 = temp;  
  31   1      
  32   1      }


MODULE INFORMATION:   STATIC OVERLAYABLE
   CODE SIZE        =     73    ----
   CONSTANT SIZE    =   ----    ----
   XDATA SIZE       =   ----    ----
   PDATA SIZE       =   ----    ----
   DATA SIZE        =     20    ----
   IDATA SIZE       =   ----    ----
   BIT SIZE         =   ----    ----
END OF MODULE INFORMATION.


C51 COMPILATION COMPLETE.  0 WARNING(S),  0 ERROR(S)
