C51 COMPILER V9.54   MAIN                                                                  02/21/2025 22:33:46 PAGE 1   


C51 COMPILER V9.54, COMPILATION OF MODULE MAIN
OBJECT MODULE PLACED IN .\Objects\main.obj
COMPILER INVOKED BY: D:\Keil5\C51\BIN\C51.EXE main.c OPTIMIZE(8,SPEED) BROWSE INCDIR(..\Driver) DEBUG OBJECTEXTEND PRINT
                    -(.\Listings\main.lst) TABS(2) OBJECT(.\Objects\main.obj)

line level    source

   1          /*头文件声明区域*/
   2          #include <STC15F2K60S2.H>
   3          #include <Init.h>
   4          #include <Key.h>
   5          #include <Seg.h>
   6          #include <Led.h>
   7          #include <iic.h>
   8          #include <onewire.h>
   9          #include <ds1302.h>
  10          
  11          /*变量声明区域*/
  12          unsigned char Key_Slow_Down;
  13          unsigned int Seg_Slow_Down;
  14          unsigned char Key_Val,Key_Down,Key_Up,Key_Old;
  15          unsigned char Seg_Pos;
  16          unsigned char Seg_Buf[8] = {10,10,10,10,10,10,10,10};
  17          unsigned char Seg_Point[8] = {0,0,0,0,0,0,0,0};
  18          unsigned char ucLed[8] = {0,0,0,0,0,0,0,0};
  19          unsigned char Timer_1000Ms;
  20          unsigned char Freq;
  21          
  22          /*按键处理函数*/
  23          void Key_Proc()
  24          {
  25   1        if(Key_Slow_Down) return;
  26   1          Key_Slow_Down = 1;
  27   1        
  28   1        Key_Val = Key_Read();
  29   1        Key_Down = Key_Val & (Key_Val ^ Key_Old);
  30   1        Key_Up = ~Key_Val & (Key_Val ^ Key_Old);
  31   1        Key_Old = Key_Val;
  32   1        
  33   1      }
  34          
  35          /*信息处理函数*/
  36          void Seg_Proc()
  37          {
  38   1        if(Seg_Slow_Down) return;
  39   1          Seg_Slow_Down = 1;
  40   1      
  41   1      }
  42          
  43          /*其他显示函数*/
  44          void Led_Proc()
  45          {
  46   1      
  47   1      }
  48          
  49          /*定时器0初始化函数*/
  50          void Timer0Init(void)   //1毫秒@12.000MHz
  51          {
  52   1        AUXR &= 0x7F;     //定时器时钟12T模式
  53   1        TMOD &= 0xF0;     //设置定时器模式
  54   1        TMOD |= 0x05;     //设置定时器模式
C51 COMPILER V9.54   MAIN                                                                  02/21/2025 22:33:46 PAGE 2   

  55   1        TL0 = 0;        //设置定时初始值
  56   1        TH0 = 0;        //设置定时初始值
  57   1        TF0 = 0;        //清除TF0标志
  58   1        TR0 = 1;        //定时器0开始计时
  59   1      }
  60          
  61          /*定时器1初始化函数*/
  62          void Timer1Init(void)   //1毫秒@12.000MHz
  63          {
  64   1        AUXR &= 0xBF;     //定时器时钟12T模式
  65   1        TMOD &= 0x0F;     //设置定时器模式
  66   1        TL1 = 0x18;       //设置定时初始值
  67   1        TH1 = 0xFC;       //设置定时初始值
  68   1        TF1 = 0;        //清除TF1标志
  69   1        TR1 = 1;        //定时器1开始计时
  70   1        ET1 = 1;
  71   1        EA = 1;
  72   1      }
  73          
  74          /*定时器1中断服务函数*/
  75          void Timer1Server() interrupt 3
  76          {
  77   1        if(++Key_Slow_Down == 10) Key_Slow_Down = 0;
  78   1        if(++Seg_Slow_Down == 500) Seg_Slow_Down = 0;
  79   1        if(++Seg_Pos == 8) Seg_Pos =0;
  80   1        Seg_Disp(Seg_Pos,Seg_Buf[Seg_Pos],Seg_Point[Seg_Pos]);
  81   1        Led_Disp(Seg_Pos,ucLed[Seg_Pos]);
  82   1        
  83   1        if(++Timer_1000Ms == 1000)
  84   1        {
  85   2          Timer_1000Ms = 0;
  86   2          Freq = (TH0<<8)|TL0;
  87   2          TH0 = TL0 = 0;
  88   2        }
  89   1      }
  90          
  91          /*Main*/
  92          void main()
  93          {
  94   1        System_Init();
  95   1        Timer0Init();
  96   1        Timer1Init();
  97   1        while(1)
  98   1        {
  99   2          Key_Proc();
 100   2          Seg_Proc();
 101   2          Led_Proc();
 102   2        }
 103   1      }


MODULE INFORMATION:   STATIC OVERLAYABLE
   CODE SIZE        =    266    ----
   CONSTANT SIZE    =   ----    ----
   XDATA SIZE       =   ----    ----
   PDATA SIZE       =   ----    ----
   DATA SIZE        =     34    ----
   IDATA SIZE       =   ----    ----
   BIT SIZE         =   ----    ----
END OF MODULE INFORMATION.


C51 COMPILATION COMPLETE.  0 WARNING(S),  0 ERROR(S)
