C51 COMPILER V9.54   MAIN                                                                  03/04/2025 16:12:52 PAGE 1   


C51 COMPILER V9.54, COMPILATION OF MODULE MAIN
OBJECT MODULE PLACED IN .\Objects\main.obj
COMPILER INVOKED BY: D:\Keil5\C51\BIN\C51.EXE main.c OPTIMIZE(8,SPEED) BROWSE INCDIR(..\Driver) DEBUG OBJECTEXTEND PRINT
                    -(.\Listings\main.lst) TABS(2) OBJECT(.\Objects\main.obj)

line level    source

   1          /*头文件声明区域*/
   2          #include <STC15F2K60S2.H>
   3          #include <Key.h>
   4          #include <Init.h>
   5          #include <Led.h>
   6          #include <Seg.h>
   7          #include <iic.h>
   8          #include <ds1302.h>
   9          #include <onewire.h>
  10          
  11          /*变量声明区域*/
  12          unsigned char Key_Slow_Down;
  13          unsigned int Seg_Slow_Down;
  14          unsigned char Key_Val,Key_Down,Key_Up,Key_Old;
  15          unsigned char Seg_Buf[8] = {10,10,10,10,10,10,10,10};
  16          unsigned char Seg_Point[8] = {0,0,0,0,0,0,0,0};
  17          unsigned char Seg_Pos;
  18          unsigned char ucLed[8] = {0,0,0,0,0,0,0,0};
  19          
  20          /*按键处理函数*/
  21          void Key_Proc()
  22          {
  23   1        if(Key_Slow_Down) return;
  24   1        Key_Slow_Down = 1;
  25   1        
  26   1        Key_Val = Key_Read();
  27   1        Key_Down = Key_Val & (Key_Val ^ Key_Old);
  28   1        Key_Up = ~Key_Val & (Key_Val ^ Key_Old);
  29   1        Key_Old = Key_Val;
  30   1        
  31   1      }
  32          
  33          /*信息处理函数*/
  34          void Seg_Proc()
  35          {
  36   1        Seg_Buf[0] = 6;
  37   1        ucLed[0] = 1;
  38   1      }
  39          
  40          /*其他显示函数*/
  41          void Led_Proc()
  42          {
  43   1        if(Key_Slow_Down) return;
  44   1        Key_Slow_Down = 1;
  45   1      
  46   1      }
  47          
  48          /*定时器0初始化函数*/
  49          void Timer0Init(void)   //1毫秒@12.000MHz
  50          {
  51   1        AUXR &= 0x7F;     //定时器时钟12T模式
  52   1        TMOD &= 0xF0;     //设置定时器模式
  53   1        TL0 = 0x18;       //设置定时初始值
  54   1        TH0 = 0xFC;       //设置定时初始值
C51 COMPILER V9.54   MAIN                                                                  03/04/2025 16:12:52 PAGE 2   

  55   1        TF0 = 0;        //清除TF0标志
  56   1        TR0 = 1;        //定时器0开始计时
  57   1        ET0 = 1;
  58   1        EA = 1;
  59   1      }
  60          
  61          /*定时器0中断服务函数*/
  62          void Timer0Server() interrupt 1
  63          {
  64   1        if(++Key_Slow_Down == 10) Key_Slow_Down = 0;
  65   1        if(++Seg_Slow_Down == 500) Seg_Slow_Down = 0;
  66   1        if(++Seg_Pos == 8) Seg_Pos = 0;
  67   1        Seg_Disp(Seg_Pos,Seg_Buf[Seg_Pos],Seg_Point[Seg_Pos]);
  68   1        Led_Disp(Seg_Pos,ucLed[Seg_Pos]);
  69   1        
  70   1      }
  71          
  72          /*Main*/
  73          void main()
  74          {
  75   1        Sys_Init();
  76   1        Timer0Init();
  77   1        while(1)
  78   1        {
  79   2          Key_Proc();
  80   2          Seg_Proc();
  81   2          Led_Proc();
  82   2        }
  83   1      }


MODULE INFORMATION:   STATIC OVERLAYABLE
   CODE SIZE        =    220    ----
   CONSTANT SIZE    =   ----    ----
   XDATA SIZE       =   ----    ----
   PDATA SIZE       =   ----    ----
   DATA SIZE        =     32    ----
   IDATA SIZE       =   ----    ----
   BIT SIZE         =   ----    ----
END OF MODULE INFORMATION.


C51 COMPILATION COMPLETE.  0 WARNING(S),  0 ERROR(S)
