C51 COMPILER V9.54   MAIN                                                                  03/12/2025 21:43:21 PAGE 1   


C51 COMPILER V9.54, COMPILATION OF MODULE MAIN
OBJECT MODULE PLACED IN .\Objects\main.obj
COMPILER INVOKED BY: D:\Keil5\C51\BIN\C51.EXE main.c OPTIMIZE(8,SPEED) BROWSE INCDIR(..\Driver) DEBUG OBJECTEXTEND PRINT
                    -(.\Listings\main.lst) TABS(2) OBJECT(.\Objects\main.obj)

line level    source

   1          /*头文件声明区域*/
   2          #include <STC15F2K60S2.H>
   3          #include <Key.h>
   4          #include <Init.h>
   5          #include <Led.h>
   6          #include <Seg.h>
   7          #include <iic.h>
   8          #include <ds1302.h>
   9          #include <onewire.h>
  10          
  11          /*变量声明区域*/
  12          unsigned char Key_Slow_Down;
  13          unsigned int Seg_Slow_Down;
  14          unsigned char Key_Val,Key_Down,Key_Up,Key_Old;
  15          unsigned char Seg_Buf[8] = {10,10,10,10,10,10,10,10};
  16          unsigned char Seg_Point[8] = {0,0,0,0,0,0,0,0};
  17          unsigned char Seg_Pos;
  18          unsigned char ucLed[8] = {0,0,0,0,0,0,0,0};
  19          unsigned int Timer_1000Ms;
  20          unsigned int Freq;
  21          
  22          /*按键处理函数*/
  23          void Key_Proc()
  24          {
  25   1        if(Key_Slow_Down) return;
  26   1        Key_Slow_Down = 1;
  27   1        
  28   1        Key_Val = Key_Read();
  29   1        Key_Down = Key_Val & (Key_Val ^ Key_Old);
  30   1        Key_Up = ~Key_Val & (Key_Val ^ Key_Old);
  31   1        Key_Old = Key_Val;
  32   1        
  33   1      }
  34          
  35          /*信息处理函数*/
  36          void Seg_Proc()
  37          {
  38   1        Seg_Buf[0] = 6;
  39   1        ucLed[0] = 1;
  40   1      }
  41          
  42          /*其他显示函数*/
  43          void Led_Proc()
  44          {
  45   1        if(Key_Slow_Down) return;
  46   1        Key_Slow_Down = 1;
  47   1      
  48   1      }
  49          
  50          /*定时器0初始化函数*/
  51          void Timer0Init(void)   //1毫秒@12.000MHz
  52          {
  53   1        AUXR &= 0x7F;     //定时器时钟12T模式
  54   1        TMOD &= 0xF0;     //设置定时器模式
C51 COMPILER V9.54   MAIN                                                                  03/12/2025 21:43:21 PAGE 2   

  55   1        TMOD |= 0x05;     //设置定时器模式
  56   1        TL0 = 0;        //设置定时初始值
  57   1        TH0 = 0;        //设置定时初始值
  58   1        TF0 = 0;        //清除TF0标志
  59   1        TR0 = 1;        //定时器0开始计时
  60   1      }
  61          
  62          /*定时器1初始化函数*/
  63          void Timer1Init(void)   //1毫秒@12.000MHz
  64          {
  65   1        AUXR &= 0xBF;     //定时器时钟12T模式
  66   1        TMOD &= 0x0F;     //设置定时器模式
  67   1        TL1 = 0x18;       //设置定时初始值
  68   1        TH1 = 0xFC;       //设置定时初始值
  69   1        TF1 = 0;        //清除TF1标志
  70   1        TR1 = 1;        //定时器1开始计时
  71   1        ET1 = 1;
  72   1        EA = 1;
  73   1      }
  74          
  75          /*定时器1中断服务函数*/
  76          void Timer1Server() interrupt 3
  77          {
  78   1        if(++Key_Slow_Down == 10) Key_Slow_Down = 0;
  79   1        if(++Seg_Slow_Down == 500) Seg_Slow_Down = 0;
  80   1        if(++Seg_Pos == 8) Seg_Pos =0;
  81   1        Seg_Disp(Seg_Pos,Seg_Buf[Seg_Pos],Seg_Point[Seg_Pos]);
  82   1        Led_Disp(Seg_Pos,ucLed[Seg_Pos]);
  83   1        
  84   1        if(++Timer_1000Ms == 1000)
  85   1        {
  86   2          Timer_1000Ms = 0;
  87   2          Freq = (TH0<<8)|TL0;
  88   2          TH0 = TL0 = 0;
  89   2        }
  90   1      }
  91          
  92          /*Main*/
  93          void main()
  94          {
  95   1        System_Init();
*** WARNING C206 IN LINE 95 OF main.c: 'System_Init': missing function-prototype
  96   1        Timer0Init();
  97   1        Timer1Init();
  98   1        while(1)
  99   1        {
 100   2          Key_Proc();
 101   2          Seg_Proc();
 102   2          Led_Proc();
 103   2        }
 104   1      }


MODULE INFORMATION:   STATIC OVERLAYABLE
   CODE SIZE        =    281    ----
   CONSTANT SIZE    =   ----    ----
   XDATA SIZE       =   ----    ----
   PDATA SIZE       =   ----    ----
   DATA SIZE        =     36    ----
   IDATA SIZE       =   ----    ----
   BIT SIZE         =   ----    ----
END OF MODULE INFORMATION.

C51 COMPILER V9.54   MAIN                                                                  03/12/2025 21:43:21 PAGE 3   


C51 COMPILATION COMPLETE.  1 WARNING(S),  0 ERROR(S)
