BL51 BANKED LINKER/LOCATER V6.22                                                        03/04/2025  14:26:33  PAGE 1


BL51 BANKED LINKER/LOCATER V6.22, INVOKED BY:
D:\KEIL5\C51\BIN\BL51.EXE .\Objects\main.obj, .\Objects\Key.obj, .\Objects\Seg.obj, .\Objects\Init.obj, .\Objects\Led.ob
>> j, .\Objects\ds1302.obj, .\Objects\iic.obj, .\Objects\onewire.obj TO .\Objects\Model PRINT (.\Listings\Model.m51) RAM
>> SIZE (256)


MEMORY MODEL: SMALL WITH FLOATING POINT ARITHMETIC


INPUT MODULES INCLUDED:
  .\Objects\main.obj (MAIN)
  .\Objects\Key.obj (KEY)
  .\Objects\Seg.obj (SEG)
  .\Objects\Init.obj (INIT)
  .\Objects\Led.obj (LED)
  .\Objects\ds1302.obj (DS1302)
  .\Objects\iic.obj (IIC)
  .\Objects\onewire.obj (ONEWIRE)
  D:\KEIL5\C51\LIB\C51FPS.LIB (?C?FPADD)
  D:\KEIL5\C51\LIB\C51FPS.LIB (?C?FPMUL)
  D:\KEIL5\C51\LIB\C51FPS.LIB (?C?FPDIV)
  D:\KEIL5\C51\LIB\C51FPS.LIB (?C?FPCMP)
  D:\KEIL5\C51\LIB\C51FPS.LIB (?C?FCAST)
  D:\KEIL5\C51\LIB\C51FPS.LIB (?C?CASTF)
  D:\KEIL5\C51\LIB\C51FPS.LIB (?C?FPGETOPN)
  D:\KEIL5\C51\LIB\C51S.LIB (?C_STARTUP)
  D:\KEIL5\C51\LIB\C51S.LIB (?C?CLDPTR)
  D:\KEIL5\C51\LIB\C51S.LIB (?C?CLDOPTR)
  D:\KEIL5\C51\LIB\C51S.LIB (?C?CSTPTR)
  D:\KEIL5\C51\LIB\C51S.LIB (?C?CSTOPTR)
  D:\KEIL5\C51\LIB\C51S.LIB (?C?UIDIV)
  D:\KEIL5\C51\LIB\C51S.LIB (?C?IILDX)
  D:\KEIL5\C51\LIB\C51S.LIB (?C?LNEG)
  D:\KEIL5\C51\LIB\C51S.LIB (?C?LSTXDATA)
  D:\KEIL5\C51\LIB\C51S.LIB (?C?LSTKXDATA)
  D:\KEIL5\C51\LIB\C51S.LIB (?C_INIT)


LINK MAP OF MODULE:  .\Objects\Model (MAIN)


            TYPE    BASE      LENGTH    RELOCATION   SEGMENT NAME
            -----------------------------------------------------

            * * * * * * *   D A T A   M E M O R Y   * * * * * * *
            REG     0000H     0008H     ABSOLUTE     "REG BANK 0"
            DATA    0008H     0006H     UNIT         ?DT?LED
            DATA    000EH     0001H     UNIT         _DATA_GROUP_
                    000FH     0011H                  *** GAP ***
            BIT     0020H.0   0000H.5   UNIT         ?BI?MAIN
            BIT     0020H.5   0000H.1   UNIT         _BIT_GROUP_
                    0020H.6   0000H.2                *** GAP ***
            DATA    0021H     0040H     UNIT         ?DT?MAIN
            DATA    0061H     001AH     UNIT         ?DT?SEG
            IDATA   007BH     0001H     UNIT         ?STACK

            * * * * * * *  X D A T A   M E M O R Y  * * * * * * *
            XDATA   0000H     0061H     UNIT         ?XD?MAIN
BL51 BANKED LINKER/LOCATER V6.22                                                      03/04/2025  14:26:33  PAGE 2



            * * * * * * *   C O D E   M E M O R Y   * * * * * * *
            CODE    0000H     0003H     ABSOLUTE     
            CODE    0003H     0018H     UNIT         ?PR?_I2CSENDACK?IIC
            CODE    001BH     0003H     ABSOLUTE     
            CODE    001EH     0506H     UNIT         ?C?LIB_CODE
            CODE    0524H     0498H     UNIT         ?PR?SEG_PROC?MAIN
            CODE    09BCH     00EAH     UNIT         ?PR?TIMER1SERVER?MAIN
            CODE    0AA6H     00D4H     UNIT         ?PR?KEY_PROC?MAIN
            CODE    0B7AH     00A5H     UNIT         ?PR?LED_PROC?MAIN
            CODE    0C1FH     008CH     UNIT         ?C_C51STARTUP
            CODE    0CABH     0073H     UNIT         ?PR?KEY_READ?KEY
            CODE    0D1EH     005CH     UNIT         ?C_INITSEG
            CODE    0D7AH     0042H     UNIT         ?PR?_SEG_DISP?SEG
            CODE    0DBCH     003BH     UNIT         ?PR?_LED_DISP?LED
            CODE    0DF7H     0035H     UNIT         ?PR?READ_T?ONEWIRE
            CODE    0E2CH     0034H     UNIT         ?PR?_READ_DS1302_BYTE?DS1302
            CODE    0E60H     002FH     UNIT         ?PR?_SET_RTC?DS1302
            CODE    0E8FH     002CH     UNIT         ?PR?MAIN?MAIN
            CODE    0EBBH     002CH     UNIT         ?PR?_I2CSENDBYTE?IIC
            CODE    0EE7H     0027H     UNIT         ?PR?INIT_DS18B20?ONEWIRE
            CODE    0F0EH     0025H     UNIT         ?PR?_BEEP?LED
            CODE    0F33H     0025H     UNIT         ?PR?_RELAY?LED
            CODE    0F58H     0025H     UNIT         ?PR?_AD_READ?IIC
            CODE    0F7DH     0021H     UNIT         ?PR?_READ_RTC?DS1302
            CODE    0F9EH     001EH     UNIT         ?PR?_WRITE_DS18B20?ONEWIRE
            CODE    0FBCH     001DH     UNIT         ?PR?SYSTEM_INIT?INIT
            CODE    0FD9H     001DH     UNIT         ?PR?I2CRECEIVEBYTE?IIC
            CODE    0FF6H     001DH     UNIT         ?PR?I2CWAITACK?IIC
            CODE    1013H     001AH     UNIT         ?PR?_I2C_DELAY?IIC
            CODE    102DH     001AH     UNIT         ?PR?_DELAY_ONEWIRE?ONEWIRE
            CODE    1047H     001AH     UNIT         ?PR?READ_DS18B20?ONEWIRE
            CODE    1061H     0015H     UNIT         ?PR?TIMER1INIT?MAIN
            CODE    1076H     0015H     UNIT         ?PR?_DA_WRITE?IIC
            CODE    108BH     0014H     UNIT         ?PR?_WRITE_DS1302_BYTE?DS1302
            CODE    109FH     0013H     UNIT         ?PR?TIMER0INIT?MAIN
            CODE    10B2H     0013H     UNIT         ?PR?_WRITE_DS1302?DS1302
            CODE    10C5H     000FH     UNIT         ?PR?I2CSTART?IIC
            CODE    10D4H     000DH     UNIT         ?PR?DELAY3000MS?MAIN
            CODE    10E1H     000CH     UNIT         ?PR?DELAY750MS?MAIN
            CODE    10EDH     000CH     UNIT         ?PR?I2CSTOP?IIC



OVERLAY MAP OF MODULE:   .\Objects\Model (MAIN)


SEGMENT                                  BIT_GROUP          DATA_GROUP 
  +--> CALLED SEGMENT                 START    LENGTH     START    LENGTH
-------------------------------------------------------------------------
?PR?TIMER1SERVER?MAIN                 -----    -----      -----    -----
  +--> ?PR?_SEG_DISP?SEG
  +--> ?PR?_LED_DISP?LED

*** NEW ROOT ***************************************************

?C_C51STARTUP                         -----    -----      -----    -----
BL51 BANKED LINKER/LOCATER V6.22                                                      03/04/2025  14:26:33  PAGE 3


  +--> ?PR?MAIN?MAIN
  +--> ?C_INITSEG

?PR?MAIN?MAIN                         -----    -----      -----    -----
  +--> ?PR?READ_T?ONEWIRE
  +--> ?PR?DELAY750MS?MAIN
  +--> ?PR?_SET_RTC?DS1302
  +--> ?PR?_READ_RTC?DS1302
  +--> ?PR?SYSTEM_INIT?INIT
  +--> ?PR?TIMER0INIT?MAIN
  +--> ?PR?TIMER1INIT?MAIN
  +--> ?PR?KEY_PROC?MAIN
  +--> ?PR?SEG_PROC?MAIN
  +--> ?PR?LED_PROC?MAIN

?PR?READ_T?ONEWIRE                    -----    -----      -----    -----
  +--> ?PR?INIT_DS18B20?ONEWIRE
  +--> ?PR?_WRITE_DS18B20?ONEWIRE
  +--> ?PR?READ_DS18B20?ONEWIRE

?PR?INIT_DS18B20?ONEWIRE              0020H.5  0000H.1    -----    -----
  +--> ?PR?_DELAY_ONEWIRE?ONEWIRE

?PR?_WRITE_DS18B20?ONEWIRE            -----    -----      -----    -----
  +--> ?PR?_DELAY_ONEWIRE?ONEWIRE

?PR?READ_DS18B20?ONEWIRE              -----    -----      -----    -----
  +--> ?PR?_DELAY_ONEWIRE?ONEWIRE

?PR?DELAY750MS?MAIN                   -----    -----      000EH    0001H

?PR?_SET_RTC?DS1302                   -----    -----      -----    -----
  +--> ?PR?_WRITE_DS1302_BYTE?DS1302

?PR?_WRITE_DS1302_BYTE?DS1302         -----    -----      -----    -----
  +--> ?PR?_WRITE_DS1302?DS1302

?PR?_READ_RTC?DS1302                  -----    -----      -----    -----
  +--> ?PR?_READ_DS1302_BYTE?DS1302

?PR?_READ_DS1302_BYTE?DS1302          -----    -----      -----    -----
  +--> ?PR?_WRITE_DS1302?DS1302

?PR?KEY_PROC?MAIN                     -----    -----      -----    -----
  +--> ?PR?KEY_READ?KEY

?PR?SEG_PROC?MAIN                     -----    -----      -----    -----
  +--> ?PR?_READ_RTC?DS1302
  +--> ?PR?_AD_READ?IIC
  +--> ?PR?READ_T?ONEWIRE
  +--> ?PR?DELAY3000MS?MAIN

?PR?_AD_READ?IIC                      -----    -----      -----    -----
  +--> ?PR?I2CSTART?IIC
  +--> ?PR?I2CWAITACK?IIC
  +--> ?PR?_I2CSENDBYTE?IIC
  +--> ?PR?I2CRECEIVEBYTE?IIC
BL51 BANKED LINKER/LOCATER V6.22                                                      03/04/2025  14:26:33  PAGE 4


  +--> ?PR?_I2CSENDACK?IIC
  +--> ?PR?I2CSTOP?IIC

?PR?I2CSTART?IIC                      -----    -----      -----    -----
  +--> ?PR?_I2C_DELAY?IIC

?PR?I2CWAITACK?IIC                    -----    -----      -----    -----
  +--> ?PR?_I2CSENDBYTE?IIC
  +--> ?PR?_I2C_DELAY?IIC

?PR?_I2CSENDBYTE?IIC                  -----    -----      -----    -----
  +--> ?PR?_I2C_DELAY?IIC

?PR?I2CRECEIVEBYTE?IIC                -----    -----      -----    -----
  +--> ?PR?_I2C_DELAY?IIC

?PR?_I2CSENDACK?IIC                   -----    -----      -----    -----
  +--> ?PR?_I2C_DELAY?IIC

?PR?I2CSTOP?IIC                       -----    -----      -----    -----
  +--> ?PR?_I2C_DELAY?IIC



SYMBOL TABLE OF MODULE:  .\Objects\Model (MAIN)

  VALUE           TYPE          NAME
  ----------------------------------

  -------         MODULE        MAIN
  C:0000H         SYMBOL        _ICE_DUMMY_
  D:0080H         PUBLIC        P0
  D:0090H         PUBLIC        P1
  D:00A0H         PUBLIC        P2
  D:00B0H         PUBLIC        P3
  D:00C0H         PUBLIC        P4
  B:0020H.0       PUBLIC        Wet_Valid
  D:00C8H         PUBLIC        P5
  D:00E8H         PUBLIC        P6
  B:00A8H.7       PUBLIC        EA
  B:0020H.1       PUBLIC        Key_Flag
  D:00F8H         PUBLIC        P7
  X:0000H         PUBLIC        Timer_2s
  D:0021H         PUBLIC        sum_T
  C:0B7AH         PUBLIC        Led_Proc
  D:0025H         PUBLIC        Seg_Point
  D:00A8H         PUBLIC        IE
  X:0002H         PUBLIC        Freq
  C:0524H         PUBLIC        Seg_Proc
  C:10D4H         PUBLIC        Delay3000ms
  D:00B8H         PUBLIC        IP
  D:002DH         PUBLIC        Seg_Buf
  C:0AA6H         PUBLIC        Key_Proc
  X:0004H         PUBLIC        Seg_Slow_Down
  D:00D8H         PUBLIC        CCON
  D:0035H         PUBLIC        Key_Down
  C:0E8FH         PUBLIC        main
BL51 BANKED LINKER/LOCATER V6.22                                                      03/04/2025  14:26:33  PAGE 5


  D:0036H         PUBLIC        Key_Old
  D:0037H         PUBLIC        Key_Slow_Down
  X:0006H         PUBLIC        Wet_data
  D:0038H         PUBLIC        Key_Val
  C:09BCH         PUBLIC        Timer1Server
  D:0039H         PUBLIC        Wet
  D:003DH         PUBLIC        time
  B:0020H.2       PUBLIC        V_Flag
  D:0040H         PUBLIC        Seg_Pos
  D:0098H         PUBLIC        SCON
  B:0020H.3       PUBLIC        Trigger_Flag
  D:0089H         PUBLIC        TMOD
  D:0088H         PUBLIC        TCON
  X:002EH         PUBLIC        Timer_100Ms
  D:0041H         PUBLIC        T_Para
  D:008EH         PUBLIC        AUXR
  X:002FH         PUBLIC        Wet_aver
  D:0042H         PUBLIC        Trigger_Count
  B:00A8H.3       PUBLIC        ET1
  B:0088H.5       PUBLIC        TF0
  C:109FH         PUBLIC        Timer0Init
  B:0088H.7       PUBLIC        TF1
  C:1061H         PUBLIC        Timer1Init
  D:008CH         PUBLIC        TH0
  D:008DH         PUBLIC        TH1
  X:0033H         PUBLIC        T_data
  D:0043H         PUBLIC        Key_Up
  D:008AH         PUBLIC        TL0
  D:008BH         PUBLIC        TL1
  D:0044H         PUBLIC        T
  D:0048H         PUBLIC        V
  B:0088H.4       PUBLIC        TR0
  B:0088H.6       PUBLIC        TR1
  D:0049H         PUBLIC        Wet_max
  D:004DH         PUBLIC        Back_Show_Mode
  X:005BH         PUBLIC        T_aver
  X:005FH         PUBLIC        Timer_1000Ms
  D:004EH         PUBLIC        i
  D:004FH         PUBLIC        sum_Wet
  D:0053H         PUBLIC        ucLed
  C:10E1H         PUBLIC        Delay750ms
  D:005BH         PUBLIC        Seg_Disp_Mode
  D:00D0H         PUBLIC        PSW
  D:005CH         PUBLIC        T_max
  D:0060H         PUBLIC        Seg_Disp_Mode_Old
  B:0020H.4       PUBLIC        L4_Star
  -------         PROC          KEY_PROC
  C:0AA6H         LINE#         48
  C:0AA6H         LINE#         49
  C:0AA6H         LINE#         50
  C:0AADH         LINE#         51
  C:0AB0H         LINE#         53
  C:0AB5H         LINE#         54
  C:0ABEH         LINE#         55
  C:0AC4H         LINE#         56
  C:0AC7H         LINE#         59
  C:0AD1H         LINE#         60
BL51 BANKED LINKER/LOCATER V6.22                                                      03/04/2025  14:26:33  PAGE 6


  C:0AD1H         LINE#         61
  C:0AD6H         LINE#         62
  C:0AD8H         LINE#         63
  C:0AD8H         LINE#         64
  C:0AE7H         LINE#         65
  C:0AE7H         LINE#         66
  C:0AECH         LINE#         67
  C:0AECH         LINE#         68
  C:0AEFH         LINE#         69
  C:0AF4H         LINE#         70
  C:0B2AH         LINE#         71
  C:0B2AH         LINE#         72
  C:0B2AH         LINE#         74
  C:0B3BH         LINE#         75
  C:0B3BH         LINE#         76
  C:0B3BH         LINE#         77
  C:0B42H         LINE#         78
  C:0B45H         LINE#         79
  C:0B48H         LINE#         80
  C:0B49H         LINE#         82
  C:0B49H         LINE#         83
  C:0B4FH         LINE#         84
  C:0B4FH         LINE#         85
  C:0B57H         LINE#         86
  C:0B59H         LINE#         87
  C:0B59H         LINE#         88
  C:0B5AH         LINE#         90
  C:0B5AH         LINE#         91
  C:0B5FH         LINE#         92
  C:0B5FH         LINE#         93
  C:0B66H         LINE#         94
  C:0B69H         LINE#         95
  C:0B69H         LINE#         96
  C:0B6AH         LINE#         98
  C:0B6AH         LINE#         99
  C:0B6FH         LINE#         100
  C:0B6FH         LINE#         101
  C:0B76H         LINE#         102
  C:0B79H         LINE#         103
  C:0B79H         LINE#         104
  C:0B79H         LINE#         105
  C:0B79H         LINE#         107
  -------         ENDPROC       KEY_PROC
  -------         PROC          DELAY3000MS
  -------         DO            
  D:0007H         SYMBOL        i
  D:0006H         SYMBOL        j
  D:0005H         SYMBOL        k
  -------         ENDDO         
  C:10D4H         LINE#         109
  C:10D4H         LINE#         110
  C:10D4H         LINE#         112
  C:10D6H         LINE#         113
  C:10D8H         LINE#         114
  C:10DAH         LINE#         116
  C:10DAH         LINE#         118
  C:10DAH         LINE#         119
BL51 BANKED LINKER/LOCATER V6.22                                                      03/04/2025  14:26:33  PAGE 7


  C:10DCH         LINE#         120
  C:10DEH         LINE#         121
  C:10E0H         LINE#         122
  -------         ENDPROC       DELAY3000MS
  -------         PROC          SEG_PROC
  C:0524H         LINE#         125
  C:0524H         LINE#         126
  C:0524H         LINE#         127
  C:0531H         LINE#         128
  C:0539H         LINE#         131
  C:0542H         LINE#         132
  C:0549H         LINE#         135
  C:0550H         LINE#         136
  C:0550H         LINE#         137
  C:0573H         LINE#         138
  C:0596H         LINE#         139
  C:0599H         LINE#         140
  C:059BH         LINE#         141
  C:059EH         LINE#         142
  C:05AEH         LINE#         143
  C:05AEH         LINE#         144
  C:05B9H         LINE#         145
  C:05D4H         LINE#         146
  C:05F7H         LINE#         148
  C:05FBH         LINE#         149
  C:05FBH         LINE#         150
  C:0609H         LINE#         151
  C:0617H         LINE#         152
  C:0617H         LINE#         154
  C:0627H         LINE#         155
  C:0627H         LINE#         156
  C:0629H         LINE#         157
  C:0634H         LINE#         158
  C:0636H         LINE#         159
  C:063FH         LINE#         160
  C:063FH         LINE#         161
  C:0641H         LINE#         162
  C:064CH         LINE#         163
  C:064EH         LINE#         165
  C:064EH         LINE#         166
  C:0650H         LINE#         167
  C:067FH         LINE#         168
  C:067FH         LINE#         170
  C:0681H         LINE#         171
  C:069BH         LINE#         172
  C:06B5H         LINE#         174
  C:06B7H         LINE#         175
  C:06BAH         LINE#         177
  C:06C3H         LINE#         178
  C:06CBH         LINE#         179
  C:06D7H         LINE#         180
  C:06D7H         LINE#         181
  C:0704H         LINE#         182
  C:0731H         LINE#         183
  C:0756H         LINE#         184
  C:077BH         LINE#         185
  C:0780H         LINE#         189
BL51 BANKED LINKER/LOCATER V6.22                                                      03/04/2025  14:26:33  PAGE 8


  C:0780H         LINE#         195
  C:0798H         LINE#         196
  C:0798H         LINE#         197
  C:0798H         LINE#         198
  C:079BH         LINE#         199
  C:079EH         LINE#         200
  C:07A5H         LINE#         201
  C:07ABH         LINE#         202
  C:07AEH         LINE#         203
  C:07B5H         LINE#         204
  C:07BBH         LINE#         205
  C:07BEH         LINE#         206
  C:07C5H         LINE#         207
  C:07CBH         LINE#         208
  C:07CCH         LINE#         210
  C:07CCH         LINE#         211
  C:07CFH         LINE#         212
  C:07D1H         LINE#         213
  C:07D4H         LINE#         214
  C:07E6H         LINE#         215
  C:07E6H         LINE#         216
  C:07E6H         LINE#         217
  C:07E9H         LINE#         218
  C:07ECH         LINE#         219
  C:07F3H         LINE#         220
  C:07F3H         LINE#         221
  C:080AH         LINE#         222
  C:0812H         LINE#         223
  C:0815H         LINE#         224
  C:0832H         LINE#         225
  C:083AH         LINE#         226
  C:0844H         LINE#         227
  C:0844H         LINE#         228
  C:0846H         LINE#         236
  C:0846H         LINE#         237
  C:0849H         LINE#         238
  C:084CH         LINE#         239
  C:0850H         LINE#         240
  C:0850H         LINE#         241
  C:0867H         LINE#         242
  C:086FH         LINE#         243
  C:0872H         LINE#         244
  C:088FH         LINE#         245
  C:0897H         LINE#         246
  C:08BBH         LINE#         247
  C:08BEH         LINE#         248
  C:08BFH         LINE#         250
  C:08BFH         LINE#         251
  C:08D1H         LINE#         252
  C:08D1H         LINE#         253
  C:08D1H         LINE#         254
  C:08D3H         LINE#         256
  C:08D3H         LINE#         257
  C:08D6H         LINE#         258
  C:08E3H         LINE#         259
  C:08ECH         LINE#         260
  C:08F0H         LINE#         261
BL51 BANKED LINKER/LOCATER V6.22                                                      03/04/2025  14:26:33  PAGE 9


  C:08F0H         LINE#         262
  C:08F7H         LINE#         263
  C:08FDH         LINE#         264
  C:0900H         LINE#         265
  C:0907H         LINE#         266
  C:090DH         LINE#         267
  C:090DH         LINE#         268
  C:090FH         LINE#         270
  C:090FH         LINE#         271
  C:091EH         LINE#         272
  C:091EH         LINE#         273
  C:091FH         LINE#         274
  C:091FH         LINE#         275
  C:091FH         LINE#         277
  C:091FH         LINE#         278
  C:0922H         LINE#         279
  C:0924H         LINE#         280
  C:0927H         LINE#         281
  C:092AH         LINE#         282
  C:092DH         LINE#         283
  C:0930H         LINE#         284
  C:0933H         LINE#         285
  C:0936H         LINE#         286
  C:0943H         LINE#         287
  C:094CH         LINE#         288
  C:094FH         LINE#         289
  C:0950H         LINE#         291
  C:0950H         LINE#         292
  C:0953H         LINE#         293
  C:0955H         LINE#         294
  C:0957H         LINE#         295
  C:095AH         LINE#         296
  C:095DH         LINE#         297
  C:0960H         LINE#         298
  C:0963H         LINE#         299
  C:097AH         LINE#         300
  C:0982H         LINE#         301
  C:0985H         LINE#         302
  C:0988H         LINE#         303
  C:0988H         LINE#         304
  C:098BH         LINE#         305
  C:09A2H         LINE#         306
  C:09AAH         LINE#         307
  C:09ACH         LINE#         308
  C:09AFH         LINE#         309
  C:09AFH         LINE#         310
  C:09B2H         LINE#         311
  C:09B8H         LINE#         312
  C:09B8H         LINE#         313
  C:09BBH         LINE#         314
  C:09BBH         LINE#         315
  C:09BBH         LINE#         316
  -------         ENDPROC       SEG_PROC
  -------         PROC          LED_PROC
  C:0B7AH         LINE#         319
  C:0B7AH         LINE#         320
  C:0B7AH         LINE#         321
BL51 BANKED LINKER/LOCATER V6.22                                                      03/04/2025  14:26:33  PAGE 10


  C:0B8FH         LINE#         322
  C:0B9AH         LINE#         324
  C:0C17H         LINE#         325
  C:0C1BH         LINE#         327
  C:0C1EH         LINE#         328
  -------         ENDPROC       LED_PROC
  -------         PROC          TIMER0INIT
  C:109FH         LINE#         330
  C:109FH         LINE#         331
  C:109FH         LINE#         332
  C:10A2H         LINE#         333
  C:10A5H         LINE#         334
  C:10A8H         LINE#         335
  C:10ABH         LINE#         336
  C:10ADH         LINE#         337
  C:10AFH         LINE#         338
  C:10B1H         LINE#         339
  -------         ENDPROC       TIMER0INIT
  -------         PROC          TIMER1INIT
  C:1061H         LINE#         342
  C:1061H         LINE#         343
  C:1061H         LINE#         344
  C:1064H         LINE#         345
  C:1067H         LINE#         346
  C:106AH         LINE#         347
  C:106DH         LINE#         348
  C:106FH         LINE#         349
  C:1071H         LINE#         350
  C:1073H         LINE#         351
  C:1075H         LINE#         352
  -------         ENDPROC       TIMER1INIT
  -------         PROC          TIMER1SERVER
  C:09BCH         LINE#         356
  C:09D9H         LINE#         358
  C:09E3H         LINE#         359
  C:09FDH         LINE#         360
  C:0A07H         LINE#         361
  C:0A1EH         LINE#         362
  C:0A2CH         LINE#         364
  C:0A3FH         LINE#         365
  C:0A3FH         LINE#         366
  C:0A46H         LINE#         367
  C:0A55H         LINE#         368
  C:0A58H         LINE#         369
  C:0A5BH         LINE#         370
  C:0A5BH         LINE#         372
  C:0A5EH         LINE#         373
  C:0A5EH         LINE#         374
  C:0A71H         LINE#         375
  C:0A7BH         LINE#         376
  C:0A7BH         LINE#         378
  C:0A84H         LINE#         379
  C:0A84H         LINE#         380
  C:0A86H         LINE#         381
  C:0A8BH         LINE#         382
  C:0A8BH         LINE#         383
  -------         ENDPROC       TIMER1SERVER
BL51 BANKED LINKER/LOCATER V6.22                                                      03/04/2025  14:26:33  PAGE 11


  -------         PROC          DELAY750MS
  -------         DO            
  D:000EH         SYMBOL        i
  D:0007H         SYMBOL        j
  D:0006H         SYMBOL        k
  -------         ENDDO         
  C:10E1H         LINE#         386
  C:10E1H         LINE#         387
  C:10E1H         LINE#         389
  C:10E3H         LINE#         390
  C:10E5H         LINE#         392
  C:10E5H         LINE#         394
  C:10E5H         LINE#         395
  C:10E7H         LINE#         396
  C:10E9H         LINE#         397
  C:10ECH         LINE#         398
  -------         ENDPROC       DELAY750MS
  -------         PROC          MAIN
  C:0E8FH         LINE#         401
  C:0E8FH         LINE#         402
  C:0E8FH         LINE#         403
  C:0E92H         LINE#         404
  C:0E95H         LINE#         405
  C:0E9EH         LINE#         406
  C:0EA7H         LINE#         407
  C:0EAAH         LINE#         408
  C:0EADH         LINE#         409
  C:0EB0H         LINE#         410
  C:0EB0H         LINE#         411
  C:0EB0H         LINE#         412
  C:0EB3H         LINE#         413
  C:0EB6H         LINE#         414
  C:0EB9H         LINE#         415
  -------         ENDPROC       MAIN
  -------         ENDMOD        MAIN

  -------         MODULE        KEY
  C:0000H         SYMBOL        _ICE_DUMMY_
  D:0080H         PUBLIC        P0
  D:0090H         PUBLIC        P1
  D:00A0H         PUBLIC        P2
  D:00B0H         PUBLIC        P3
  D:00C0H         PUBLIC        P4
  D:00C8H         PUBLIC        P5
  D:00E8H         PUBLIC        P6
  D:00F8H         PUBLIC        P7
  C:0CABH         PUBLIC        Key_Read
  D:00A8H         PUBLIC        IE
  D:00B8H         PUBLIC        IP
  D:00D8H         PUBLIC        CCON
  B:00B0H.0       PUBLIC        P30
  B:00B0H.1       PUBLIC        P31
  D:0098H         PUBLIC        SCON
  B:00B0H.2       PUBLIC        P32
  D:0088H         PUBLIC        TCON
  B:00C0H.2       PUBLIC        P42
  B:00B0H.3       PUBLIC        P33
BL51 BANKED LINKER/LOCATER V6.22                                                      03/04/2025  14:26:33  PAGE 12


  B:00B0H.4       PUBLIC        P34
  B:00C0H.4       PUBLIC        P44
  B:00B0H.5       PUBLIC        P35
  D:00D0H         PUBLIC        PSW
  -------         PROC          KEY_READ
  -------         DO            
  D:0007H         SYMBOL        temp
  -------         ENDDO         
  C:0CABH         LINE#         3
  C:0CABH         LINE#         4
  C:0CABH         LINE#         5
  C:0CADH         LINE#         6
  C:0CB5H         LINE#         7
  C:0CBAH         LINE#         8
  C:0CBFH         LINE#         9
  C:0CC4H         LINE#         10
  C:0CC9H         LINE#         11
  C:0CD1H         LINE#         12
  C:0CD6H         LINE#         13
  C:0CDBH         LINE#         14
  C:0CE0H         LINE#         15
  C:0CE5H         LINE#         16
  C:0CEDH         LINE#         17
  C:0CF2H         LINE#         18
  C:0CF7H         LINE#         19
  C:0CFCH         LINE#         20
  C:0D01H         LINE#         21
  C:0D09H         LINE#         22
  C:0D0EH         LINE#         23
  C:0D13H         LINE#         24
  C:0D18H         LINE#         25
  C:0D1DH         LINE#         26
  C:0D1DH         LINE#         27
  -------         ENDPROC       KEY_READ
  -------         ENDMOD        KEY

  -------         MODULE        SEG
  C:0000H         SYMBOL        _ICE_DUMMY_
  D:0080H         PUBLIC        P0
  D:0090H         PUBLIC        P1
  D:00A0H         PUBLIC        P2
  D:00B0H         PUBLIC        P3
  D:00C0H         PUBLIC        P4
  D:00C8H         PUBLIC        P5
  D:00E8H         PUBLIC        P6
  D:00F8H         PUBLIC        P7
  D:00A8H         PUBLIC        IE
  C:0D7AH         PUBLIC        _Seg_Disp
  D:00B8H         PUBLIC        IP
  D:00D8H         PUBLIC        CCON
  D:0098H         PUBLIC        SCON
  D:0088H         PUBLIC        TCON
  D:0061H         PUBLIC        seg_dula
  D:0073H         PUBLIC        seg_wela
  D:00D0H         PUBLIC        PSW
  -------         PROC          _SEG_DISP
  D:0007H         SYMBOL        wela
BL51 BANKED LINKER/LOCATER V6.22                                                      03/04/2025  14:26:33  PAGE 13


  D:0004H         SYMBOL        dula
  D:0002H         SYMBOL        point
  C:0D7AH         LINE#         7
  C:0D7AH         LINE#         8
  C:0D7AH         LINE#         9
  C:0D7DH         LINE#         10
  C:0D85H         LINE#         11
  C:0D88H         LINE#         13
  C:0D8FH         LINE#         14
  C:0D97H         LINE#         15
  C:0D9AH         LINE#         17
  C:0D9EH         LINE#         18
  C:0DA9H         LINE#         20
  C:0DB0H         LINE#         21
  C:0DB8H         LINE#         22
  C:0DBBH         LINE#         23
  -------         ENDPROC       _SEG_DISP
  -------         ENDMOD        SEG

  -------         MODULE        INIT
  C:0000H         SYMBOL        _ICE_DUMMY_
  C:0FBCH         PUBLIC        System_Init
  D:0080H         PUBLIC        P0
  D:0090H         PUBLIC        P1
  D:00A0H         PUBLIC        P2
  D:00B0H         PUBLIC        P3
  D:00C0H         PUBLIC        P4
  D:00C8H         PUBLIC        P5
  D:00E8H         PUBLIC        P6
  D:00F8H         PUBLIC        P7
  D:00A8H         PUBLIC        IE
  D:00B8H         PUBLIC        IP
  D:00D8H         PUBLIC        CCON
  D:0098H         PUBLIC        SCON
  D:0088H         PUBLIC        TCON
  D:00D0H         PUBLIC        PSW
  -------         PROC          SYSTEM_INIT
  C:0FBCH         LINE#         3
  C:0FBCH         LINE#         4
  C:0FBCH         LINE#         5
  C:0FBFH         LINE#         6
  C:0FC7H         LINE#         7
  C:0FCAH         LINE#         9
  C:0FCDH         LINE#         10
  C:0FD5H         LINE#         11
  C:0FD8H         LINE#         12
  -------         ENDPROC       SYSTEM_INIT
  -------         ENDMOD        INIT

  -------         MODULE        LED
  C:0000H         SYMBOL        _ICE_DUMMY_
  C:0F33H         PUBLIC        _Relay
  D:0080H         PUBLIC        P0
  D:0090H         PUBLIC        P1
  D:00A0H         PUBLIC        P2
  D:00B0H         PUBLIC        P3
  D:00C0H         PUBLIC        P4
BL51 BANKED LINKER/LOCATER V6.22                                                      03/04/2025  14:26:33  PAGE 14


  D:00C8H         PUBLIC        P5
  D:00E8H         PUBLIC        P6
  D:00F8H         PUBLIC        P7
  C:0DBCH         PUBLIC        _Led_Disp
  D:00A8H         PUBLIC        IE
  D:00B8H         PUBLIC        IP
  D:00D8H         PUBLIC        CCON
  D:0098H         PUBLIC        SCON
  D:0088H         PUBLIC        TCON
  D:00D0H         PUBLIC        PSW
  C:0F0EH         PUBLIC        _Beep
  -------         PROC          _LED_DISP
  D:0007H         SYMBOL        addr
  D:0004H         SYMBOL        enable
  -------         DO            
  D:0008H         SYMBOL        temp
  D:0009H         SYMBOL        temp_old
  -------         ENDDO         
  C:0DBCH         LINE#         3
  C:0DBCH         LINE#         4
  C:0DBCH         LINE#         7
  C:0DC0H         LINE#         8
  C:0DCFH         LINE#         10
  C:0DDDH         LINE#         11
  C:0DE3H         LINE#         12
  C:0DE3H         LINE#         13
  C:0DE8H         LINE#         14
  C:0DF0H         LINE#         15
  C:0DF3H         LINE#         16
  C:0DF6H         LINE#         17
  C:0DF6H         LINE#         18
  -------         ENDPROC       _LED_DISP
  -------         PROC          _BEEP
  D:0007H         SYMBOL        flag
  -------         DO            
  D:000AH         SYMBOL        temp
  D:000BH         SYMBOL        temp_old
  -------         ENDDO         
  C:0F0EH         LINE#         20
  C:0F0EH         LINE#         21
  C:0F0EH         LINE#         24
  C:0F11H         LINE#         25
  C:0F16H         LINE#         27
  C:0F19H         LINE#         28
  C:0F1FH         LINE#         29
  C:0F1FH         LINE#         30
  C:0F24H         LINE#         31
  C:0F2CH         LINE#         32
  C:0F2FH         LINE#         33
  C:0F32H         LINE#         34
  C:0F32H         LINE#         35
  -------         ENDPROC       _BEEP
  -------         PROC          _RELAY
  D:0007H         SYMBOL        flag
  -------         DO            
  D:000CH         SYMBOL        temp
  D:000DH         SYMBOL        temp_old
BL51 BANKED LINKER/LOCATER V6.22                                                      03/04/2025  14:26:33  PAGE 15


  -------         ENDDO         
  C:0F33H         LINE#         37
  C:0F33H         LINE#         38
  C:0F33H         LINE#         41
  C:0F36H         LINE#         42
  C:0F3BH         LINE#         44
  C:0F3EH         LINE#         45
  C:0F44H         LINE#         46
  C:0F44H         LINE#         47
  C:0F49H         LINE#         48
  C:0F51H         LINE#         49
  C:0F54H         LINE#         50
  C:0F57H         LINE#         51
  C:0F57H         LINE#         52
  -------         ENDPROC       _RELAY
  -------         ENDMOD        LED

  -------         MODULE        DS1302
  C:0000H         SYMBOL        _ICE_DUMMY_
  D:0090H         PUBLIC        P1
  D:00A0H         PUBLIC        P2
  D:00B0H         PUBLIC        P3
  C:0F7DH         PUBLIC        _Read_Rtc
  D:00A8H         PUBLIC        IE
  D:00B8H         PUBLIC        IP
  D:0098H         PUBLIC        SCON
  D:0088H         PUBLIC        TCON
  C:0E60H         PUBLIC        _Set_Rtc
  C:0E2CH         PUBLIC        _Read_Ds1302_Byte
  B:00A0H.3       PUBLIC        SDA
  B:0090H.7       PUBLIC        SCK
  C:108BH         PUBLIC        _Write_Ds1302_Byte
  D:00C8H         PUBLIC        T2CON
  C:10B2H         PUBLIC        _Write_Ds1302
  B:0090H.3       PUBLIC        RST
  D:00D0H         PUBLIC        PSW
  -------         PROC          _WRITE_DS1302
  D:0007H         SYMBOL        temp
  -------         DO            
  D:0006H         SYMBOL        i
  -------         ENDDO         
  C:10B2H         LINE#         9
  C:10B2H         LINE#         10
  C:10B2H         LINE#         12
  C:10B4H         LINE#         13
  C:10B4H         LINE#         14
  C:10B6H         LINE#         15
  C:10BAH         LINE#         16
  C:10BEH         LINE#         17
  C:10C0H         LINE#         18
  C:10C4H         LINE#         19
  -------         ENDPROC       _WRITE_DS1302
  -------         PROC          _WRITE_DS1302_BYTE
  D:0007H         SYMBOL        address
  D:0005H         SYMBOL        dat
  C:108BH         LINE#         22
  C:108BH         LINE#         23
BL51 BANKED LINKER/LOCATER V6.22                                                      03/04/2025  14:26:33  PAGE 16


  C:108BH         LINE#         24
  C:108EH         LINE#         25
  C:1091H         LINE#         26
  C:1094H         LINE#         27
  C:1097H         LINE#         28
  C:109CH         LINE#         29
  C:109EH         LINE#         30
  -------         ENDPROC       _WRITE_DS1302_BYTE
  -------         PROC          _READ_DS1302_BYTE
  D:0007H         SYMBOL        address
  -------         DO            
  D:0007H         SYMBOL        i
  D:0005H         SYMBOL        temp
  -------         ENDDO         
  C:0E2CH         LINE#         33
  C:0E2CH         LINE#         34
  C:0E2CH         LINE#         35
  C:0E2EH         LINE#         36
  C:0E31H         LINE#         37
  C:0E34H         LINE#         38
  C:0E37H         LINE#         39
  C:0E3AH         LINE#         40
  C:0E3CH         LINE#         41
  C:0E3CH         LINE#         42
  C:0E3EH         LINE#         43
  C:0E42H         LINE#         44
  C:0E45H         LINE#         45
  C:0E48H         LINE#         46
  C:0E4AH         LINE#         47
  C:0E4EH         LINE#         48
  C:0E51H         LINE#         49
  C:0E54H         LINE#         50
  C:0E57H         LINE#         51
  C:0E5AH         LINE#         52
  C:0E5DH         LINE#         53
  C:0E5FH         LINE#         54
  -------         ENDPROC       _READ_DS1302_BYTE
  -------         PROC          _SET_RTC
  D:0001H         SYMBOL        ucRtc
  C:0E60H         LINE#         56
  C:0E60H         LINE#         57
  C:0E60H         LINE#         58
  C:0E67H         LINE#         59
  C:0E70H         LINE#         60
  C:0E7CH         LINE#         61
  C:0E88H         LINE#         62
  -------         ENDPROC       _SET_RTC
  -------         PROC          _READ_RTC
  D:0001H         SYMBOL        ucRtc
  C:0F7DH         LINE#         65
  C:0F7DH         LINE#         66
  C:0F7DH         LINE#         67
  C:0F86H         LINE#         68
  C:0F92H         LINE#         69
  -------         ENDPROC       _READ_RTC
  -------         ENDMOD        DS1302

BL51 BANKED LINKER/LOCATER V6.22                                                      03/04/2025  14:26:33  PAGE 17


  -------         MODULE        IIC
  C:0000H         SYMBOL        _ICE_DUMMY_
  D:0090H         PUBLIC        P1
  D:00A0H         PUBLIC        P2
  D:00B0H         PUBLIC        P3
  C:0F58H         PUBLIC        _Ad_Read
  D:00A8H         PUBLIC        IE
  C:1017H         SYMBOL        _I2C_Delay
  C:1076H         PUBLIC        _Da_Write
  D:00B8H         PUBLIC        IP
  C:0FD9H         PUBLIC        I2CReceiveByte
  D:0098H         PUBLIC        SCON
  D:0088H         PUBLIC        TCON
  B:00A0H.1       PUBLIC        sda
  B:00A0H.0       PUBLIC        scl
  C:10C5H         PUBLIC        I2CStart
  C:0003H         PUBLIC        _I2CSendAck
  C:0EBBH         PUBLIC        _I2CSendByte
  D:00C8H         PUBLIC        T2CON
  C:1001H         PUBLIC        I2CWaitAck
  C:10EDH         PUBLIC        I2CStop
  D:00D0H         PUBLIC        PSW
  C:1013H         SYMBOL        L?0024
  -------         PROC          L?0023
  -------         ENDPROC       L?0023
  C:1013H         SYMBOL        L?0024
  -------         PROC          _I2C_DELAY
  D:0007H         SYMBOL        n
  C:1017H         LINE#         11
  C:1017H         LINE#         12
  C:1017H         LINE#         14
  C:1017H         LINE#         15
  C:101CH         LINE#         16
  C:1021H         LINE#         17
  C:1026H         LINE#         18
  C:1026H         LINE#         19
  C:102CH         LINE#         20
  -------         ENDPROC       _I2C_DELAY
  -------         PROC          I2CSTART
  C:10C5H         LINE#         23
  C:10C5H         LINE#         24
  C:10C5H         LINE#         25
  C:10C7H         LINE#         26
  C:10C7H         LINE#         27
  C:10CAH         LINE#         28
  C:10CCH         LINE#         29
  C:10D1H         LINE#         30
  C:10D3H         LINE#         31
  -------         ENDPROC       I2CSTART
  -------         PROC          I2CSTOP
  C:10EDH         LINE#         34
  C:10EDH         LINE#         35
  C:10EDH         LINE#         36
  C:10EFH         LINE#         37
  C:10EFH         LINE#         38
  C:10F2H         LINE#         39
  C:10F4H         LINE#         40
BL51 BANKED LINKER/LOCATER V6.22                                                      03/04/2025  14:26:33  PAGE 18


  -------         ENDPROC       I2CSTOP
  -------         PROC          _I2CSENDBYTE
  D:0005H         SYMBOL        byt
  -------         DO            
  D:0004H         SYMBOL        i
  -------         ENDDO         
  C:0EBBH         LINE#         44
  C:0EBDH         LINE#         45
  C:0EBDH         LINE#         48
  C:0EBFH         LINE#         49
  C:0EC1H         LINE#         50
  C:0EC6H         LINE#         51
  C:0ECAH         LINE#         52
  C:0ECCH         LINE#         53
  C:0ECEH         LINE#         54
  C:0ECEH         LINE#         55
  C:0ED0H         LINE#         56
  C:0ED0H         LINE#         57
  C:0ED5H         LINE#         58
  C:0ED7H         LINE#         59
  C:0EDBH         LINE#         60
  C:0EE0H         LINE#         61
  C:0EE4H         LINE#         63
  C:0EE6H         LINE#         64
  -------         ENDPROC       _I2CSENDBYTE
  -------         PROC          I2CRECEIVEBYTE
  -------         DO            
  D:0005H         SYMBOL        da
  D:0004H         SYMBOL        i
  -------         ENDDO         
  C:0FD9H         LINE#         67
  C:0FD9H         LINE#         68
  C:0FD9H         LINE#         71
  C:0FDBH         LINE#         72
  C:0FDBH         LINE#         73
  C:0FDEH         LINE#         74
  C:0FE2H         LINE#         75
  C:0FE5H         LINE#         76
  C:0FE8H         LINE#         77
  C:0FEAH         LINE#         78
  C:0FEFH         LINE#         79
  C:0FF3H         LINE#         80
  C:0FF5H         LINE#         81
  -------         ENDPROC       I2CRECEIVEBYTE
  -------         PROC          L?0022
  -------         ENDPROC       L?0022
  -------         PROC          I2CWAITACK
  -------         DO            
  D:0005H         SYMBOL        ackbit
  -------         ENDDO         
  C:1001H         LINE#         84
  C:1001H         LINE#         85
  C:1001H         LINE#         88
  C:1001H         LINE#         89
  C:1004H         LINE#         90
  C:1009H         LINE#         91
  C:100BH         LINE#         92
BL51 BANKED LINKER/LOCATER V6.22                                                      03/04/2025  14:26:33  PAGE 19


  C:1010H         LINE#         94
  C:1012H         LINE#         95
  -------         ENDPROC       I2CWAITACK
  -------         PROC          _I2CSENDACK
  D:0007H         SYMBOL        ackbit
  C:0003H         LINE#         98
  C:0003H         LINE#         99
  C:0003H         LINE#         100
  C:0005H         LINE#         101
  C:000AH         LINE#         102
  C:000FH         LINE#         103
  C:000FH         LINE#         104
  C:0012H         LINE#         105
  C:0014H         LINE#         106
  C:0016H         LINE#         107
  -------         ENDPROC       _I2CSENDACK
  -------         PROC          _AD_READ
  D:0003H         SYMBOL        addr
  -------         DO            
  D:0005H         SYMBOL        temp
  -------         ENDDO         
  C:0F58H         LINE#         111
  C:0F5AH         LINE#         112
  C:0F5AH         LINE#         114
  C:0F5DH         LINE#         115
  C:0F5FH         LINE#         116
  C:0F5FH         LINE#         117
  C:0F5FH         LINE#         118
  C:0F62H         LINE#         120
  C:0F65H         LINE#         121
  C:0F6AH         LINE#         122
  C:0F6DH         LINE#         123
  C:0F72H         LINE#         124
  C:0F77H         LINE#         125
  C:0F7AH         LINE#         126
  C:0F7CH         LINE#         127
  -------         ENDPROC       _AD_READ
  -------         PROC          _DA_WRITE
  D:0003H         SYMBOL        dat
  C:1076H         LINE#         130
  C:1078H         LINE#         131
  C:1078H         LINE#         132
  C:107BH         LINE#         133
  C:1080H         LINE#         134
  C:1083H         LINE#         135
  C:1085H         LINE#         136
  C:1085H         LINE#         137
  C:1085H         LINE#         138
  C:1088H         LINE#         139
  -------         ENDPROC       _DA_WRITE
  -------         ENDMOD        IIC

  -------         MODULE        ONEWIRE
  C:0000H         SYMBOL        _ICE_DUMMY_
  D:0090H         PUBLIC        P1
  D:00B0H         PUBLIC        P3
  C:1047H         PUBLIC        Read_DS18B20
BL51 BANKED LINKER/LOCATER V6.22                                                      03/04/2025  14:26:33  PAGE 20


  D:00A8H         PUBLIC        IE
  C:1031H         PUBLIC        _Delay_OneWire
  C:0F9EH         PUBLIC        _Write_DS18B20
  B:0090H.4       PUBLIC        DQ
  D:00B8H         PUBLIC        IP
  C:0EE7H         PUBLIC        init_ds18b20
  D:0098H         PUBLIC        SCON
  D:0088H         PUBLIC        TCON
  D:00C8H         PUBLIC        T2CON
  C:0DF7H         PUBLIC        read_t
  D:00D0H         PUBLIC        PSW
  C:102DH         SYMBOL        L?0020
  -------         PROC          L?0019
  -------         ENDPROC       L?0019
  C:102DH         SYMBOL        L?0020
  -------         PROC          _DELAY_ONEWIRE
  D:0006H         SYMBOL        t
  -------         DO            
  D:0005H         SYMBOL        i
  -------         ENDDO         
  C:1031H         LINE#         6
  C:1031H         LINE#         7
  C:1031H         LINE#         9
  C:103BH         LINE#         10
  C:1046H         LINE#         11
  C:1046H         LINE#         12
  -------         ENDPROC       _DELAY_ONEWIRE
  -------         PROC          _WRITE_DS18B20
  D:0001H         SYMBOL        dat
  -------         DO            
  D:0003H         SYMBOL        i
  -------         ENDDO         
  C:0F9EH         LINE#         15
  C:0FA0H         LINE#         16
  C:0FA0H         LINE#         18
  C:0FA2H         LINE#         19
  C:0FA2H         LINE#         20
  C:0FA4H         LINE#         21
  C:0FA8H         LINE#         22
  C:0FABH         LINE#         23
  C:0FADH         LINE#         24
  C:0FB1H         LINE#         25
  C:0FB5H         LINE#         26
  -------         ENDPROC       _WRITE_DS18B20
  -------         PROC          READ_DS18B20
  -------         DO            
  D:0003H         SYMBOL        i
  D:0004H         SYMBOL        dat
  -------         ENDDO         
  C:1047H         LINE#         30
  C:1047H         LINE#         31
  C:1047H         LINE#         35
  C:1049H         LINE#         36
  C:1049H         LINE#         37
  C:104BH         LINE#         38
  C:104FH         LINE#         39
  C:1051H         LINE#         40
BL51 BANKED LINKER/LOCATER V6.22                                                      03/04/2025  14:26:33  PAGE 21


  C:1054H         LINE#         41
  C:1054H         LINE#         42
  C:1057H         LINE#         43
  C:1057H         LINE#         44
  C:105AH         LINE#         45
  C:105EH         LINE#         46
  C:1060H         LINE#         47
  -------         ENDPROC       READ_DS18B20
  -------         PROC          INIT_DS18B20
  -------         DO            
  B:0020H.5       SYMBOL        initflag
  -------         ENDDO         
  C:0EE7H         LINE#         50
  C:0EE7H         LINE#         51
  C:0EE7H         LINE#         52
  C:0EE9H         LINE#         54
  C:0EEBH         LINE#         55
  C:0EF2H         LINE#         56
  C:0EF4H         LINE#         57
  C:0EFBH         LINE#         58
  C:0EFDH         LINE#         59
  C:0F04H         LINE#         60
  C:0F08H         LINE#         61
  C:0F0BH         LINE#         63
  C:0F0DH         LINE#         64
  -------         ENDPROC       INIT_DS18B20
  -------         PROC          READ_T
  -------         DO            
  D:0001H         SYMBOL        low
  D:0007H         SYMBOL        high
  -------         ENDDO         
  C:0DF7H         LINE#         67
  C:0DF7H         LINE#         68
  C:0DF7H         LINE#         71
  C:0DFAH         LINE#         72
  C:0DFFH         LINE#         73
  C:0E04H         LINE#         75
  C:0E07H         LINE#         76
  C:0E0CH         LINE#         77
  C:0E11H         LINE#         79
  C:0E16H         LINE#         80
  C:0E19H         LINE#         82
  C:0E2BH         LINE#         83
  -------         ENDPROC       READ_T
  -------         ENDMOD        ONEWIRE

  -------         MODULE        ?C?FPADD
  C:0025H         PUBLIC        ?C?FPADD
  C:0021H         PUBLIC        ?C?FPSUB
  -------         ENDMOD        ?C?FPADD

  -------         MODULE        ?C?FPMUL
  C:0116H         PUBLIC        ?C?FPMUL
  -------         ENDMOD        ?C?FPMUL

  -------         MODULE        ?C?FPDIV
  C:021FH         PUBLIC        ?C?FPDIV
BL51 BANKED LINKER/LOCATER V6.22                                                      03/04/2025  14:26:33  PAGE 22


  -------         ENDMOD        ?C?FPDIV

  -------         MODULE        ?C?FPCMP
  C:02BEH         PUBLIC        ?C?FPCMP
  C:02BCH         PUBLIC        ?C?FPCMP3
  -------         ENDMOD        ?C?FPCMP

  -------         MODULE        ?C?FCAST
  C:033FH         PUBLIC        ?C?FCASTC
  C:033AH         PUBLIC        ?C?FCASTI
  C:0335H         PUBLIC        ?C?FCASTL
  -------         ENDMOD        ?C?FCAST

  -------         MODULE        ?C?CASTF
  C:0373H         PUBLIC        ?C?CASTF
  -------         ENDMOD        ?C?CASTF

  -------         MODULE        ?C?CLDPTR
  C:03F4H         PUBLIC        ?C?CLDPTR
  -------         ENDMOD        ?C?CLDPTR

  -------         MODULE        ?C?CLDOPTR
  C:040DH         PUBLIC        ?C?CLDOPTR
  -------         ENDMOD        ?C?CLDOPTR

  -------         MODULE        ?C?CSTPTR
  C:043AH         PUBLIC        ?C?CSTPTR
  -------         ENDMOD        ?C?CSTPTR

  -------         MODULE        ?C?CSTOPTR
  C:044CH         PUBLIC        ?C?CSTOPTR
  -------         ENDMOD        ?C?CSTOPTR

  -------         MODULE        ?C?UIDIV
  C:046EH         PUBLIC        ?C?UIDIV
  -------         ENDMOD        ?C?UIDIV

  -------         MODULE        ?C?IILDX
  C:04C3H         PUBLIC        ?C?IILDX
  -------         ENDMOD        ?C?IILDX

  -------         MODULE        ?C?LNEG
  C:04D9H         PUBLIC        ?C?LNEG
  -------         ENDMOD        ?C?LNEG

  -------         MODULE        ?C?LSTXDATA
  C:04E7H         PUBLIC        ?C?LSTXDATA
  -------         ENDMOD        ?C?LSTXDATA

  -------         MODULE        ?C?LSTKXDATA
  C:04F3H         PUBLIC        ?C?LSTKXDATA
  -------         ENDMOD        ?C?LSTKXDATA

*** WARNING L16: UNCALLED SEGMENT, IGNORED FOR OVERLAY PROCESS
    SEGMENT: ?PR?_BEEP?LED

*** WARNING L16: UNCALLED SEGMENT, IGNORED FOR OVERLAY PROCESS
BL51 BANKED LINKER/LOCATER V6.22                                                      03/04/2025  14:26:33  PAGE 23


    SEGMENT: ?PR?_RELAY?LED

*** WARNING L16: UNCALLED SEGMENT, IGNORED FOR OVERLAY PROCESS
    SEGMENT: ?PR?_DA_WRITE?IIC

Program Size: data=106.6 xdata=97 code=4345
LINK/LOCATE RUN COMPLETE.  3 WARNING(S),  0 ERROR(S)
