C51 COMPILER V9.54   SEG                                                                   02/23/2025 19:36:19 PAGE 1   


C51 COMPILER V9.54, COMPILATION OF MODULE SEG
OBJECT MODULE PLACED IN .\Objects\Seg.obj
COMPILER INVOKED BY: D:\Keil5\C51\BIN\C51.EXE ..\Driver\Seg.c OPTIMIZE(8,SPEED) BROWSE INCDIR(..\Driver) DEBUG OBJECTEXT
                    -END PRINT(.\Listings\Seg.lst) TABS(2) OBJECT(.\Objects\Seg.obj)

line level    source

   1          #include <Seg.h>
   2          //共阳极数码管，0点亮
   3          unsigned char seg_dula[] = {0xc0,0xf9,0xa4,0xb0,0x99,0x92,0x82,0xf8,0x80,0x90,0xff,0xbf,0xc6,0x89,0x8e,0x8
             -c,0x86,0x88};
   4                                                                                          // 11-  12C  13H  14F  15P  16E  17A                        
   5          unsigned char seg_wela[] = {0x01,0x02,0x04,0x08,0x10,0x20,0x40,0x80};
   6          
   7          void Seg_Disp(unsigned char wela,dula,point)
   8          {
   9   1        P0 = 0xff;//消影
  10   1        P2 = P2 & 0x1f | 0xe0;//选中Y7C锁存器
  11   1        P2 &= 0x1f;//关闭Y7c锁存器
  12   1        
  13   1        P0 = seg_wela[wela];//位选
  14   1        P2 = P2 & 0x1f | 0xc0;//选中Y6C锁存器
  15   1        P2 &= 0x1f;//关闭Y6c锁存器
  16   1        
  17   1        if(point)//段选
  18   1          P0 = seg_dula[dula] & 0x7f; 
  19   1        else
  20   1          P0 = seg_dula[dula];
  21   1        P2 = P2 & 0x1f | 0xe0;//选中Y7C锁存器
  22   1        P2 &= 0x1f;//关闭Y7c锁存器
  23   1      }


MODULE INFORMATION:   STATIC OVERLAYABLE
   CODE SIZE        =     66    ----
   CONSTANT SIZE    =   ----    ----
   XDATA SIZE       =   ----    ----
   PDATA SIZE       =   ----    ----
   DATA SIZE        =     26    ----
   IDATA SIZE       =   ----    ----
   BIT SIZE         =   ----    ----
END OF MODULE INFORMATION.


C51 COMPILATION COMPLETE.  0 WARNING(S),  0 ERROR(S)
