BL51 BANKED LINKER/LOCATER V6.22                                                        04/04/2025  12:08:15  PAGE 1


BL51 BANKED LINKER/LOCATER V6.22, INVOKED BY:
D:\KEIL5\C51\BIN\BL51.EXE .\Objects\onewire.obj TO .\Objects\0316ds18b20 PRINT (.\Listings\0316ds18b20.m51) RAMSIZE (256
>> )


MEMORY MODEL: SMALL WITH FLOATING POINT ARITHMETIC


INPUT MODULES INCLUDED:
  .\Objects\onewire.obj (ONEWIRE)
  D:\KEIL5\C51\LIB\C51FPS.LIB (?C?FPDIV)
  D:\KEIL5\C51\LIB\C51FPS.LIB (?C?FCAST)
  D:\KEIL5\C51\LIB\C51FPS.LIB (?C?FPGETOPN)
  D:\KEIL5\C51\LIB\C51S.LIB (?C?LNEG)


LINK MAP OF MODULE:  .\Objects\0316ds18b20 (ONEWIRE)


            TYPE    BASE      LENGTH    RELOCATION   SEGMENT NAME
            -----------------------------------------------------

            * * * * * * *   D A T A   M E M O R Y   * * * * * * *
            REG     0000H     0008H     ABSOLUTE     "REG BANK 0"
                    0008H     0018H                  *** GAP ***
            BIT     0020H.0   0000H.1   UNIT         ?BI?INIT_DS18B20?ONEWIRE

            * * * * * * *   C O D E   M E M O R Y   * * * * * * *
            CODE    0000H     0136H     UNIT         ?C?LIB_CODE
            CODE    0136H     0035H     UNIT         ?PR?RD_T?ONEWIRE
            CODE    016BH     0027H     UNIT         ?PR?INIT_DS18B20?ONEWIRE
            CODE    0192H     001EH     UNIT         ?PR?_WRITE_DS18B20?ONEWIRE
            CODE    01B0H     001AH     UNIT         ?PR?_DELAY_ONEWIRE?ONEWIRE
            CODE    01CAH     001AH     UNIT         ?PR?READ_DS18B20?ONEWIRE



OVERLAY MAP OF MODULE:   .\Objects\0316ds18b20 (ONEWIRE)


SEGMENT
  +--> CALLED SEGMENT
---------------------


SYMBOL TABLE OF MODULE:  .\Objects\0316ds18b20 (ONEWIRE)

  VALUE           TYPE          NAME
  ----------------------------------

  -------         MODULE        ONEWIRE
  C:0000H         SYMBOL        _ICE_DUMMY_
  D:0090H         PUBLIC        P1
  D:00B0H         PUBLIC        P3
  C:01CAH         PUBLIC        Read_DS18B20
  D:00A8H         PUBLIC        IE
  C:01B4H         PUBLIC        _Delay_OneWire
  C:0192H         PUBLIC        _Write_DS18B20
BL51 BANKED LINKER/LOCATER V6.22                                                      04/04/2025  12:08:15  PAGE 2


  B:0090H.4       PUBLIC        DQ
  D:00B8H         PUBLIC        IP
  C:016BH         PUBLIC        init_ds18b20
  C:0136H         PUBLIC        rd_t
  D:0098H         PUBLIC        SCON
  D:0088H         PUBLIC        TCON
  D:00C8H         PUBLIC        T2CON
  D:00D0H         PUBLIC        PSW
  C:01B0H         SYMBOL        L?0020
  -------         PROC          L?0019
  -------         ENDPROC       L?0019
  C:01B0H         SYMBOL        L?0020
  -------         PROC          _DELAY_ONEWIRE
  D:0006H         SYMBOL        t
  -------         DO            
  D:0005H         SYMBOL        i
  -------         ENDDO         
  C:01B4H         LINE#         7
  C:01B4H         LINE#         8
  C:01B4H         LINE#         10
  C:01BEH         LINE#         11
  C:01C9H         LINE#         12
  C:01C9H         LINE#         13
  -------         ENDPROC       _DELAY_ONEWIRE
  -------         PROC          _WRITE_DS18B20
  D:0001H         SYMBOL        dat
  -------         DO            
  D:0003H         SYMBOL        i
  -------         ENDDO         
  C:0192H         LINE#         16
  C:0194H         LINE#         17
  C:0194H         LINE#         19
  C:0196H         LINE#         20
  C:0196H         LINE#         21
  C:0198H         LINE#         22
  C:019CH         LINE#         23
  C:019FH         LINE#         24
  C:01A1H         LINE#         25
  C:01A5H         LINE#         26
  C:01A9H         LINE#         27
  -------         ENDPROC       _WRITE_DS18B20
  -------         PROC          READ_DS18B20
  -------         DO            
  D:0003H         SYMBOL        i
  D:0004H         SYMBOL        dat
  -------         ENDDO         
  C:01CAH         LINE#         31
  C:01CAH         LINE#         32
  C:01CAH         LINE#         36
  C:01CCH         LINE#         37
  C:01CCH         LINE#         38
  C:01CEH         LINE#         39
  C:01D2H         LINE#         40
  C:01D4H         LINE#         41
  C:01D7H         LINE#         42
  C:01D7H         LINE#         43
  C:01DAH         LINE#         44
BL51 BANKED LINKER/LOCATER V6.22                                                      04/04/2025  12:08:15  PAGE 3


  C:01DAH         LINE#         45
  C:01DDH         LINE#         46
  C:01E1H         LINE#         47
  C:01E3H         LINE#         48
  -------         ENDPROC       READ_DS18B20
  -------         PROC          INIT_DS18B20
  -------         DO            
  B:0020H.0       SYMBOL        initflag
  -------         ENDDO         
  C:016BH         LINE#         51
  C:016BH         LINE#         52
  C:016BH         LINE#         53
  C:016DH         LINE#         55
  C:016FH         LINE#         56
  C:0176H         LINE#         57
  C:0178H         LINE#         58
  C:017FH         LINE#         59
  C:0181H         LINE#         60
  C:0188H         LINE#         61
  C:018CH         LINE#         62
  C:018FH         LINE#         64
  C:0191H         LINE#         65
  -------         ENDPROC       INIT_DS18B20
  -------         PROC          RD_T
  -------         DO            
  D:0001H         SYMBOL        low
  D:0007H         SYMBOL        high
  -------         ENDDO         
  C:0136H         LINE#         67
  C:0136H         LINE#         68
  C:0136H         LINE#         70
  C:0139H         LINE#         71
  C:013EH         LINE#         72
  C:0143H         LINE#         73
  C:0146H         LINE#         74
  C:014BH         LINE#         75
  C:0150H         LINE#         76
  C:0155H         LINE#         77
  C:0158H         LINE#         78
  C:016AH         LINE#         79
  -------         ENDPROC       RD_T
  -------         ENDMOD        ONEWIRE

  -------         MODULE        ?C?FPDIV
  C:0003H         PUBLIC        ?C?FPDIV
  -------         ENDMOD        ?C?FPDIV

  -------         MODULE        ?C?FCAST
  C:00AAH         PUBLIC        ?C?FCASTC
  C:00A5H         PUBLIC        ?C?FCASTI
  C:00A0H         PUBLIC        ?C?FCASTL
  -------         ENDMOD        ?C?FCAST

  -------         MODULE        ?C?LNEG
  C:0128H         PUBLIC        ?C?LNEG
  -------         ENDMOD        ?C?LNEG

BL51 BANKED LINKER/LOCATER V6.22                                                      04/04/2025  12:08:15  PAGE 4


*** WARNING L16: UNCALLED SEGMENT, IGNORED FOR OVERLAY PROCESS
    SEGMENT: ?PR?RD_T?ONEWIRE

*** WARNING L10: CANNOT DETERMINE ROOT SEGMENT

Program Size: data=8.1 xdata=0 code=484
LINK/LOCATE RUN COMPLETE.  2 WARNING(S),  0 ERROR(S)
