BL51 BANKED LINKER/LOCATER V6.22                                                        02/17/2025  20:52:58  PAGE 1


BL51 BANKED LINKER/LOCATER V6.22, INVOKED BY:
D:\KEIL5\C51\BIN\BL51.EXE .\Objects\main.obj, .\Objects\Key.obj, .\Objects\Seg.obj, .\Objects\Init.obj, .\Objects\Led.ob
>> j, .\Objects\iic.obj TO .\Objects\Model PRINT (.\Listings\Model.m51) RAMSIZE (256)


MEMORY MODEL: SMALL


INPUT MODULES INCLUDED:
  .\Objects\main.obj (MAIN)
  .\Objects\Key.obj (KEY)
  .\Objects\Seg.obj (SEG)
  .\Objects\Init.obj (INIT)
  .\Objects\Led.obj (LED)
  .\Objects\iic.obj (IIC)
  D:\KEIL5\C51\LIB\C51S.LIB (?C_STARTUP)
  D:\KEIL5\C51\LIB\C51S.LIB (?C?CLDPTR)
  D:\KEIL5\C51\LIB\C51S.LIB (?C?CSTPTR)
  D:\KEIL5\C51\LIB\C51S.LIB (?C?IMUL)
  D:\KEIL5\C51\LIB\C51S.LIB (?C?UIDIV)
  D:\KEIL5\C51\LIB\C51S.LIB (?C_INIT)


LINK MAP OF MODULE:  .\Objects\Model (MAIN)


            TYPE    BASE      LENGTH    RELOCATION   SEGMENT NAME
            -----------------------------------------------------

            * * * * * * *   D A T A   M E M O R Y   * * * * * * *
            REG     0000H     0008H     ABSOLUTE     "REG BANK 0"
            DATA    0008H     0014H     UNIT         ?DT?SEG
                    001CH     0004H                  *** GAP ***
            BIT     0020H.0   0000H.3   UNIT         ?BI?MAIN
                    0020H.3   0000H.5                *** GAP ***
            DATA    0021H     003EH     UNIT         ?DT?MAIN
            DATA    005FH     0006H     UNIT         ?DT?LED
            DATA    0065H     0005H     UNIT         _DATA_GROUP_
            IDATA   006AH     0001H     UNIT         ?STACK

            * * * * * * *   C O D E   M E M O R Y   * * * * * * *
            CODE    0000H     0003H     ABSOLUTE     
                    0003H     0008H                  *** GAP ***
            CODE    000BH     0003H     ABSOLUTE     
            CODE    000EH     014CH     UNIT         ?PR?SEG_PROC?MAIN
            CODE    015AH     0133H     UNIT         ?PR?KEY_PROC?MAIN
            CODE    028DH     00E2H     UNIT         ?PR?TIMER0SERVER?MAIN
            CODE    036FH     00B1H     UNIT         ?PR?LED_PROC?MAIN
            CODE    0420H     0092H     UNIT         ?C?LIB_CODE
            CODE    04B2H     008CH     UNIT         ?C_C51STARTUP
            CODE    053EH     0073H     UNIT         ?PR?KEY_READ?KEY
            CODE    05B1H     005DH     UNIT         ?C_INITSEG
            CODE    060EH     0047H     UNIT         ?PR?MAIN?MAIN
            CODE    0655H     0042H     UNIT         ?PR?_SEG_DISP?SEG
            CODE    0697H     0042H     UNIT         ?PR?_EEPROM_READ?IIC
            CODE    06D9H     003BH     UNIT         ?PR?_LED_DISP?LED
            CODE    0714H     0032H     UNIT         ?PR?_EEPROM_WRITE?IIC
            CODE    0746H     002CH     UNIT         ?PR?_I2CSENDBYTE?IIC
BL51 BANKED LINKER/LOCATER V6.22                                                      02/17/2025  20:52:58  PAGE 2


            CODE    0772H     0025H     UNIT         ?PR?_BEEP?LED
            CODE    0797H     0025H     UNIT         ?PR?_RELAY?LED
            CODE    07BCH     0025H     UNIT         ?PR?_AD_READ?IIC
            CODE    07E1H     0024H     UNIT         ?PR?I2CWAITACK?IIC
            CODE    0805H     001DH     UNIT         ?PR?SYSTEM_INIT?INIT
            CODE    0822H     001DH     UNIT         ?PR?I2CRECEIVEBYTE?IIC
            CODE    083FH     001AH     UNIT         ?PR?_I2C_DELAY?IIC
            CODE    0859H     0018H     UNIT         ?PR?_I2CSENDACK?IIC
            CODE    0871H     0015H     UNIT         ?PR?TIMER0INIT?MAIN
            CODE    0886H     0015H     UNIT         ?PR?_DA_WRITE?IIC
            CODE    089BH     000FH     UNIT         ?PR?I2CSTART?IIC
            CODE    08AAH     000CH     UNIT         ?PR?I2CSTOP?IIC



OVERLAY MAP OF MODULE:   .\Objects\Model (MAIN)


SEGMENT                          DATA_GROUP 
  +--> CALLED SEGMENT          START    LENGTH
----------------------------------------------
?PR?TIMER0SERVER?MAIN          -----    -----
  +--> ?PR?_SEG_DISP?SEG
  +--> ?PR?_LED_DISP?LED

*** NEW ROOT ***************************************************

?C_C51STARTUP                  -----    -----
  +--> ?PR?MAIN?MAIN
  +--> ?C_INITSEG

?PR?MAIN?MAIN                  -----    -----
  +--> ?PR?_EEPROM_READ?IIC
  +--> ?PR?SYSTEM_INIT?INIT
  +--> ?PR?TIMER0INIT?MAIN
  +--> ?PR?KEY_PROC?MAIN
  +--> ?PR?SEG_PROC?MAIN
  +--> ?PR?LED_PROC?MAIN

?PR?_EEPROM_READ?IIC           0065H    0005H
  +--> ?PR?I2CWAITACK?IIC
  +--> ?PR?I2CSTART?IIC
  +--> ?PR?_I2CSENDBYTE?IIC
  +--> ?PR?I2CRECEIVEBYTE?IIC
  +--> ?PR?_I2CSENDACK?IIC
  +--> ?PR?I2CSTOP?IIC

?PR?I2CWAITACK?IIC             -----    -----
  +--> ?PR?I2CSTART?IIC
  +--> ?PR?_I2CSENDBYTE?IIC
  +--> ?PR?_I2C_DELAY?IIC

?PR?I2CSTART?IIC               -----    -----
  +--> ?PR?_I2C_DELAY?IIC

?PR?_I2CSENDBYTE?IIC           -----    -----
  +--> ?PR?_I2C_DELAY?IIC
BL51 BANKED LINKER/LOCATER V6.22                                                      02/17/2025  20:52:58  PAGE 3



?PR?I2CRECEIVEBYTE?IIC         -----    -----
  +--> ?PR?_I2C_DELAY?IIC

?PR?_I2CSENDACK?IIC            -----    -----
  +--> ?PR?_I2C_DELAY?IIC

?PR?I2CSTOP?IIC                -----    -----
  +--> ?PR?_I2C_DELAY?IIC

?PR?KEY_PROC?MAIN              -----    -----
  +--> ?PR?KEY_READ?KEY
  +--> ?PR?_EEPROM_WRITE?IIC

?PR?_EEPROM_WRITE?IIC          0065H    0005H
  +--> ?PR?I2CWAITACK?IIC
  +--> ?PR?_I2CSENDBYTE?IIC
  +--> ?PR?_I2C_DELAY?IIC
  +--> ?PR?I2CSTOP?IIC

?PR?SEG_PROC?MAIN              -----    -----
  +--> ?PR?_AD_READ?IIC

?PR?_AD_READ?IIC               -----    -----
  +--> ?PR?I2CSTART?IIC
  +--> ?PR?I2CWAITACK?IIC
  +--> ?PR?_I2CSENDBYTE?IIC
  +--> ?PR?I2CRECEIVEBYTE?IIC
  +--> ?PR?_I2CSENDACK?IIC
  +--> ?PR?I2CSTOP?IIC



SYMBOL TABLE OF MODULE:  .\Objects\Model (MAIN)

  VALUE           TYPE          NAME
  ----------------------------------

  -------         MODULE        MAIN
  C:0000H         SYMBOL        _ICE_DUMMY_
  D:0080H         PUBLIC        P0
  D:0090H         PUBLIC        P1
  D:00A0H         PUBLIC        P2
  D:0021H         PUBLIC        Led_Count
  D:00B0H         PUBLIC        P3
  D:00C0H         PUBLIC        P4
  D:00C8H         PUBLIC        P5
  D:00E8H         PUBLIC        P6
  B:00A8H.7       PUBLIC        EA
  D:00F8H         PUBLIC        P7
  C:036FH         PUBLIC        Led_Proc
  D:0022H         PUBLIC        Seg_Point
  D:00A8H         PUBLIC        IE
  C:000EH         PUBLIC        Seg_Proc
  D:00B8H         PUBLIC        IP
  D:002AH         PUBLIC        Seg_Buf
  C:015AH         PUBLIC        Key_Proc
BL51 BANKED LINKER/LOCATER V6.22                                                      02/17/2025  20:52:58  PAGE 4


  D:0032H         PUBLIC        Seg_Slow_Down
  D:00D8H         PUBLIC        CCON
  D:0034H         PUBLIC        Key_Down
  C:060EH         PUBLIC        main
  D:0035H         PUBLIC        Led_Pos
  D:0036H         PUBLIC        Key_Old
  D:0037H         PUBLIC        Key_Slow_Down
  D:0038H         PUBLIC        Ms_Tick
  D:003AH         PUBLIC        Key_Val
  C:028DH         PUBLIC        Timer0Server
  D:003BH         PUBLIC        Seg_Pos
  D:0098H         PUBLIC        SCON
  D:0089H         PUBLIC        TMOD
  D:0088H         PUBLIC        TCON
  D:003CH         PUBLIC        Timer_400Ms
  D:008EH         PUBLIC        AUXR
  D:003EH         PUBLIC        EEPROM_Dat
  B:00A8H.1       PUBLIC        ET0
  B:0088H.5       PUBLIC        TF0
  C:0871H         PUBLIC        Timer0Init
  D:008CH         PUBLIC        TH0
  D:0042H         PUBLIC        Key_Up
  D:008AH         PUBLIC        TL0
  B:0088H.4       PUBLIC        TR0
  D:0043H         PUBLIC        Led_Time_Index
  B:0020H.0       PUBLIC        System_Flag
  D:0044H         PUBLIC        Led_Time_Ctrol
  D:004CH         PUBLIC        ucLed
  D:0054H         PUBLIC        Led_Level
  B:0020H.1       PUBLIC        Seg_Star_Flag
  D:0055H         PUBLIC        Led_Time_Disp
  B:0020H.2       PUBLIC        Seg_Disp_Mode
  D:00D0H         PUBLIC        PSW
  D:005DH         PUBLIC        Seg_Index
  D:005EH         PUBLIC        Led_Mode
  -------         PROC          KEY_PROC
  -------         DO            
  D:0003H         SYMBOL        i
  -------         ENDDO         
  C:015AH         LINE#         33
  C:015AH         LINE#         34
  C:015AH         LINE#         36
  C:0161H         LINE#         37
  C:0164H         LINE#         39
  C:0169H         LINE#         40
  C:0172H         LINE#         41
  C:0178H         LINE#         42
  C:017BH         LINE#         44
  C:017FH         LINE#         45
  C:017FH         LINE#         46
  C:0184H         LINE#         47
  C:0188H         LINE#         49
  C:018AH         LINE#         50
  C:018AH         LINE#         52
  C:01A3H         LINE#         53
  C:01A3H         LINE#         54
  C:01A3H         LINE#         55
BL51 BANKED LINKER/LOCATER V6.22                                                      02/17/2025  20:52:58  PAGE 5


  C:01ADH         LINE#         56
  C:01B4H         LINE#         57
  C:01B4H         LINE#         58
  C:01B6H         LINE#         59
  C:01B7H         LINE#         60
  C:01B7H         LINE#         61
  C:01CDH         LINE#         62
  C:01E5H         LINE#         63
  C:01E9H         LINE#         64
  C:01F7H         LINE#         65
  C:01F7H         LINE#         66
  C:01F7H         LINE#         68
  C:01F7H         LINE#         69
  C:01FCH         LINE#         70
  C:01FCH         LINE#         71
  C:0207H         LINE#         72
  C:0209H         LINE#         73
  C:020AH         LINE#         74
  C:0210H         LINE#         75
  C:0210H         LINE#         76
  C:0220H         LINE#         77
  C:0233H         LINE#         78
  C:023FH         LINE#         79
  C:023FH         LINE#         80
  C:0240H         LINE#         82
  C:0240H         LINE#         83
  C:0245H         LINE#         84
  C:0245H         LINE#         85
  C:024CH         LINE#         86
  C:024FH         LINE#         87
  C:0250H         LINE#         88
  C:0256H         LINE#         89
  C:0256H         LINE#         90
  C:0267H         LINE#         91
  C:027AH         LINE#         92
  C:0286H         LINE#         93
  C:0286H         LINE#         94
  C:0287H         LINE#         96
  C:0287H         LINE#         97
  C:028CH         LINE#         98
  C:028CH         LINE#         99
  C:028CH         LINE#         100
  -------         ENDPROC       KEY_PROC
  -------         PROC          SEG_PROC
  -------         DO            
  D:0007H         SYMBOL        i
  -------         ENDDO         
  C:000EH         LINE#         103
  C:000EH         LINE#         104
  C:000EH         LINE#         106
  C:0017H         LINE#         107
  C:001DH         LINE#         109
  C:002AH         LINE#         111
  C:0030H         LINE#         112
  C:0030H         LINE#         113
  C:0036H         LINE#         114
  C:003BH         LINE#         115
BL51 BANKED LINKER/LOCATER V6.22                                                      02/17/2025  20:52:58  PAGE 6


  C:005AH         LINE#         116
  C:006EH         LINE#         117
  C:008DH         LINE#         118
  C:009CH         LINE#         120
  C:00A2H         LINE#         121
  C:00A2H         LINE#         122
  C:00AFH         LINE#         123
  C:00BCH         LINE#         124
  C:00BFH         LINE#         125
  C:00C5H         LINE#         126
  C:00C5H         LINE#         127
  C:00EAH         LINE#         128
  C:010FH         LINE#         129
  C:0134H         LINE#         130
  C:013FH         LINE#         131
  C:013FH         LINE#         132
  C:0146H         LINE#         133
  C:0147H         LINE#         136
  C:0147H         LINE#         137
  C:0147H         LINE#         138
  C:0151H         LINE#         139
  C:0154H         LINE#         140
  C:0159H         LINE#         141
  C:0159H         LINE#         142
  -------         ENDPROC       SEG_PROC
  -------         PROC          LED_PROC
  -------         DO            
  D:0007H         SYMBOL        i
  -------         ENDDO         
  C:036FH         LINE#         145
  C:036FH         LINE#         146
  C:036FH         LINE#         148
  C:0372H         LINE#         149
  C:0372H         LINE#         150
  C:0386H         LINE#         151
  C:0386H         LINE#         152
  C:038AH         LINE#         153
  C:0399H         LINE#         154
  C:0399H         LINE#         155
  C:0399H         LINE#         156
  C:03A1H         LINE#         157
  C:03A1H         LINE#         158
  C:03A4H         LINE#         159
  C:03A7H         LINE#         160
  C:03A7H         LINE#         161
  C:03A9H         LINE#         163
  C:03A9H         LINE#         164
  C:03B0H         LINE#         165
  C:03B0H         LINE#         166
  C:03B3H         LINE#         167
  C:03B6H         LINE#         168
  C:03B6H         LINE#         169
  C:03B8H         LINE#         171
  C:03B8H         LINE#         172
  C:03BEH         LINE#         173
  C:03C3H         LINE#         174
  C:03C3H         LINE#         175
BL51 BANKED LINKER/LOCATER V6.22                                                      02/17/2025  20:52:58  PAGE 7


  C:03C6H         LINE#         176
  C:03C9H         LINE#         177
  C:03C9H         LINE#         178
  C:03CBH         LINE#         180
  C:03CBH         LINE#         181
  C:03D1H         LINE#         182
  C:03D6H         LINE#         183
  C:03D6H         LINE#         184
  C:03D9H         LINE#         185
  C:03DBH         LINE#         186
  C:03DBH         LINE#         187
  C:03DBH         LINE#         188
  C:03DBH         LINE#         189
  C:03DBH         LINE#         190
  C:03DBH         LINE#         191
  C:03E2H         LINE#         192
  C:03E2H         LINE#         193
  C:03E4H         LINE#         194
  C:03F9H         LINE#         195
  C:03F9H         LINE#         197
  C:03F9H         LINE#         198
  C:03FBH         LINE#         199
  C:041FH         LINE#         200
  C:041FH         LINE#         201
  -------         ENDPROC       LED_PROC
  -------         PROC          TIMER0INIT
  C:0871H         LINE#         204
  C:0871H         LINE#         205
  C:0871H         LINE#         206
  C:0874H         LINE#         207
  C:0877H         LINE#         208
  C:087AH         LINE#         209
  C:087DH         LINE#         210
  C:087FH         LINE#         211
  C:0881H         LINE#         212
  C:0883H         LINE#         213
  C:0885H         LINE#         214
  -------         ENDPROC       TIMER0INIT
  -------         PROC          TIMER0SERVER
  C:028DH         LINE#         217
  C:02AAH         LINE#         219
  C:02B4H         LINE#         220
  C:02C6H         LINE#         222
  C:02D0H         LINE#         223
  C:02DAH         LINE#         225
  C:02E1H         LINE#         226
  C:02F5H         LINE#         228
  C:0300H         LINE#         230
  C:031CH         LINE#         231
  C:0325H         LINE#         233
  C:032DH         LINE#         235
  C:033EH         LINE#         236
  C:033EH         LINE#         237
  C:0344H         LINE#         238
  C:0349H         LINE#         239
  C:0349H         LINE#         241
  C:034CH         LINE#         242
BL51 BANKED LINKER/LOCATER V6.22                                                      02/17/2025  20:52:58  PAGE 8


  C:0354H         LINE#         243
  -------         ENDPROC       TIMER0SERVER
  -------         PROC          MAIN
  -------         DO            
  D:0005H         SYMBOL        i
  -------         ENDDO         
  C:060EH         LINE#         246
  C:060EH         LINE#         247
  C:060EH         LINE#         249
  C:061CH         LINE#         250
  C:061EH         LINE#         251
  C:0644H         LINE#         252
  C:0647H         LINE#         253
  C:064AH         LINE#         254
  C:064AH         LINE#         255
  C:064AH         LINE#         256
  C:064DH         LINE#         257
  C:0650H         LINE#         258
  C:0653H         LINE#         259
  -------         ENDPROC       MAIN
  -------         ENDMOD        MAIN

  -------         MODULE        KEY
  C:0000H         SYMBOL        _ICE_DUMMY_
  D:0080H         PUBLIC        P0
  D:0090H         PUBLIC        P1
  D:00A0H         PUBLIC        P2
  D:00B0H         PUBLIC        P3
  D:00C0H         PUBLIC        P4
  D:00C8H         PUBLIC        P5
  D:00E8H         PUBLIC        P6
  D:00F8H         PUBLIC        P7
  C:053EH         PUBLIC        Key_Read
  D:00A8H         PUBLIC        IE
  D:00B8H         PUBLIC        IP
  D:00D8H         PUBLIC        CCON
  B:00B0H.0       PUBLIC        P30
  B:00B0H.1       PUBLIC        P31
  D:0098H         PUBLIC        SCON
  B:00B0H.2       PUBLIC        P32
  D:0088H         PUBLIC        TCON
  B:00B0H.3       PUBLIC        P33
  B:00B0H.4       PUBLIC        P34
  B:00B0H.5       PUBLIC        P35
  B:00B0H.6       PUBLIC        P36
  B:00B0H.7       PUBLIC        P37
  D:00D0H         PUBLIC        PSW
  -------         PROC          KEY_READ
  -------         DO            
  D:0007H         SYMBOL        temp
  -------         ENDDO         
  C:053EH         LINE#         3
  C:053EH         LINE#         4
  C:053EH         LINE#         5
  C:0540H         LINE#         6
  C:0548H         LINE#         7
  C:054DH         LINE#         8
BL51 BANKED LINKER/LOCATER V6.22                                                      02/17/2025  20:52:58  PAGE 9


  C:0552H         LINE#         9
  C:0557H         LINE#         10
  C:055CH         LINE#         11
  C:0564H         LINE#         12
  C:0569H         LINE#         13
  C:056EH         LINE#         14
  C:0573H         LINE#         15
  C:0578H         LINE#         16
  C:0580H         LINE#         17
  C:0585H         LINE#         18
  C:058AH         LINE#         19
  C:058FH         LINE#         20
  C:0594H         LINE#         21
  C:059CH         LINE#         22
  C:05A1H         LINE#         23
  C:05A6H         LINE#         24
  C:05ABH         LINE#         25
  C:05B0H         LINE#         26
  C:05B0H         LINE#         27
  -------         ENDPROC       KEY_READ
  -------         ENDMOD        KEY

  -------         MODULE        SEG
  C:0000H         SYMBOL        _ICE_DUMMY_
  D:0080H         PUBLIC        P0
  D:0090H         PUBLIC        P1
  D:00A0H         PUBLIC        P2
  D:00B0H         PUBLIC        P3
  D:00C0H         PUBLIC        P4
  D:00C8H         PUBLIC        P5
  D:00E8H         PUBLIC        P6
  D:00F8H         PUBLIC        P7
  D:00A8H         PUBLIC        IE
  C:0655H         PUBLIC        _Seg_Disp
  D:00B8H         PUBLIC        IP
  D:00D8H         PUBLIC        CCON
  D:0098H         PUBLIC        SCON
  D:0088H         PUBLIC        TCON
  D:0008H         PUBLIC        seg_dula
  D:0014H         PUBLIC        seg_wela
  D:00D0H         PUBLIC        PSW
  -------         PROC          _SEG_DISP
  D:0007H         SYMBOL        wela
  D:0004H         SYMBOL        dula
  D:0002H         SYMBOL        point
  C:0655H         LINE#         6
  C:0655H         LINE#         7
  C:0655H         LINE#         8
  C:0658H         LINE#         9
  C:0660H         LINE#         10
  C:0663H         LINE#         12
  C:066AH         LINE#         13
  C:0672H         LINE#         14
  C:0675H         LINE#         16
  C:0679H         LINE#         17
  C:0684H         LINE#         19
  C:068BH         LINE#         20
BL51 BANKED LINKER/LOCATER V6.22                                                      02/17/2025  20:52:58  PAGE 10


  C:0693H         LINE#         21
  C:0696H         LINE#         22
  -------         ENDPROC       _SEG_DISP
  -------         ENDMOD        SEG

  -------         MODULE        INIT
  C:0000H         SYMBOL        _ICE_DUMMY_
  C:0805H         PUBLIC        System_Init
  D:0080H         PUBLIC        P0
  D:0090H         PUBLIC        P1
  D:00A0H         PUBLIC        P2
  D:00B0H         PUBLIC        P3
  D:00C0H         PUBLIC        P4
  D:00C8H         PUBLIC        P5
  D:00E8H         PUBLIC        P6
  D:00F8H         PUBLIC        P7
  D:00A8H         PUBLIC        IE
  D:00B8H         PUBLIC        IP
  D:00D8H         PUBLIC        CCON
  D:0098H         PUBLIC        SCON
  D:0088H         PUBLIC        TCON
  D:00D0H         PUBLIC        PSW
  -------         PROC          SYSTEM_INIT
  C:0805H         LINE#         3
  C:0805H         LINE#         4
  C:0805H         LINE#         5
  C:0808H         LINE#         6
  C:0810H         LINE#         7
  C:0813H         LINE#         9
  C:0816H         LINE#         10
  C:081EH         LINE#         11
  C:0821H         LINE#         12
  -------         ENDPROC       SYSTEM_INIT
  -------         ENDMOD        INIT

  -------         MODULE        LED
  C:0000H         SYMBOL        _ICE_DUMMY_
  C:0797H         PUBLIC        _Relay
  D:0080H         PUBLIC        P0
  D:0090H         PUBLIC        P1
  D:00A0H         PUBLIC        P2
  D:00B0H         PUBLIC        P3
  D:00C0H         PUBLIC        P4
  D:00C8H         PUBLIC        P5
  D:00E8H         PUBLIC        P6
  D:00F8H         PUBLIC        P7
  C:06D9H         PUBLIC        _Led_Disp
  D:00A8H         PUBLIC        IE
  D:00B8H         PUBLIC        IP
  D:00D8H         PUBLIC        CCON
  D:0098H         PUBLIC        SCON
  D:0088H         PUBLIC        TCON
  D:00D0H         PUBLIC        PSW
  C:0772H         PUBLIC        _Beep
  -------         PROC          _LED_DISP
  D:0007H         SYMBOL        addr
  D:0004H         SYMBOL        enable
BL51 BANKED LINKER/LOCATER V6.22                                                      02/17/2025  20:52:58  PAGE 11


  -------         DO            
  D:005FH         SYMBOL        temp
  D:0060H         SYMBOL        temp_old
  -------         ENDDO         
  C:06D9H         LINE#         3
  C:06D9H         LINE#         4
  C:06D9H         LINE#         7
  C:06DDH         LINE#         8
  C:06ECH         LINE#         10
  C:06FAH         LINE#         11
  C:0700H         LINE#         12
  C:0700H         LINE#         13
  C:0705H         LINE#         14
  C:070DH         LINE#         15
  C:0710H         LINE#         16
  C:0713H         LINE#         17
  C:0713H         LINE#         18
  -------         ENDPROC       _LED_DISP
  -------         PROC          _BEEP
  D:0007H         SYMBOL        flag
  -------         DO            
  D:0061H         SYMBOL        temp
  D:0062H         SYMBOL        temp_old
  -------         ENDDO         
  C:0772H         LINE#         20
  C:0772H         LINE#         21
  C:0772H         LINE#         24
  C:0775H         LINE#         25
  C:077AH         LINE#         27
  C:077DH         LINE#         28
  C:0783H         LINE#         29
  C:0783H         LINE#         30
  C:0788H         LINE#         31
  C:0790H         LINE#         32
  C:0793H         LINE#         33
  C:0796H         LINE#         34
  C:0796H         LINE#         35
  -------         ENDPROC       _BEEP
  -------         PROC          _RELAY
  D:0007H         SYMBOL        flag
  -------         DO            
  D:0063H         SYMBOL        temp
  D:0064H         SYMBOL        temp_old
  -------         ENDDO         
  C:0797H         LINE#         37
  C:0797H         LINE#         38
  C:0797H         LINE#         41
  C:079AH         LINE#         42
  C:079FH         LINE#         44
  C:07A2H         LINE#         45
  C:07A8H         LINE#         46
  C:07A8H         LINE#         47
  C:07ADH         LINE#         48
  C:07B5H         LINE#         49
  C:07B8H         LINE#         50
  C:07BBH         LINE#         51
  C:07BBH         LINE#         52
BL51 BANKED LINKER/LOCATER V6.22                                                      02/17/2025  20:52:58  PAGE 12


  -------         ENDPROC       _RELAY
  -------         ENDMOD        LED

  -------         MODULE        IIC
  C:0000H         SYMBOL        _ICE_DUMMY_
  D:0090H         PUBLIC        P1
  D:00A0H         PUBLIC        P2
  D:00B0H         PUBLIC        P3
  C:07BCH         PUBLIC        _Ad_Read
  D:00A8H         PUBLIC        IE
  C:0843H         SYMBOL        _I2C_Delay
  C:0886H         PUBLIC        _Da_Write
  D:00B8H         PUBLIC        IP
  C:0822H         PUBLIC        I2CReceiveByte
  C:0697H         PUBLIC        _EEPROM_Read
  D:0098H         PUBLIC        SCON
  D:0088H         PUBLIC        TCON
  B:00A0H.1       PUBLIC        sda
  C:0714H         PUBLIC        _EEPROM_Write
  B:00A0H.0       PUBLIC        scl
  C:089BH         PUBLIC        I2CStart
  C:0859H         PUBLIC        _I2CSendAck
  C:0746H         PUBLIC        _I2CSendByte
  D:00C8H         PUBLIC        T2CON
  C:07F3H         PUBLIC        I2CWaitAck
  C:08AAH         PUBLIC        I2CStop
  D:00D0H         PUBLIC        PSW
  C:083FH         SYMBOL        L?0036
  -------         PROC          L?0035
  -------         ENDPROC       L?0035
  C:083FH         SYMBOL        L?0036
  -------         PROC          _I2C_DELAY
  D:0007H         SYMBOL        n
  C:0843H         LINE#         11
  C:0843H         LINE#         12
  C:0843H         LINE#         14
  C:0843H         LINE#         15
  C:0848H         LINE#         16
  C:084DH         LINE#         17
  C:0852H         LINE#         18
  C:0852H         LINE#         19
  C:0858H         LINE#         20
  -------         ENDPROC       _I2C_DELAY
  -------         PROC          I2CSTART
  C:089BH         LINE#         23
  C:089BH         LINE#         24
  C:089BH         LINE#         25
  C:089DH         LINE#         26
  C:089DH         LINE#         27
  C:08A0H         LINE#         28
  C:08A2H         LINE#         29
  C:08A7H         LINE#         30
  C:08A9H         LINE#         31
  -------         ENDPROC       I2CSTART
  -------         PROC          I2CSTOP
  C:08AAH         LINE#         34
  C:08AAH         LINE#         35
BL51 BANKED LINKER/LOCATER V6.22                                                      02/17/2025  20:52:58  PAGE 13


  C:08AAH         LINE#         36
  C:08ACH         LINE#         37
  C:08ACH         LINE#         38
  C:08AFH         LINE#         39
  C:08B1H         LINE#         40
  -------         ENDPROC       I2CSTOP
  -------         PROC          _I2CSENDBYTE
  D:0005H         SYMBOL        byt
  -------         DO            
  D:0004H         SYMBOL        i
  -------         ENDDO         
  C:0746H         LINE#         44
  C:0748H         LINE#         45
  C:0748H         LINE#         48
  C:074AH         LINE#         49
  C:074CH         LINE#         50
  C:0751H         LINE#         51
  C:0755H         LINE#         52
  C:0757H         LINE#         53
  C:0759H         LINE#         54
  C:0759H         LINE#         55
  C:075BH         LINE#         56
  C:075BH         LINE#         57
  C:0760H         LINE#         58
  C:0762H         LINE#         59
  C:0766H         LINE#         60
  C:076BH         LINE#         61
  C:076FH         LINE#         63
  C:0771H         LINE#         64
  -------         ENDPROC       _I2CSENDBYTE
  -------         PROC          I2CRECEIVEBYTE
  -------         DO            
  D:0005H         SYMBOL        da
  D:0004H         SYMBOL        i
  -------         ENDDO         
  C:0822H         LINE#         67
  C:0822H         LINE#         68
  C:0822H         LINE#         71
  C:0824H         LINE#         72
  C:0824H         LINE#         73
  C:0827H         LINE#         74
  C:082BH         LINE#         75
  C:082EH         LINE#         76
  C:0831H         LINE#         77
  C:0833H         LINE#         78
  C:0838H         LINE#         79
  C:083CH         LINE#         80
  C:083EH         LINE#         81
  -------         ENDPROC       I2CRECEIVEBYTE
  C:07E8H         SYMBOL        L?0034
  -------         PROC          L?0033
  -------         ENDPROC       L?0033
  C:07E8H         SYMBOL        L?0034
  -------         PROC          I2CWAITACK
  -------         DO            
  D:0005H         SYMBOL        ackbit
  -------         ENDDO         
BL51 BANKED LINKER/LOCATER V6.22                                                      02/17/2025  20:52:58  PAGE 14


  C:07F3H         LINE#         84
  C:07F3H         LINE#         85
  C:07F3H         LINE#         88
  C:07F3H         LINE#         89
  C:07F6H         LINE#         90
  C:07FBH         LINE#         91
  C:07FDH         LINE#         92
  C:0802H         LINE#         94
  C:0804H         LINE#         95
  -------         ENDPROC       I2CWAITACK
  -------         PROC          _I2CSENDACK
  D:0007H         SYMBOL        ackbit
  C:0859H         LINE#         98
  C:0859H         LINE#         99
  C:0859H         LINE#         100
  C:085BH         LINE#         101
  C:0860H         LINE#         102
  C:0865H         LINE#         103
  C:0865H         LINE#         104
  C:0868H         LINE#         105
  C:086AH         LINE#         106
  C:086CH         LINE#         107
  -------         ENDPROC       _I2CSENDACK
  -------         PROC          _AD_READ
  D:0003H         SYMBOL        addr
  -------         DO            
  D:0005H         SYMBOL        temp
  -------         ENDDO         
  C:07BCH         LINE#         111
  C:07BEH         LINE#         112
  C:07BEH         LINE#         114
  C:07C1H         LINE#         115
  C:07C3H         LINE#         116
  C:07C3H         LINE#         117
  C:07C3H         LINE#         118
  C:07C6H         LINE#         120
  C:07C9H         LINE#         121
  C:07CEH         LINE#         122
  C:07D1H         LINE#         123
  C:07D6H         LINE#         124
  C:07DBH         LINE#         125
  C:07DEH         LINE#         126
  C:07E0H         LINE#         127
  -------         ENDPROC       _AD_READ
  -------         PROC          _DA_WRITE
  D:0003H         SYMBOL        dat
  C:0886H         LINE#         130
  C:0888H         LINE#         131
  C:0888H         LINE#         132
  C:088BH         LINE#         133
  C:0890H         LINE#         134
  C:0893H         LINE#         135
  C:0895H         LINE#         136
  C:0895H         LINE#         137
  C:0895H         LINE#         138
  C:0898H         LINE#         139
  -------         ENDPROC       _DA_WRITE
BL51 BANKED LINKER/LOCATER V6.22                                                      02/17/2025  20:52:58  PAGE 15


  -------         PROC          _EEPROM_WRITE
  D:0065H         SYMBOL        EEPROM_String
  D:0003H         SYMBOL        addr
  D:0069H         SYMBOL        num
  C:0714H         LINE#         142
  C:071AH         LINE#         143
  C:071AH         LINE#         144
  C:071AH         LINE#         145
  C:071AH         LINE#         146
  C:071AH         LINE#         148
  C:071AH         LINE#         149
  C:071DH         LINE#         151
  C:0724H         LINE#         152
  C:0724H         LINE#         153
  C:0739H         LINE#         154
  C:073CH         LINE#         155
  C:0741H         LINE#         156
  C:0743H         LINE#         157
  -------         ENDPROC       _EEPROM_WRITE
  -------         PROC          _EEPROM_READ
  D:0065H         SYMBOL        EEPROM_String
  D:0003H         SYMBOL        addr
  D:0069H         SYMBOL        num
  C:0697H         LINE#         160
  C:069DH         LINE#         161
  C:069DH         LINE#         162
  C:069DH         LINE#         163
  C:069DH         LINE#         164
  C:069DH         LINE#         166
  C:069DH         LINE#         167
  C:06A0H         LINE#         169
  C:06A3H         LINE#         170
  C:06A8H         LINE#         171
  C:06ABH         LINE#         173
  C:06B2H         LINE#         174
  C:06B2H         LINE#         175
  C:06C7H         LINE#         176
  C:06CFH         LINE#         177
  C:06D4H         LINE#         178
  C:06D6H         LINE#         179
  -------         ENDPROC       _EEPROM_READ
  -------         ENDMOD        IIC

  -------         MODULE        ?C?CLDPTR
  C:0420H         PUBLIC        ?C?CLDPTR
  -------         ENDMOD        ?C?CLDPTR

  -------         MODULE        ?C?CSTPTR
  C:0439H         PUBLIC        ?C?CSTPTR
  -------         ENDMOD        ?C?CSTPTR

  -------         MODULE        ?C?IMUL
  C:044BH         PUBLIC        ?C?IMUL
  -------         ENDMOD        ?C?IMUL

  -------         MODULE        ?C?UIDIV
  C:045DH         PUBLIC        ?C?UIDIV
BL51 BANKED LINKER/LOCATER V6.22                                                      02/17/2025  20:52:58  PAGE 16


  -------         ENDMOD        ?C?UIDIV

*** WARNING L16: UNCALLED SEGMENT, IGNORED FOR OVERLAY PROCESS
    SEGMENT: ?PR?_BEEP?LED

*** WARNING L16: UNCALLED SEGMENT, IGNORED FOR OVERLAY PROCESS
    SEGMENT: ?PR?_RELAY?LED

*** WARNING L16: UNCALLED SEGMENT, IGNORED FOR OVERLAY PROCESS
    SEGMENT: ?PR?_DA_WRITE?IIC

Program Size: data=102.3 xdata=0 code=2222
LINK/LOCATE RUN COMPLETE.  3 WARNING(S),  0 ERROR(S)
