BL51 BANKED LINKER/LOCATER V6.22                                                        03/12/2025  21:37:13  PAGE 1


BL51 BANKED LINKER/LOCATER V6.22, INVOKED BY:
D:\KEIL5\C51\BIN\BL51.EXE .\Objects\main.obj, .\Objects\Init.obj, .\Objects\Key.obj, .\Objects\Led.obj, .\Objects\Seg.ob
>> j, .\Objects\ds1302.obj, .\Objects\onewire.obj, .\Objects\iic.obj TO .\Objects\0312 PRINT (.\Listings\0312.m51) RAMSI
>> ZE (256)


MEMORY MODEL: SMALL WITH FLOATING POINT ARITHMETIC


INPUT MODULES INCLUDED:
  .\Objects\main.obj (MAIN)
  .\Objects\Init.obj (INIT)
  .\Objects\Key.obj (KEY)
  .\Objects\Led.obj (LED)
  .\Objects\Seg.obj (SEG)
  .\Objects\ds1302.obj (DS1302)
  .\Objects\onewire.obj (ONEWIRE)
  .\Objects\iic.obj (IIC)
  D:\KEIL5\C51\LIB\C51FPS.LIB (?C?FPDIV)
  D:\KEIL5\C51\LIB\C51FPS.LIB (?C?FCAST)
  D:\KEIL5\C51\LIB\C51FPS.LIB (?C?FPGETOPN)
  D:\KEIL5\C51\LIB\C51S.LIB (?C_STARTUP)
  D:\KEIL5\C51\LIB\C51S.LIB (?C?CLDPTR)
  D:\KEIL5\C51\LIB\C51S.LIB (?C?CLDOPTR)
  D:\KEIL5\C51\LIB\C51S.LIB (?C?CSTPTR)
  D:\KEIL5\C51\LIB\C51S.LIB (?C?CSTOPTR)
  D:\KEIL5\C51\LIB\C51S.LIB (?C?LNEG)
  D:\KEIL5\C51\LIB\C51S.LIB (?C_INIT)


LINK MAP OF MODULE:  .\Objects\0312 (MAIN)


            TYPE    BASE      LENGTH    RELOCATION   SEGMENT NAME
            -----------------------------------------------------

            * * * * * * *   D A T A   M E M O R Y   * * * * * * *
            REG     0000H     0008H     ABSOLUTE     "REG BANK 0"
            DATA    0008H     0006H     UNIT         ?DT?LED
            DATA    000EH     0005H     UNIT         ?DT?_EEPROM_WRITE?IIC
            DATA    0013H     0005H     UNIT         ?DT?_EEPROM_READ?IIC
                    0018H     0008H                  *** GAP ***
            BIT     0020H.0   0000H.1   UNIT         ?BI?INIT_DS18B20?ONEWIRE
                    0020H.1   0000H.7                *** GAP ***
            DATA    0021H     0020H     UNIT         ?DT?MAIN
            DATA    0041H     0019H     UNIT         ?DT?SEG
            IDATA   005AH     0001H     UNIT         ?STACK

            * * * * * * *   C O D E   M E M O R Y   * * * * * * *
            CODE    0000H     0003H     ABSOLUTE     
            CODE    0003H     0001H     UNIT         ?PR?LED_PROC?MAIN
                    0004H     0007H                  *** GAP ***
            CODE    000BH     0003H     ABSOLUTE     
            CODE    000EH     01B0H     UNIT         ?C?LIB_CODE
            CODE    01BEH     008CH     UNIT         ?C_C51STARTUP
            CODE    024AH     0088H     UNIT         ?PR?TIMER0SERVER?MAIN
            CODE    02D2H     0053H     UNIT         ?PR?KEY_READ?KEY
            CODE    0325H     004EH     UNIT         ?C_INITSEG
BL51 BANKED LINKER/LOCATER V6.22                                                      03/12/2025  21:37:13  PAGE 2


            CODE    0373H     0046H     UNIT         ?PR?_EEPROM_READ?IIC
            CODE    03B9H     0043H     UNIT         ?PR?_EEPROM_WRITE?IIC
            CODE    03FCH     0042H     UNIT         ?PR?_SEG_DISP?SEG
            CODE    043EH     003BH     UNIT         ?PR?_LED_DISP?LED
            CODE    0479H     0035H     UNIT         ?PR?RD_T?ONEWIRE
            CODE    04AEH     0034H     UNIT         ?PR?_READ_DS1302_BYTE?DS1302
            CODE    04E2H     002FH     UNIT         ?PR?_SET_RTC?DS1302
            CODE    0511H     002CH     UNIT         ?PR?_I2CSENDBYTE?IIC
            CODE    053DH     0027H     UNIT         ?PR?INIT_DS18B20?ONEWIRE
            CODE    0564H     0025H     UNIT         ?PR?_BEEP?LED
            CODE    0589H     0025H     UNIT         ?PR?_RELAY?LED
            CODE    05AEH     0025H     UNIT         ?PR?_AD_READ?IIC
            CODE    05D3H     0021H     UNIT         ?PR?_READ_RTC?DS1302
            CODE    05F4H     001FH     UNIT         ?PR?KEY_PROC?MAIN
            CODE    0613H     001EH     UNIT         ?PR?_WRITE_DS18B20?ONEWIRE
            CODE    0631H     001DH     UNIT         ?PR?SYS_INIT?INIT
            CODE    064EH     001DH     UNIT         ?PR?I2CRECEIVEBYTE?IIC
            CODE    066BH     001DH     UNIT         ?PR?I2CWAITACK?IIC
            CODE    0688H     001AH     UNIT         ?PR?_DELAY_ONEWIRE?ONEWIRE
            CODE    06A2H     001AH     UNIT         ?PR?READ_DS18B20?ONEWIRE
            CODE    06BCH     001AH     UNIT         ?PR?_I2C_DELAY?IIC
            CODE    06D6H     0018H     UNIT         ?PR?_I2CSENDACK?IIC
            CODE    06EEH     0015H     UNIT         ?PR?TIMER0INIT?MAIN
            CODE    0703H     0015H     UNIT         ?PR?_DA_WRITE?IIC
            CODE    0718H     0014H     UNIT         ?PR?_WRITE_DS1302_BYTE?DS1302
            CODE    072CH     0013H     UNIT         ?PR?_WRITE_DS1302?DS1302
            CODE    073FH     0011H     UNIT         ?PR?MAIN?MAIN
            CODE    0750H     000FH     UNIT         ?PR?I2CSTART?IIC
            CODE    075FH     000DH     UNIT         ?PR?SEG_PROC?MAIN
            CODE    076CH     000CH     UNIT         ?PR?I2CSTOP?IIC



OVERLAY MAP OF MODULE:   .\Objects\0312 (MAIN)


SEGMENT
  +--> CALLED SEGMENT
---------------------
?PR?TIMER0SERVER?MAIN
  +--> ?PR?_SEG_DISP?SEG
  +--> ?PR?_LED_DISP?LED

*** NEW ROOT ***************************************************

?C_C51STARTUP
  +--> ?PR?MAIN?MAIN
  +--> ?C_INITSEG

?PR?MAIN?MAIN
  +--> ?PR?SYS_INIT?INIT
  +--> ?PR?TIMER0INIT?MAIN
  +--> ?PR?KEY_PROC?MAIN
  +--> ?PR?SEG_PROC?MAIN
  +--> ?PR?LED_PROC?MAIN

?PR?KEY_PROC?MAIN
BL51 BANKED LINKER/LOCATER V6.22                                                      03/12/2025  21:37:13  PAGE 3


  +--> ?PR?KEY_READ?KEY



SYMBOL TABLE OF MODULE:  .\Objects\0312 (MAIN)

  VALUE           TYPE          NAME
  ----------------------------------

  -------         MODULE        MAIN
  C:0000H         SYMBOL        _ICE_DUMMY_
  D:0080H         PUBLIC        P0
  D:0090H         PUBLIC        P1
  D:00A0H         PUBLIC        P2
  D:00B0H         PUBLIC        P3
  D:00C0H         PUBLIC        P4
  D:00C8H         PUBLIC        P5
  D:00E8H         PUBLIC        P6
  B:00A8H.7       PUBLIC        EA
  D:00F8H         PUBLIC        P7
  C:0003H         PUBLIC        Led_Proc
  D:0021H         PUBLIC        Seg_Point
  D:00A8H         PUBLIC        IE
  C:075FH         PUBLIC        Seg_Proc
  D:00B8H         PUBLIC        IP
  D:0029H         PUBLIC        Seg_Buf
  C:05F4H         PUBLIC        Key_Proc
  D:0031H         PUBLIC        Seg_Slow_Down
  D:00D8H         PUBLIC        CCON
  D:0033H         PUBLIC        Key_Down
  C:073FH         PUBLIC        main
  D:0034H         PUBLIC        Key_Old
  D:0035H         PUBLIC        Key_Slow_Down
  D:0036H         PUBLIC        Key_Val
  C:024AH         PUBLIC        Timer0Server
  D:0037H         PUBLIC        Seg_Pos
  D:0098H         PUBLIC        SCON
  D:0089H         PUBLIC        TMOD
  D:0088H         PUBLIC        TCON
  D:008EH         PUBLIC        AUXR
  B:00A8H.1       PUBLIC        ET0
  B:0088H.5       PUBLIC        TF0
  C:06EEH         PUBLIC        Timer0Init
  D:008CH         PUBLIC        TH0
  D:0038H         PUBLIC        Key_Up
  D:008AH         PUBLIC        TL0
  B:0088H.4       PUBLIC        TR0
  D:0039H         PUBLIC        ucLed
  D:00D0H         PUBLIC        PSW
  -------         PROC          KEY_PROC
  C:05F4H         LINE#         18
  C:05F4H         LINE#         19
  C:05F4H         LINE#         20
  C:05F8H         LINE#         21
  C:05FBH         LINE#         23
  C:0600H         LINE#         24
  C:0609H         LINE#         25
BL51 BANKED LINKER/LOCATER V6.22                                                      03/12/2025  21:37:13  PAGE 4


  C:060FH         LINE#         26
  C:0612H         LINE#         28
  -------         ENDPROC       KEY_PROC
  -------         PROC          SEG_PROC
  C:075FH         LINE#         31
  C:075FH         LINE#         32
  C:075FH         LINE#         33
  C:0765H         LINE#         34
  C:076BH         LINE#         36
  -------         ENDPROC       SEG_PROC
  -------         PROC          LED_PROC
  C:0003H         LINE#         39
  C:0003H         LINE#         40
  C:0003H         LINE#         42
  -------         ENDPROC       LED_PROC
  -------         PROC          TIMER0INIT
  C:06EEH         LINE#         45
  C:06EEH         LINE#         46
  C:06EEH         LINE#         47
  C:06F1H         LINE#         48
  C:06F4H         LINE#         49
  C:06F7H         LINE#         50
  C:06FAH         LINE#         51
  C:06FCH         LINE#         52
  C:06FEH         LINE#         53
  C:0700H         LINE#         54
  C:0702H         LINE#         55
  -------         ENDPROC       TIMER0INIT
  -------         PROC          TIMER0SERVER
  C:024AH         LINE#         58
  C:0267H         LINE#         60
  C:0271H         LINE#         61
  C:0288H         LINE#         62
  C:0292H         LINE#         63
  C:02A9H         LINE#         64
  C:02B7H         LINE#         66
  -------         ENDPROC       TIMER0SERVER
  -------         PROC          MAIN
  C:073FH         LINE#         69
  C:073FH         LINE#         70
  C:073FH         LINE#         71
  C:0742H         LINE#         72
  C:0745H         LINE#         73
  C:0745H         LINE#         74
  C:0745H         LINE#         75
  C:0748H         LINE#         76
  C:074BH         LINE#         77
  C:074EH         LINE#         78
  -------         ENDPROC       MAIN
  -------         ENDMOD        MAIN

  -------         MODULE        INIT
  C:0000H         SYMBOL        _ICE_DUMMY_
  D:0080H         PUBLIC        P0
  D:0090H         PUBLIC        P1
  D:00A0H         PUBLIC        P2
  D:00B0H         PUBLIC        P3
BL51 BANKED LINKER/LOCATER V6.22                                                      03/12/2025  21:37:13  PAGE 5


  D:00C0H         PUBLIC        P4
  D:00C8H         PUBLIC        P5
  D:00E8H         PUBLIC        P6
  D:00F8H         PUBLIC        P7
  D:00A8H         PUBLIC        IE
  D:00B8H         PUBLIC        IP
  D:00D8H         PUBLIC        CCON
  D:0098H         PUBLIC        SCON
  D:0088H         PUBLIC        TCON
  C:0631H         PUBLIC        Sys_Init
  D:00D0H         PUBLIC        PSW
  -------         PROC          SYS_INIT
  C:0631H         LINE#         3
  C:0631H         LINE#         4
  C:0631H         LINE#         5
  C:0634H         LINE#         6
  C:063CH         LINE#         7
  C:063FH         LINE#         9
  C:0642H         LINE#         10
  C:064AH         LINE#         11
  C:064DH         LINE#         12
  -------         ENDPROC       SYS_INIT
  -------         ENDMOD        INIT

  -------         MODULE        KEY
  C:0000H         SYMBOL        _ICE_DUMMY_
  D:0080H         PUBLIC        P0
  D:0090H         PUBLIC        P1
  D:00A0H         PUBLIC        P2
  D:00B0H         PUBLIC        P3
  D:00C0H         PUBLIC        P4
  D:00C8H         PUBLIC        P5
  D:00E8H         PUBLIC        P6
  D:00F8H         PUBLIC        P7
  C:02D2H         PUBLIC        Key_Read
  D:00A8H         PUBLIC        IE
  D:00B8H         PUBLIC        IP
  D:00D8H         PUBLIC        CCON
  B:00B0H.0       PUBLIC        P30
  B:00B0H.1       PUBLIC        P31
  D:0098H         PUBLIC        SCON
  B:00B0H.2       PUBLIC        P32
  D:0088H         PUBLIC        TCON
  B:00C0H.2       PUBLIC        P42
  B:00B0H.3       PUBLIC        P33
  B:00B0H.4       PUBLIC        P34
  B:00C0H.4       PUBLIC        P44
  B:00B0H.5       PUBLIC        P35
  D:00D0H         PUBLIC        PSW
  -------         PROC          KEY_READ
  -------         DO            
  D:0007H         SYMBOL        temp
  -------         ENDDO         
  C:02D2H         LINE#         3
  C:02D2H         LINE#         4
  C:02D2H         LINE#         5
  C:02D4H         LINE#         6
BL51 BANKED LINKER/LOCATER V6.22                                                      03/12/2025  21:37:13  PAGE 6


  C:02DCH         LINE#         7
  C:02DFH         LINE#         8
  C:02E2H         LINE#         9
  C:02E5H         LINE#         10
  C:02E8H         LINE#         11
  C:02F0H         LINE#         12
  C:02F3H         LINE#         13
  C:02F6H         LINE#         14
  C:02F9H         LINE#         15
  C:02FCH         LINE#         16
  C:0304H         LINE#         17
  C:0307H         LINE#         18
  C:030AH         LINE#         19
  C:030DH         LINE#         20
  C:0310H         LINE#         21
  C:0318H         LINE#         22
  C:031BH         LINE#         23
  C:031EH         LINE#         24
  C:0321H         LINE#         25
  C:0324H         LINE#         26
  C:0324H         LINE#         27
  -------         ENDPROC       KEY_READ
  -------         ENDMOD        KEY

  -------         MODULE        LED
  C:0000H         SYMBOL        _ICE_DUMMY_
  C:0589H         PUBLIC        _Relay
  D:0080H         PUBLIC        P0
  D:0090H         PUBLIC        P1
  D:00A0H         PUBLIC        P2
  D:00B0H         PUBLIC        P3
  D:00C0H         PUBLIC        P4
  D:00C8H         PUBLIC        P5
  D:00E8H         PUBLIC        P6
  D:00F8H         PUBLIC        P7
  C:043EH         PUBLIC        _Led_Disp
  D:00A8H         PUBLIC        IE
  D:00B8H         PUBLIC        IP
  D:00D8H         PUBLIC        CCON
  D:0098H         PUBLIC        SCON
  D:0088H         PUBLIC        TCON
  D:00D0H         PUBLIC        PSW
  C:0564H         PUBLIC        _Beep
  -------         PROC          _LED_DISP
  D:0007H         SYMBOL        addr
  D:0004H         SYMBOL        enable
  -------         DO            
  D:0008H         SYMBOL        temp
  D:0009H         SYMBOL        temp_old
  -------         ENDDO         
  C:043EH         LINE#         3
  C:043EH         LINE#         4
  C:043EH         LINE#         8
  C:0442H         LINE#         9
  C:0451H         LINE#         11
  C:045FH         LINE#         12
  C:0465H         LINE#         13
BL51 BANKED LINKER/LOCATER V6.22                                                      03/12/2025  21:37:13  PAGE 7


  C:0465H         LINE#         14
  C:046AH         LINE#         15
  C:0472H         LINE#         16
  C:0475H         LINE#         17
  C:0478H         LINE#         18
  C:0478H         LINE#         19
  -------         ENDPROC       _LED_DISP
  -------         PROC          _BEEP
  D:0007H         SYMBOL        flag
  -------         DO            
  D:000AH         SYMBOL        temp
  D:000BH         SYMBOL        temp_old
  -------         ENDDO         
  C:0564H         LINE#         21
  C:0564H         LINE#         22
  C:0564H         LINE#         26
  C:0567H         LINE#         27
  C:056CH         LINE#         29
  C:056FH         LINE#         30
  C:0575H         LINE#         31
  C:0575H         LINE#         32
  C:057AH         LINE#         33
  C:0582H         LINE#         34
  C:0585H         LINE#         35
  C:0588H         LINE#         36
  C:0588H         LINE#         37
  -------         ENDPROC       _BEEP
  -------         PROC          _RELAY
  D:0007H         SYMBOL        flag
  -------         DO            
  D:000CH         SYMBOL        temp
  D:000DH         SYMBOL        temp_old
  -------         ENDDO         
  C:0589H         LINE#         39
  C:0589H         LINE#         40
  C:0589H         LINE#         44
  C:058CH         LINE#         45
  C:0591H         LINE#         47
  C:0594H         LINE#         48
  C:059AH         LINE#         49
  C:059AH         LINE#         50
  C:059FH         LINE#         51
  C:05A7H         LINE#         52
  C:05AAH         LINE#         53
  C:05ADH         LINE#         54
  C:05ADH         LINE#         55
  -------         ENDPROC       _RELAY
  -------         ENDMOD        LED

  -------         MODULE        SEG
  C:0000H         SYMBOL        _ICE_DUMMY_
  D:0080H         PUBLIC        P0
  D:0090H         PUBLIC        P1
  D:00A0H         PUBLIC        P2
  D:00B0H         PUBLIC        P3
  D:00C0H         PUBLIC        P4
  D:00C8H         PUBLIC        P5
BL51 BANKED LINKER/LOCATER V6.22                                                      03/12/2025  21:37:13  PAGE 8


  D:00E8H         PUBLIC        P6
  D:00F8H         PUBLIC        P7
  D:00A8H         PUBLIC        IE
  C:03FCH         PUBLIC        _Seg_Disp
  D:00B8H         PUBLIC        IP
  D:00D8H         PUBLIC        CCON
  D:0041H         PUBLIC        Seg_dula
  D:0052H         PUBLIC        Seg_wela
  D:0098H         PUBLIC        SCON
  D:0088H         PUBLIC        TCON
  D:00D0H         PUBLIC        PSW
  -------         PROC          _SEG_DISP
  D:0007H         SYMBOL        wela
  D:0004H         SYMBOL        dula
  D:0002H         SYMBOL        point
  C:03FCH         LINE#         24
  C:03FCH         LINE#         25
  C:03FCH         LINE#         26
  C:03FFH         LINE#         27
  C:0407H         LINE#         28
  C:040AH         LINE#         30
  C:0411H         LINE#         31
  C:0419H         LINE#         32
  C:041CH         LINE#         34
  C:0420H         LINE#         35
  C:042BH         LINE#         37
  C:0432H         LINE#         38
  C:043AH         LINE#         39
  C:043DH         LINE#         40
  -------         ENDPROC       _SEG_DISP
  -------         ENDMOD        SEG

  -------         MODULE        DS1302
  C:0000H         SYMBOL        _ICE_DUMMY_
  D:0090H         PUBLIC        P1
  D:00A0H         PUBLIC        P2
  D:00B0H         PUBLIC        P3
  C:05D3H         PUBLIC        _Read_Rtc
  D:00A8H         PUBLIC        IE
  D:00B8H         PUBLIC        IP
  D:0098H         PUBLIC        SCON
  D:0088H         PUBLIC        TCON
  C:04E2H         PUBLIC        _Set_Rtc
  C:04AEH         PUBLIC        _Read_Ds1302_Byte
  B:00A0H.3       PUBLIC        SDA
  B:0090H.7       PUBLIC        SCK
  C:0718H         PUBLIC        _Write_Ds1302_Byte
  D:00C8H         PUBLIC        T2CON
  C:072CH         PUBLIC        _Write_Ds1302
  B:0090H.3       PUBLIC        RST
  D:00D0H         PUBLIC        PSW
  -------         PROC          _WRITE_DS1302
  D:0007H         SYMBOL        temp
  -------         DO            
  D:0006H         SYMBOL        i
  -------         ENDDO         
  C:072CH         LINE#         9
BL51 BANKED LINKER/LOCATER V6.22                                                      03/12/2025  21:37:13  PAGE 9


  C:072CH         LINE#         10
  C:072CH         LINE#         12
  C:072EH         LINE#         13
  C:072EH         LINE#         14
  C:0730H         LINE#         15
  C:0734H         LINE#         16
  C:0738H         LINE#         17
  C:073AH         LINE#         18
  C:073EH         LINE#         19
  -------         ENDPROC       _WRITE_DS1302
  -------         PROC          _WRITE_DS1302_BYTE
  D:0007H         SYMBOL        address
  D:0005H         SYMBOL        dat
  C:0718H         LINE#         22
  C:0718H         LINE#         23
  C:0718H         LINE#         24
  C:071BH         LINE#         25
  C:071EH         LINE#         26
  C:0721H         LINE#         27
  C:0724H         LINE#         28
  C:0729H         LINE#         29
  C:072BH         LINE#         30
  -------         ENDPROC       _WRITE_DS1302_BYTE
  -------         PROC          _READ_DS1302_BYTE
  D:0007H         SYMBOL        address
  -------         DO            
  D:0007H         SYMBOL        i
  D:0005H         SYMBOL        temp
  -------         ENDDO         
  C:04AEH         LINE#         33
  C:04AEH         LINE#         34
  C:04AEH         LINE#         35
  C:04B0H         LINE#         36
  C:04B3H         LINE#         37
  C:04B6H         LINE#         38
  C:04B9H         LINE#         39
  C:04BCH         LINE#         40
  C:04BEH         LINE#         41
  C:04BEH         LINE#         42
  C:04C0H         LINE#         43
  C:04C4H         LINE#         44
  C:04C7H         LINE#         45
  C:04CAH         LINE#         46
  C:04CCH         LINE#         47
  C:04D0H         LINE#         48
  C:04D3H         LINE#         49
  C:04D6H         LINE#         50
  C:04D9H         LINE#         51
  C:04DCH         LINE#         52
  C:04DFH         LINE#         53
  C:04E1H         LINE#         54
  -------         ENDPROC       _READ_DS1302_BYTE
  -------         PROC          _SET_RTC
  D:0001H         SYMBOL        ucRtc
  C:04E2H         LINE#         56
  C:04E2H         LINE#         57
  C:04E2H         LINE#         58
BL51 BANKED LINKER/LOCATER V6.22                                                      03/12/2025  21:37:13  PAGE 10


  C:04E9H         LINE#         59
  C:04F2H         LINE#         60
  C:04FEH         LINE#         61
  C:050AH         LINE#         62
  -------         ENDPROC       _SET_RTC
  -------         PROC          _READ_RTC
  D:0001H         SYMBOL        ucRtc
  C:05D3H         LINE#         65
  C:05D3H         LINE#         66
  C:05D3H         LINE#         67
  C:05DCH         LINE#         68
  C:05E8H         LINE#         69
  -------         ENDPROC       _READ_RTC
  -------         ENDMOD        DS1302

  -------         MODULE        ONEWIRE
  C:0000H         SYMBOL        _ICE_DUMMY_
  D:0090H         PUBLIC        P1
  D:00B0H         PUBLIC        P3
  C:06A2H         PUBLIC        Read_DS18B20
  D:00A8H         PUBLIC        IE
  C:068CH         PUBLIC        _Delay_OneWire
  C:0613H         PUBLIC        _Write_DS18B20
  B:0090H.4       PUBLIC        DQ
  D:00B8H         PUBLIC        IP
  C:053DH         PUBLIC        init_ds18b20
  C:0479H         PUBLIC        rd_t
  D:0098H         PUBLIC        SCON
  D:0088H         PUBLIC        TCON
  D:00C8H         PUBLIC        T2CON
  D:00D0H         PUBLIC        PSW
  C:0688H         SYMBOL        L?0020
  -------         PROC          L?0019
  -------         ENDPROC       L?0019
  C:0688H         SYMBOL        L?0020
  -------         PROC          _DELAY_ONEWIRE
  D:0006H         SYMBOL        t
  -------         DO            
  D:0005H         SYMBOL        i
  -------         ENDDO         
  C:068CH         LINE#         7
  C:068CH         LINE#         8
  C:068CH         LINE#         10
  C:0696H         LINE#         11
  C:06A1H         LINE#         12
  C:06A1H         LINE#         13
  -------         ENDPROC       _DELAY_ONEWIRE
  -------         PROC          _WRITE_DS18B20
  D:0001H         SYMBOL        dat
  -------         DO            
  D:0003H         SYMBOL        i
  -------         ENDDO         
  C:0613H         LINE#         16
  C:0615H         LINE#         17
  C:0615H         LINE#         19
  C:0617H         LINE#         20
  C:0617H         LINE#         21
BL51 BANKED LINKER/LOCATER V6.22                                                      03/12/2025  21:37:13  PAGE 11


  C:0619H         LINE#         22
  C:061DH         LINE#         23
  C:0620H         LINE#         24
  C:0622H         LINE#         25
  C:0626H         LINE#         26
  C:062AH         LINE#         27
  -------         ENDPROC       _WRITE_DS18B20
  -------         PROC          READ_DS18B20
  -------         DO            
  D:0003H         SYMBOL        i
  D:0004H         SYMBOL        dat
  -------         ENDDO         
  C:06A2H         LINE#         31
  C:06A2H         LINE#         32
  C:06A2H         LINE#         36
  C:06A4H         LINE#         37
  C:06A4H         LINE#         38
  C:06A6H         LINE#         39
  C:06AAH         LINE#         40
  C:06ACH         LINE#         41
  C:06AFH         LINE#         42
  C:06AFH         LINE#         43
  C:06B2H         LINE#         44
  C:06B2H         LINE#         45
  C:06B5H         LINE#         46
  C:06B9H         LINE#         47
  C:06BBH         LINE#         48
  -------         ENDPROC       READ_DS18B20
  -------         PROC          INIT_DS18B20
  -------         DO            
  B:0020H.0       SYMBOL        initflag
  -------         ENDDO         
  C:053DH         LINE#         51
  C:053DH         LINE#         52
  C:053DH         LINE#         53
  C:053FH         LINE#         55
  C:0541H         LINE#         56
  C:0548H         LINE#         57
  C:054AH         LINE#         58
  C:0551H         LINE#         59
  C:0553H         LINE#         60
  C:055AH         LINE#         61
  C:055EH         LINE#         62
  C:0561H         LINE#         64
  C:0563H         LINE#         65
  -------         ENDPROC       INIT_DS18B20
  -------         PROC          RD_T
  -------         DO            
  D:0001H         SYMBOL        low
  D:0007H         SYMBOL        high
  -------         ENDDO         
  C:0479H         LINE#         67
  C:0479H         LINE#         68
  C:0479H         LINE#         70
  C:047CH         LINE#         71
  C:0481H         LINE#         72
  C:0486H         LINE#         74
BL51 BANKED LINKER/LOCATER V6.22                                                      03/12/2025  21:37:13  PAGE 12


  C:0489H         LINE#         75
  C:048EH         LINE#         76
  C:0493H         LINE#         78
  C:0498H         LINE#         79
  C:049BH         LINE#         80
  C:04ADH         LINE#         81
  -------         ENDPROC       RD_T
  -------         ENDMOD        ONEWIRE

  -------         MODULE        IIC
  C:0000H         SYMBOL        _ICE_DUMMY_
  D:0090H         PUBLIC        P1
  D:00A0H         PUBLIC        P2
  D:00B0H         PUBLIC        P3
  C:05AEH         PUBLIC        _Ad_Read
  D:00A8H         PUBLIC        IE
  C:06C0H         SYMBOL        _I2C_Delay
  C:0703H         PUBLIC        _Da_Write
  D:00B8H         PUBLIC        IP
  C:064EH         PUBLIC        I2CReceiveByte
  C:0373H         PUBLIC        _EEPROM_Read
  D:0098H         PUBLIC        SCON
  D:0088H         PUBLIC        TCON
  B:00A0H.1       PUBLIC        sda
  C:03B9H         PUBLIC        _EEPROM_Write
  B:00A0H.0       PUBLIC        scl
  C:0750H         PUBLIC        I2CStart
  C:06D6H         PUBLIC        _I2CSendAck
  C:0511H         PUBLIC        _I2CSendByte
  C:0676H         PUBLIC        I2CWaitAck
  C:076CH         PUBLIC        I2CStop
  D:00C8H         PUBLIC        T2CON
  D:00D0H         PUBLIC        PSW
  C:06BCH         SYMBOL        L?0037
  -------         PROC          L?0036
  -------         ENDPROC       L?0036
  C:06BCH         SYMBOL        L?0037
  -------         PROC          _I2C_DELAY
  D:0007H         SYMBOL        n
  C:06C0H         LINE#         11
  C:06C0H         LINE#         12
  C:06C0H         LINE#         14
  C:06C0H         LINE#         15
  C:06C5H         LINE#         16
  C:06CAH         LINE#         17
  C:06CFH         LINE#         18
  C:06CFH         LINE#         19
  C:06D5H         LINE#         20
  -------         ENDPROC       _I2C_DELAY
  -------         PROC          I2CSTART
  C:0750H         LINE#         23
  C:0750H         LINE#         24
  C:0750H         LINE#         25
  C:0752H         LINE#         26
  C:0752H         LINE#         27
  C:0755H         LINE#         28
  C:0757H         LINE#         29
BL51 BANKED LINKER/LOCATER V6.22                                                      03/12/2025  21:37:13  PAGE 13


  C:075CH         LINE#         30
  C:075EH         LINE#         31
  -------         ENDPROC       I2CSTART
  -------         PROC          I2CSTOP
  C:076CH         LINE#         34
  C:076CH         LINE#         35
  C:076CH         LINE#         36
  C:076EH         LINE#         37
  C:076EH         LINE#         38
  C:0771H         LINE#         39
  C:0773H         LINE#         40
  -------         ENDPROC       I2CSTOP
  -------         PROC          _I2CSENDBYTE
  D:0005H         SYMBOL        byt
  -------         DO            
  D:0004H         SYMBOL        i
  -------         ENDDO         
  C:0511H         LINE#         44
  C:0513H         LINE#         45
  C:0513H         LINE#         48
  C:0515H         LINE#         49
  C:0517H         LINE#         50
  C:051CH         LINE#         51
  C:0520H         LINE#         52
  C:0522H         LINE#         53
  C:0524H         LINE#         54
  C:0524H         LINE#         55
  C:0526H         LINE#         56
  C:0526H         LINE#         57
  C:052BH         LINE#         58
  C:052DH         LINE#         59
  C:0531H         LINE#         60
  C:0536H         LINE#         61
  C:053AH         LINE#         63
  C:053CH         LINE#         64
  -------         ENDPROC       _I2CSENDBYTE
  -------         PROC          I2CRECEIVEBYTE
  -------         DO            
  D:0005H         SYMBOL        da
  D:0004H         SYMBOL        i
  -------         ENDDO         
  C:064EH         LINE#         67
  C:064EH         LINE#         68
  C:064EH         LINE#         71
  C:0650H         LINE#         72
  C:0650H         LINE#         73
  C:0653H         LINE#         74
  C:0657H         LINE#         75
  C:065AH         LINE#         76
  C:065DH         LINE#         77
  C:065FH         LINE#         78
  C:0664H         LINE#         79
  C:0668H         LINE#         80
  C:066AH         LINE#         81
  -------         ENDPROC       I2CRECEIVEBYTE
  C:066BH         SYMBOL        L?0035
  -------         PROC          L?0034
BL51 BANKED LINKER/LOCATER V6.22                                                      03/12/2025  21:37:13  PAGE 14


  -------         ENDPROC       L?0034
  C:066BH         SYMBOL        L?0035
  -------         PROC          I2CWAITACK
  -------         DO            
  D:0005H         SYMBOL        ackbit
  -------         ENDDO         
  C:0676H         LINE#         84
  C:0676H         LINE#         85
  C:0676H         LINE#         88
  C:0676H         LINE#         89
  C:0679H         LINE#         90
  C:067EH         LINE#         91
  C:0680H         LINE#         92
  C:0685H         LINE#         94
  C:0687H         LINE#         95
  -------         ENDPROC       I2CWAITACK
  -------         PROC          _I2CSENDACK
  D:0007H         SYMBOL        ackbit
  C:06D6H         LINE#         98
  C:06D6H         LINE#         99
  C:06D6H         LINE#         100
  C:06D8H         LINE#         101
  C:06DDH         LINE#         102
  C:06E2H         LINE#         103
  C:06E2H         LINE#         104
  C:06E5H         LINE#         105
  C:06E7H         LINE#         106
  C:06E9H         LINE#         107
  -------         ENDPROC       _I2CSENDACK
  -------         PROC          _AD_READ
  D:0003H         SYMBOL        addr
  -------         DO            
  D:0005H         SYMBOL        temp
  -------         ENDDO         
  C:05AEH         LINE#         111
  C:05B0H         LINE#         112
  C:05B0H         LINE#         114
  C:05B3H         LINE#         115
  C:05B5H         LINE#         116
  C:05B5H         LINE#         117
  C:05B5H         LINE#         118
  C:05B8H         LINE#         120
  C:05BBH         LINE#         121
  C:05C0H         LINE#         122
  C:05C3H         LINE#         123
  C:05C8H         LINE#         124
  C:05CDH         LINE#         125
  C:05D0H         LINE#         126
  C:05D2H         LINE#         127
  -------         ENDPROC       _AD_READ
  -------         PROC          _DA_WRITE
  D:0003H         SYMBOL        dat
  C:0703H         LINE#         130
  C:0705H         LINE#         131
  C:0705H         LINE#         132
  C:0708H         LINE#         133
  C:070DH         LINE#         134
BL51 BANKED LINKER/LOCATER V6.22                                                      03/12/2025  21:37:13  PAGE 15


  C:0710H         LINE#         135
  C:0712H         LINE#         136
  C:0712H         LINE#         137
  C:0712H         LINE#         138
  C:0715H         LINE#         139
  -------         ENDPROC       _DA_WRITE
  -------         PROC          _EEPROM_WRITE
  D:000EH         SYMBOL        EEPROM
  D:0003H         SYMBOL        addr
  D:0012H         SYMBOL        num
  C:03B9H         LINE#         143
  C:03C1H         LINE#         144
  C:03C1H         LINE#         145
  C:03C4H         LINE#         146
  C:03C9H         LINE#         147
  C:03CCH         LINE#         148
  C:03D1H         LINE#         149
  C:03D3H         LINE#         151
  C:03DAH         LINE#         152
  C:03DAH         LINE#         153
  C:03EFH         LINE#         154
  C:03F4H         LINE#         155
  C:03F7H         LINE#         156
  C:03F9H         LINE#         157
  -------         ENDPROC       _EEPROM_WRITE
  -------         PROC          _EEPROM_READ
  D:0013H         SYMBOL        EEPROM
  D:0003H         SYMBOL        addr
  D:0017H         SYMBOL        num
  C:0373H         LINE#         161
  C:037BH         LINE#         162
  C:037BH         LINE#         163
  C:037EH         LINE#         164
  C:0380H         LINE#         165
  C:0380H         LINE#         166
  C:0380H         LINE#         167
  C:0383H         LINE#         168
  C:0388H         LINE#         169
  C:038BH         LINE#         171
  C:0392H         LINE#         172
  C:0392H         LINE#         173
  C:03A7H         LINE#         174
  C:03AFH         LINE#         175
  C:03B4H         LINE#         176
  C:03B6H         LINE#         177
  -------         ENDPROC       _EEPROM_READ
  -------         ENDMOD        IIC

  -------         MODULE        ?C?FPDIV
  C:0011H         PUBLIC        ?C?FPDIV
  -------         ENDMOD        ?C?FPDIV

  -------         MODULE        ?C?FCAST
  C:00B8H         PUBLIC        ?C?FCASTC
  C:00B3H         PUBLIC        ?C?FCASTI
  C:00AEH         PUBLIC        ?C?FCASTL
  -------         ENDMOD        ?C?FCAST
BL51 BANKED LINKER/LOCATER V6.22                                                      03/12/2025  21:37:13  PAGE 16



  -------         MODULE        ?C?CLDPTR
  C:0136H         PUBLIC        ?C?CLDPTR
  -------         ENDMOD        ?C?CLDPTR

  -------         MODULE        ?C?CLDOPTR
  C:014FH         PUBLIC        ?C?CLDOPTR
  -------         ENDMOD        ?C?CLDOPTR

  -------         MODULE        ?C?CSTPTR
  C:017CH         PUBLIC        ?C?CSTPTR
  -------         ENDMOD        ?C?CSTPTR

  -------         MODULE        ?C?CSTOPTR
  C:018EH         PUBLIC        ?C?CSTOPTR
  -------         ENDMOD        ?C?CSTOPTR

  -------         MODULE        ?C?LNEG
  C:01B0H         PUBLIC        ?C?LNEG
  -------         ENDMOD        ?C?LNEG

*** WARNING L16: UNCALLED SEGMENT, IGNORED FOR OVERLAY PROCESS
    SEGMENT: ?PR?_BEEP?LED

*** WARNING L16: UNCALLED SEGMENT, IGNORED FOR OVERLAY PROCESS
    SEGMENT: ?PR?_RELAY?LED

*** WARNING L16: UNCALLED SEGMENT, IGNORED FOR OVERLAY PROCESS
    SEGMENT: ?PR?_SET_RTC?DS1302

*** WARNING L16: UNCALLED SEGMENT, IGNORED FOR OVERLAY PROCESS
    SEGMENT: ?PR?_READ_RTC?DS1302

*** WARNING L16: UNCALLED SEGMENT, IGNORED FOR OVERLAY PROCESS
    SEGMENT: ?PR?RD_T?ONEWIRE

*** WARNING L16: UNCALLED SEGMENT, IGNORED FOR OVERLAY PROCESS
    SEGMENT: ?PR?_AD_READ?IIC

*** WARNING L16: UNCALLED SEGMENT, IGNORED FOR OVERLAY PROCESS
    SEGMENT: ?PR?_DA_WRITE?IIC

*** WARNING L16: UNCALLED SEGMENT, IGNORED FOR OVERLAY PROCESS
    SEGMENT: ?PR?_EEPROM_WRITE?IIC

*** WARNING L16: UNCALLED SEGMENT, IGNORED FOR OVERLAY PROCESS
    SEGMENT: ?PR?_EEPROM_READ?IIC

Program Size: data=82.1 xdata=0 code=1905
LINK/LOCATE RUN COMPLETE.  9 WARNING(S),  0 ERROR(S)
