C51 COMPILER V9.54   KEY                                                                   03/12/2025 20:40:29 PAGE 1   


C51 COMPILER V9.54, COMPILATION OF MODULE KEY
OBJECT MODULE PLACED IN .\Objects\Key.obj
COMPILER INVOKED BY: D:\Keil5\C51\BIN\C51.EXE ..\Driver\Key.c OPTIMIZE(8,SPEED) BROWSE INCDIR(..\Driver) DEBUG OBJECTEXT
                    -END PRINT(.\Listings\Key.lst) TABS(2) OBJECT(.\Objects\Key.obj)

line level    source

   1          #include <Key.h>
   2          
   3          unsigned char Key_Read()
   4          {
   5   1        unsigned char temp = 0;
   6   1        P44 = 0;P42 = 1;P35 = 1;P34 = 1;
   7   1        if(P33 = 0) temp = 4;
*** WARNING C276 IN LINE 7 OF ..\Driver\Key.c: constant in condition expression
   8   1        if(P32 = 0) temp = 5;
*** WARNING C276 IN LINE 8 OF ..\Driver\Key.c: constant in condition expression
   9   1        if(P31 = 0) temp = 6;
*** WARNING C276 IN LINE 9 OF ..\Driver\Key.c: constant in condition expression
  10   1        if(P30 = 0) temp = 7;
*** WARNING C276 IN LINE 10 OF ..\Driver\Key.c: constant in condition expression
  11   1        P44 = 1;P42 = 0;P35 = 1;P34 = 1;
  12   1        if(P33 = 0) temp = 8;
*** WARNING C276 IN LINE 12 OF ..\Driver\Key.c: constant in condition expression
  13   1        if(P32 = 0) temp = 9;
*** WARNING C276 IN LINE 13 OF ..\Driver\Key.c: constant in condition expression
  14   1        if(P31 = 0) temp = 10;
*** WARNING C276 IN LINE 14 OF ..\Driver\Key.c: constant in condition expression
  15   1        if(P30 = 0) temp = 11;
*** WARNING C276 IN LINE 15 OF ..\Driver\Key.c: constant in condition expression
  16   1        P44 = 1;P42 = 1;P35 = 0;P34 = 1;
  17   1        if(P33 = 0) temp = 12;
*** WARNING C276 IN LINE 17 OF ..\Driver\Key.c: constant in condition expression
  18   1        if(P32 = 0) temp = 13;
*** WARNING C276 IN LINE 18 OF ..\Driver\Key.c: constant in condition expression
  19   1        if(P31 = 0) temp = 14;
*** WARNING C276 IN LINE 19 OF ..\Driver\Key.c: constant in condition expression
  20   1        if(P30 = 0) temp = 15;
*** WARNING C276 IN LINE 20 OF ..\Driver\Key.c: constant in condition expression
  21   1        P44 = 1;P42 = 1;P35 = 1;P34 = 0;
  22   1        if(P33 = 0) temp = 16;
*** WARNING C276 IN LINE 22 OF ..\Driver\Key.c: constant in condition expression
  23   1        if(P32 = 0) temp = 17;
*** WARNING C276 IN LINE 23 OF ..\Driver\Key.c: constant in condition expression
  24   1        if(P31 = 0) temp = 18;
*** WARNING C276 IN LINE 24 OF ..\Driver\Key.c: constant in condition expression
  25   1        if(P30 = 0) temp = 19;
*** WARNING C276 IN LINE 25 OF ..\Driver\Key.c: constant in condition expression
  26   1        return temp;
  27   1      }


MODULE INFORMATION:   STATIC OVERLAYABLE
   CODE SIZE        =     83    ----
   CONSTANT SIZE    =   ----    ----
   XDATA SIZE       =   ----    ----
   PDATA SIZE       =   ----    ----
   DATA SIZE        =   ----    ----
   IDATA SIZE       =   ----    ----
   BIT SIZE         =   ----    ----
END OF MODULE INFORMATION.

C51 COMPILER V9.54   KEY                                                                   03/12/2025 20:40:29 PAGE 2   


C51 COMPILATION COMPLETE.  16 WARNING(S),  0 ERROR(S)
