C51 COMPILER V9.54   MAIN                                                                  03/12/2025 21:02:51 PAGE 1   


C51 COMPILER V9.54, COMPILATION OF MODULE MAIN
OBJECT MODULE PLACED IN .\Objects\main.obj
COMPILER INVOKED BY: D:\Keil5\C51\BIN\C51.EXE main.c OPTIMIZE(8,SPEED) BROWSE INCDIR(..\Driver) DEBUG OBJECTEXTEND PRINT
                    -(.\Listings\main.lst) TABS(2) OBJECT(.\Objects\main.obj)

line level    source

   1          /*头文件声明区域*/
   2          #include <STC15F2K60S2.H>
   3          #include <Init.h>
   4          #include <Key.h>
   5          #include <Seg.h>
   6          #include <Led.h>
   7          
   8          /*变量声明区域*/
   9          unsigned char Key_Slow_Down;
  10          unsigned int Seg_Slow_Down;
  11          unsigned char Key_Val,Key_Down,Key_Up,Key_Old;
  12          unsigned char Seg_Buf[8] = {10,10,10,10,10,10,10,10};
  13          unsigned char Seg_Point[8] = {0,0,0,0,0,0,0,0};
  14          unsigned char ucLed[8] = {0,0,0,0,0,0,0,0};
  15          unsigned char Seg_Pos;
  16          
  17          /*按键读取函数*/
  18          void Key_Proc()
  19          {
  20   1        if(Key_Slow_Down) return;
  21   1        Key_Slow_Down = 1;
  22   1        
  23   1        Key_Val = Key_Read();
  24   1        Key_Down = Key_Val & (Key_Val ^ Key_Old);
  25   1        Key_Up = ~Key_Val & (Key_Val ^ Key_Old);
  26   1        Key_Old = Key_Val;
  27   1        
  28   1      }
  29          
  30          /*信息处理函数*/
  31          void Seg_Proc()
  32          {
  33   1        if(Seg_Slow_Down) return;
  34   1        Seg_Slow_Down = 1;
  35   1      
  36   1      }
  37          
  38          /*其他显示函数*/
  39          void Led_Proc()
  40          {
  41   1      
  42   1      }
  43          
  44          /*定时器0初始化函数*/
  45          void Timer0Init(void)   //1毫秒@12.000MHz
  46          {
  47   1        AUXR &= 0x7F;     //定时器时钟12T模式
  48   1        TMOD &= 0xF0;     //设置定时器模式
  49   1        TL0 = 0x18;       //设置定时初始值
  50   1        TH0 = 0xFC;       //设置定时初始值
  51   1        TF0 = 0;        //清除TF0标志
  52   1        TR0 = 1;        //定时器0开始计时
  53   1        ET0 = 1;
  54   1        EA = 1;
C51 COMPILER V9.54   MAIN                                                                  03/12/2025 21:02:51 PAGE 2   

  55   1      }
  56          
  57          /*定时器0中断服务函数*/
  58          void Timer0Server() interrupt 1
  59          {
  60   1        if(++Key_Slow_Down == 10) Key_Slow_Down = 0;
  61   1        if(++Seg_Slow_Down == 500) Seg_Slow_Down = 0;
  62   1        if(++Seg_Pos == 8) Seg_Pos = 0;
  63   1        Seg_Disp(Seg_Pos,Seg_Buf[Seg_Pos],Seg_Point[Seg_Pos]);
  64   1        Led_Disp(Seg_Pos,ucLed[Seg_Pos]);
  65   1        
  66   1      }
  67          
  68          /*Main*/
  69          void main()
  70          {
  71   1        Sys_Init();
  72   1        Timer0Init();
  73   1        while(1)
  74   1        {
  75   2          Key_Proc();
  76   2          Seg_Proc();
  77   2          Led_Proc();
  78   2        }
  79   1      }


MODULE INFORMATION:   STATIC OVERLAYABLE
   CODE SIZE        =    219    ----
   CONSTANT SIZE    =   ----    ----
   XDATA SIZE       =   ----    ----
   PDATA SIZE       =   ----    ----
   DATA SIZE        =     32    ----
   IDATA SIZE       =   ----    ----
   BIT SIZE         =   ----    ----
END OF MODULE INFORMATION.


C51 COMPILATION COMPLETE.  0 WARNING(S),  0 ERROR(S)
