C51 COMPILER V9.54   IIC                                                                   04/12/2025 22:28:18 PAGE 1   


C51 COMPILER V9.54, COMPILATION OF MODULE IIC
OBJECT MODULE PLACED IN .\Objects\iic.obj
COMPILER INVOKED BY: D:\Keil5\C51\BIN\C51.EXE ..\Driver\iic.c OPTIMIZE(8,SPEED) BROWSE INCDIR(..\Driver) DEBUG OBJECTEXT
                    -END PRINT(.\Listings\iic.lst) TABS(2) OBJECT(.\Objects\iic.obj)

line level    source

   1          #include <iic.h>
   2          #include <reg52.h>
   3          #include <intrins.h>
   4          
   5          sbit sda = P2^1;
   6          sbit scl = P2^0;
   7          
   8          #define DELAY_TIME  10
   9          
  10          //
  11          static void I2C_Delay(unsigned char n)
  12          {
  13   1          do
  14   1          {
  15   2              _nop_();_nop_();_nop_();_nop_();_nop_();
  16   2              _nop_();_nop_();_nop_();_nop_();_nop_();
  17   2              _nop_();_nop_();_nop_();_nop_();_nop_();    
  18   2          }
  19   1          while(n--);       
  20   1      }
  21          
  22          //
  23          void I2CStart(void)
  24          {
  25   1          sda = 1;
  26   1          scl = 1;
  27   1        I2C_Delay(DELAY_TIME);
  28   1          sda = 0;
  29   1        I2C_Delay(DELAY_TIME);
  30   1          scl = 0;    
  31   1      }
  32          
  33          //
  34          void I2CStop(void)
  35          {
  36   1          sda = 0;
  37   1          scl = 1;
  38   1        I2C_Delay(DELAY_TIME);
  39   1          sda = 1;
  40   1        I2C_Delay(DELAY_TIME);
  41   1      }
  42          
  43          //
  44          void I2CSendByte(unsigned char byt)
  45          {
  46   1          unsigned char i;
  47   1        
  48   1          for(i=0; i<8; i++){
  49   2              scl = 0;
  50   2          I2C_Delay(DELAY_TIME);
  51   2              if(byt & 0x80){
  52   3                  sda = 1;
  53   3              }
  54   2              else{
C51 COMPILER V9.54   IIC                                                                   04/12/2025 22:28:18 PAGE 2   

  55   3                  sda = 0;
  56   3              }
  57   2          I2C_Delay(DELAY_TIME);
  58   2              scl = 1;
  59   2              byt <<= 1;
  60   2          I2C_Delay(DELAY_TIME);
  61   2          }
  62   1        
  63   1          scl = 0;  
  64   1      }
  65          
  66          //
  67          unsigned char I2CReceiveByte(void)
  68          {
  69   1        unsigned char da;
  70   1        unsigned char i;
  71   1        for(i=0;i<8;i++){   
  72   2          scl = 1;
  73   2          I2C_Delay(DELAY_TIME);
  74   2          da <<= 1;
  75   2          if(sda) 
  76   2            da |= 0x01;
  77   2          scl = 0;
  78   2          I2C_Delay(DELAY_TIME);
  79   2        }
  80   1        return da;    
  81   1      }
  82          
  83          //
  84          unsigned char I2CWaitAck(void)
  85          {
  86   1        unsigned char ackbit;
  87   1        
  88   1          scl = 1;
  89   1        I2C_Delay(DELAY_TIME);
  90   1          ackbit = sda; 
  91   1          scl = 0;
  92   1        I2C_Delay(DELAY_TIME);
  93   1        
  94   1        return ackbit;
  95   1      }
  96          
  97          //
  98          void I2CSendAck(unsigned char ackbit)
  99          {
 100   1          scl = 0;
 101   1          sda = ackbit; 
 102   1        I2C_Delay(DELAY_TIME);
 103   1          scl = 1;
 104   1        I2C_Delay(DELAY_TIME);
 105   1          scl = 0; 
 106   1        sda = 1;
 107   1        I2C_Delay(DELAY_TIME);
 108   1      }
 109          
 110          void EEPROM_Write(unsigned char* EEPROM_String,unsigned char addr,unsigned char num)
 111          {
 112   1        I2CStart();
 113   1        I2CSendByte(0xa0);
 114   1        I2CWaitAck();
 115   1        I2CSendByte(addr);
 116   1        I2CWaitAck();
C51 COMPILER V9.54   IIC                                                                   04/12/2025 22:28:18 PAGE 3   

 117   1        
 118   1        while(num--)
 119   1        {
 120   2          I2CSendByte(*EEPROM_String++);
 121   2          I2CWaitAck();
 122   2          I2C_Delay(200);
 123   2        }
 124   1        I2CStop();
 125   1        I2C_Delay(255);
 126   1        I2C_Delay(255);
 127   1        I2C_Delay(255);
 128   1        I2C_Delay(255);
 129   1      }
 130          
 131          void EEPROM_Read(unsigned char* EEPROM_String,unsigned char addr,unsigned char num)
 132          {
 133   1        I2CStart();
 134   1        I2CSendByte(0xa0);
 135   1        I2CWaitAck();
 136   1        I2CSendByte(addr);
 137   1        I2CWaitAck();
 138   1        I2CStart();
 139   1        I2CSendByte(0xa1);
 140   1        I2CWaitAck();
 141   1        
 142   1        while(num--)
 143   1        {
 144   2          *EEPROM_String++ = I2CReceiveByte();
 145   2          if(num) I2CSendAck(0);
 146   2          else I2CSendAck(1);
 147   2        }
 148   1        I2CStop();
 149   1      }


MODULE INFORMATION:   STATIC OVERLAYABLE
   CODE SIZE        =    322    ----
   CONSTANT SIZE    =   ----    ----
   XDATA SIZE       =   ----    ----
   PDATA SIZE       =   ----    ----
   DATA SIZE        =   ----      10
   IDATA SIZE       =   ----    ----
   BIT SIZE         =   ----    ----
END OF MODULE INFORMATION.


C51 COMPILATION COMPLETE.  0 WARNING(S),  0 ERROR(S)
