C51 COMPILER V9.54   MAIN                                                                  02/19/2025 20:23:03 PAGE 1   


C51 COMPILER V9.54, COMPILATION OF MODULE MAIN
OBJECT MODULE PLACED IN .\Objects\main.obj
COMPILER INVOKED BY: D:\Keil5\C51\BIN\C51.EXE main.c OPTIMIZE(8,SPEED) BROWSE INCDIR(..\Driver) DEBUG OBJECTEXTEND PRINT
                    -(.\Listings\main.lst) TABS(2) OBJECT(.\Objects\main.obj)

line level    source

   1          /*头文件声明区*/
   2          #include <STC15F2K60S2.H>
   3          #include <Key.h>
   4          #include <Seg.h>
   5          #include <Init.h>
   6          #include <Led.h>
   7          #include <ds1302.h>
   8          #include <onewire.h>
   9          #include <iic.h>
  10          
  11          /*变量声明区*/
  12          unsigned char Key_Val,Key_Down,Key_Up,Key_Old;//按键专用变量
  13          unsigned char Key_Slow_Down;//按键减速专用变量
  14          unsigned char Seg_Buf[8] = {10,10,10,10,10,10,10,10};//数码管显示数据存放数组
  15          unsigned char Seg_Point[8] = {0,0,0,0,0,0,0,0};//数码管小数点数据存放数组
  16          unsigned char Seg_Pos;//数码管扫描专用变量
  17          unsigned int Seg_Slow_Down;//数码管减速专用变量
  18          unsigned char ucLed[8] = {0,0,0,0,0,0,0,0};//Led显示数据存放数组
  19          
  20          /*按键处理函数*/
  21          void Key_Proc()
  22          {
  23   1        if(Key_Slow_Down) return;
  24   1        Key_Slow_Down = 1;//按键减速程序
  25   1        
  26   1        Key_Val = Key_Read();//实时读取键码值
  27   1        Key_Down = Key_Val & (Key_Old ^ Key_Val);//捕捉按键下降沿
  28   1        Key_Up = ~Key_Val & (Key_Old ^ Key_Val);//捕捉按键上升沿
  29   1        Key_Old = Key_Val;//辅助扫描变量
  30   1        
  31   1      }
  32          
  33          /*信息处理函数*/
  34          void Seg_Proc()
  35          {
  36   1        if(Seg_Slow_Down) return;
  37   1        Seg_Slow_Down = 1;//数码管减速程序
  38   1        
  39   1      }
  40          
  41          /*其他显示函数*/
  42          void Led_Proc()
  43          {
  44   1        
  45   1      }
  46          
  47          /*定时器0中断初始化函数*/
  48          void Timer0Init(void)   //1毫秒@12.000MHz
  49          {
  50   1        AUXR &= 0x7F;     //定时器时钟12T模式
  51   1        TMOD &= 0xF0;     //设置定时器模式
  52   1        TL0 = 0x18;       //设置定时初始值
  53   1        TH0 = 0xFC;       //设置定时初始值
  54   1        TF0 = 0;        //清除TF0标志
C51 COMPILER V9.54   MAIN                                                                  02/19/2025 20:23:03 PAGE 2   

  55   1        TR0 = 1;        //定时器0开始计时
  56   1        ET0 = 1;        //定时器0中断打开
  57   1        EA = 1;       //总中断打开
  58   1      }
  59          
  60          /*定时器0中断服务函数*/
  61          void Timer0Server() interrupt 1
  62          {
  63   1        if(++Key_Slow_Down == 10) Key_Slow_Down = 0;//按键减速专用
  64   1        if(++Seg_Slow_Down == 500) Seg_Slow_Down = 0;//数码管减速专用
  65   1        if(++Seg_Pos == 8) Seg_Pos = 0;//数码管显示专用
  66   1        Seg_Disp(Seg_Pos,Seg_Buf[Seg_Pos],Seg_Point[Seg_Pos]);
  67   1        Led_Disp(Seg_Pos,ucLed[Seg_Pos]);
  68   1      }
  69          
  70          /*Main*/
  71          void main()
  72          {
  73   1        System_Init();
  74   1        Timer0Init();
  75   1        while(1)
  76   1        {
  77   2          Key_Proc();
  78   2          Seg_Proc();
  79   2          Led_Proc();
  80   2        }
  81   1      }


MODULE INFORMATION:   STATIC OVERLAYABLE
   CODE SIZE        =    219    ----
   CONSTANT SIZE    =   ----    ----
   XDATA SIZE       =   ----    ----
   PDATA SIZE       =   ----    ----
   DATA SIZE        =     32    ----
   IDATA SIZE       =   ----    ----
   BIT SIZE         =   ----    ----
END OF MODULE INFORMATION.


C51 COMPILATION COMPLETE.  0 WARNING(S),  0 ERROR(S)
